01-10 23:20:02.799 D/TvManager_JNI( 1611): ReadCmdFromTVOS
01-10 23:20:02.799 D/TvManager_JNI( 1611): getGpioDeviceStatus
01-10 23:20:02.799 D/TvManager_JNI( 1611): getGpioDeviceStatus
01-10 23:20:02.799 D/TvManager_JNI( 1611): getGpioDeviceStatus
01-10 23:20:02.799 D/TvManager_JNI( 1611): ReadCmdFromTVOS
01-10 23:20:02.799 D/TvManager_JNI( 1611): ReadCmdFromTVOS
01-10 23:20:03.889 I/tvos    ( 1093): ruandelu_003;ret=1
01-10 23:20:03.889 I/tvos    ( 1093): AA;55;22;00;00;01;10;02;00;00;81;FF;00;00;54;20;00;00;00;00;00;C2;0C;41;00;00;00;00;ruandelu_003;ret=1
01-10 23:20:03.889 I/tvos    ( 1093): 00;00;00;00;00;00;00;00;38;03;55;AA;;./src/MSrv_UartDebug.cpp;setEnvFrMcu;1083;0;0
01-10 23:20:03.889 I/tvos    ( 1093): ;./src/MSrv_UartDebug.cpp;setEnvFrMcu;1085;bootloader=0
01-10 23:20:05.809 D/TvManager_JNI( 1611): ReadCmdFromTVOS
01-10 23:20:05.809 D/TvManager_JNI( 1611): getGpioDeviceStatus
01-10 23:20:05.809 D/TvManager_JNI( 1611): getGpioDeviceStatus
01-10 23:20:05.809 D/TvManager_JNI( 1611): getGpioDeviceStatus
01-10 23:20:05.809 D/TvManager_JNI( 1611): ReadCmdFromTVOS
01-10 23:20:05.809 D/TvManager_JNI( 1611): ReadCmdFromTVOS
01-10 23:20:05.929 I/tvos    ( 1093): ruandelu_003;ret=1
01-10 23:20:05.929 I/tvos    ( 1093): AA;55;22;00;00;01;10;02;00;00;81;FF;00;00;54;20;00;00;00;00;00;C2;0C;41;00;00;00;00;ruandelu_003;ret=1
01-10 23:20:05.929 I/tvos    ( 1093): 00;00;00;00;00;00;00;00;38;03;55;AA;;./src/MSrv_UartDebug.cpp;setEnvFrMcu;1083;0;0
01-10 23:20:05.929 I/tvos    ( 1093): ;./src/MSrv_UartDebug.cpp;setEnvFrMcu;1085;bootloader=0
01-10 23:20:07.949 I/tvos    ( 1093): ruandelu_003;ret=1
01-10 23:20:07.949 I/tvos    ( 1093): AA;55;22;00;00;01;10;02;00;00;81;FF;00;00;54;20;00;00;00;00;00;C2;0C;41;00;00;00;00;ruandelu_003;ret=1
01-10 23:20:07.949 I/tvos    ( 1093): 00;00;00;00;00;00;00;00;38;03;55;AA;;./src/MSrv_UartDebug.cpp;setEnvFrMcu;1083;0;0
01-10 23:20:07.949 I/tvos    ( 1093): ;./src/MSrv_UartDebug.cpp;setEnvFrMcu;1085;bootloader=0
01-10 23:20:08.809 D/TvManager_JNI( 1611): ReadCmdFromTVOS
01-10 23:20:08.809 D/TvManager_JNI( 1611): getGpioDeviceStatus
01-10 23:20:08.809 D/TvManager_JNI( 1611): getGpioDeviceStatus
01-10 23:20:08.809 D/TvManager_JNI( 1611): getGpioDeviceStatus
01-10 23:20:08.809 D/TvManager_JNI( 1611): ReadCmdFromTVOS
01-10 23:20:08.809 D/TvManager_JNI( 1611): ReadCmdFromTVOS
01-10 23:20:09.949 I/tvos    ( 1093): ruandelu_003;ret=1
01-10 23:20:09.949 I/tvos    ( 1093): AA;55;22;00;00;01;11;02;31;2E;36;2E;35;5F;62;64;34;34;33;31;30;00;31;31;32;32;33;33;ruandelu_003;ret=1
01-10 23:20:09.949 I/tvos    ( 1093): 34;34;35;35;36;36;00;00;B9;05;55;AA;ruandelu;./src/MSrv_UartDebug.cpp;set_mcu_ver_by_mcu;1011;1.6.5_bd44310;;;;
01-10 23:20:09.949 I/tvos    ( 1093):  ./src/MSrv_UartDebug.cpp:set_mcu_ver_by_mcu:1013;1.6.5_bd44310
01-10 23:20:09.949 I/tvos    ( 1093): ruandelu;./src/MSrv_UartDebug.cpp;set_mcu_ver_by_mcu;1022;1.6.5_bd44310;;;;
01-10 23:20:11.809 D/TvManager_JNI( 1611): ReadCmdFromTVOS
01-10 23:20:11.819 D/TvManager_JNI( 1611): getGpioDeviceStatus
01-10 23:20:11.819 D/TvManager_JNI( 1611): getGpioDeviceStatus
01-10 23:20:11.819 D/TvManager_JNI( 1611): getGpioDeviceStatus
01-10 23:20:11.819 D/TvManager_JNI( 1611): ReadCmdFromTVOS
01-10 23:20:11.819 D/TvManager_JNI( 1611): ReadCmdFromTVOS
01-10 23:20:11.989 I/tvos    ( 1093): ruandelu_003;ret=1
01-10 23:20:11.989 I/tvos    ( 1093): AA;55;22;00;00;01;10;02;00;00;81;FF;00;00;54;20;00;00;00;00;00;C2;0C;41;00;00;00;00;ruandelu_003;ret=1
01-10 23:20:11.989 I/tvos    ( 1093): 00;00;00;00;00;00;00;00;38;03;55;AA;;./src/MSrv_UartDebug.cpp;setEnvFrMcu;1083;0;0
01-10 23:20:11.989 I/tvos    ( 1093): ;./src/MSrv_UartDebug.cpp;setEnvFrMcu;1085;bootloader=0
01-10 23:20:14.009 I/tvos    ( 1093): ruandelu_003;ret=1
01-10 23:20:14.009 I/tvos    ( 1093): AA;55;22;00;00;01;10;02;00;00;81;FF;00;00;54;20;00;00;00;00;00;C2;0C;41;00;00;00;00;ruandelu_003;ret=1
01-10 23:20:14.009 I/tvos    ( 1093): 00;00;00;00;00;00;00;00;38;03;55;AA;;./src/MSrv_UartDebug.cpp;setEnvFrMcu;1083;0;0
01-10 23:20:14.009 I/tvos    ( 1093): ;./src/MSrv_UartDebug.cpp;setEnvFrMcu;1085;bootloader=0
01-10 23:20:14.819 D/TvManager_JNI( 1611): ReadCmdFromTVOS
01-10 23:20:14.819 D/TvManager_JNI( 1611): getGpioDeviceStatus
01-10 23:20:14.819 D/TvManager_JNI( 1611): getGpioDeviceStatus
01-10 23:20:14.819 D/TvManager_JNI( 1611): getGpioDeviceStatus
01-10 23:20:14.819 D/TvManager_JNI( 1611): ReadCmdFromTVOS
01-10 23:20:14.819 D/TvManager_JNI( 1611): ReadCmdFromTVOS
01-10 23:20:16.029 I/tvos    ( 1093): ruandelu_003;ret=1
01-10 23:20:16.029 I/tvos    ( 1093): AA;55;22;00;00;01;10;02;00;00;81;FF;00;00;54;20;00;00;00;00;00;C2;0C;41;00;00;00;00;ruandelu_003;ret=1
01-10 23:20:16.029 I/tvos    ( 1093): 00;00;00;00;00;00;00;00;38;03;55;AA;;./src/MSrv_UartDebug.cpp;setEnvFrMcu;1083;0;0
01-10 23:20:16.029 I/tvos    ( 1093): ;./src/MSrv_UartDebug.cpp;setEnvFrMcu;1085;bootloader=0
01-10 23:20:17.819 D/TvManager_JNI( 1611): ReadCmdFromTVOS
01-10 23:20:17.819 D/TvManager_JNI( 1611): getGpioDeviceStatus
01-10 23:20:17.819 D/TvManager_JNI( 1611): getGpioDeviceStatus
01-10 23:20:17.819 D/TvManager_JNI( 1611): getGpioDeviceStatus
01-10 23:20:17.819 D/TvManager_JNI( 1611): ReadCmdFromTVOS
01-10 23:20:17.829 D/TvManager_JNI( 1611): ReadCmdFromTVOS
01-10 23:20:18.049 I/tvos    ( 1093): ruandelu_003;ret=1
01-10 23:20:18.049 I/tvos    ( 1093): AA;55;22;00;00;01;10;02;00;00;81;FF;00;00;54;20;00;00;00;00;00;C2;0C;41;00;00;00;00;ruandelu_003;ret=1
01-10 23:20:18.049 I/tvos    ( 1093): 00;00;00;00;00;00;00;00;38;03;55;AA;;./src/MSrv_UartDebug.cpp;setEnvFrMcu;1083;0;0
01-10 23:20:18.049 I/tvos    ( 1093): ;./src/MSrv_UartDebug.cpp;setEnvFrMcu;1085;bootloader=0
01-10 23:20:20.089 I/tvos    ( 1093): ruandelu_003;ret=1
01-10 23:20:20.089 I/tvos    ( 1093): AA;55;22;00;00;01;10;02;00;00;81;FF;00;00;54;20;00;00;00;00;00;C2;0C;41;00;00;00;00;ruandelu_003;ret=1
01-10 23:20:20.089 I/tvos    ( 1093): 00;00;00;00;00;00;00;00;38;03;55;AA;;./src/MSrv_UartDebug.cpp;setEnvFrMcu;1083;0;0
01-10 23:20:20.089 I/tvos    ( 1093): ;./src/MSrv_UartDebug.cpp;setEnvFrMcu;1085;bootloader=0
01-10 23:20:20.829 D/TvManager_JNI( 1611): ReadCmdFromTVOS
01-10 23:20:20.829 D/TvManager_JNI( 1611): getGpioDeviceStatus
01-10 23:20:20.829 D/TvManager_JNI( 1611): getGpioDeviceStatus
01-10 23:20:20.829 D/TvManager_JNI( 1611): getGpioDeviceStatus
01-10 23:20:20.829 D/TvManager_JNI( 1611): ReadCmdFromTVOS
01-10 23:20:20.829 D/TvManager_JNI( 1611): ReadCmdFromTVOS
01-10 23:20:22.109 I/tvos    ( 1093): ruandelu_003;ret=1
01-10 23:20:22.109 I/tvos    ( 1093): AA;55;22;00;00;01;10;02;00;00;81;FF;00;00;54;20;00;00;00;00;00;C2;0C;41;00;00;00;00;ruandelu_003;ret=1
01-10 23:20:22.109 I/tvos    ( 1093): 00;00;00;00;00;00;00;00;38;03;55;AA;;./src/MSrv_UartDebug.cpp;setEnvFrMcu;1083;0;0
01-10 23:20:22.109 I/tvos    ( 1093): ;./src/MSrv_UartDebug.cpp;setEnvFrMcu;1085;bootloader=0
01-10 23:20:23.829 D/TvManager_JNI( 1611): ReadCmdFromTVOS
01-10 23:20:23.829 D/TvManager_JNI( 1611): getGpioDeviceStatus
01-10 23:20:23.829 D/TvManager_JNI( 1611): getGpioDeviceStatus
01-10 23:20:23.829 D/TvManager_JNI( 1611): getGpioDeviceStatus
01-10 23:20:23.829 D/TvManager_JNI( 1611): ReadCmdFromTVOS
01-10 23:20:23.829 D/TvManager_JNI( 1611): ReadCmdFromTVOS
01-10 23:20:24.129 I/tvos    ( 1093): ruandelu_003;ret=1
01-10 23:20:24.129 I/tvos    ( 1093): AA;55;22;00;00;01;10;02;00;00;81;FF;00;00;54;20;00;00;00;00;00;C2;0C;41;00;00;00;00;ruandelu_003;ret=1
01-10 23:20:24.129 I/tvos    ( 1093): 00;00;00;00;00;00;00;00;38;03;55;AA;;./src/MSrv_UartDebug.cpp;setEnvFrMcu;1083;0;0
01-10 23:20:24.129 I/tvos    ( 1093): ;./src/MSrv_UartDebug.cpp;setEnvFrMcu;1085;bootloader=0
01-10 23:20:26.149 I/tvos    ( 1093): ruandelu_003;ret=1
01-10 23:20:26.149 I/tvos    ( 1093): AA;55;22;00;00;01;11;02;31;2E;36;2E;35;5F;62;64;34;34;33;31;30;00;31;31;32;32;33;33;ruandelu_003;ret=1
01-10 23:20:26.149 I/tvos    ( 1093): 34;34;35;35;36;36;00;00;B9;05;55;AA;ruandelu;./src/MSrv_UartDebug.cpp;set_mcu_ver_by_mcu;1011;1.6.5_bd44310;;;;
01-10 23:20:26.149 I/tvos    ( 1093):  ./src/MSrv_UartDebug.cpp:set_mcu_ver_by_mcu:1013;1.6.5_bd44310
01-10 23:20:26.149 I/tvos    ( 1093): ruandelu;./src/MSrv_UartDebug.cpp;set_mcu_ver_by_mcu;1022;1.6.5_bd44310;;;;
01-10 23:20:26.839 D/TvManager_JNI( 1611): ReadCmdFromTVOS
01-10 23:20:26.839 D/TvManager_JNI( 1611): getGpioDeviceStatus
01-10 23:20:26.839 D/TvManager_JNI( 1611): getGpioDeviceStatus
01-10 23:20:26.839 D/TvManager_JNI( 1611): getGpioDeviceStatus
01-10 23:20:26.839 D/TvManager_JNI( 1611): ReadCmdFromTVOS
01-10 23:20:26.839 D/TvManager_JNI( 1611): ReadCmdFromTVOS
01-10 23:20:28.169 I/tvos    ( 1093): ruandelu_003;ret=1
01-10 23:20:28.169 I/tvos    ( 1093): AA;55;22;00;00;01;10;02;00;00;81;FF;00;00;54;20;00;00;00;00;00;C2;0C;41;00;00;00;00;ruandelu_003;ret=1
01-10 23:20:28.169 I/tvos    ( 1093): 00;00;00;00;00;00;00;00;38;03;55;AA;;./src/MSrv_UartDebug.cpp;setEnvFrMcu;1083;0;0
01-10 23:20:28.169 I/tvos    ( 1093): ;./src/MSrv_UartDebug.cpp;setEnvFrMcu;1085;bootloader=0
01-10 23:20:29.839 D/TvManager_JNI( 1611): ReadCmdFromTVOS
01-10 23:20:29.839 D/TvManager_JNI( 1611): getGpioDeviceStatus
01-10 23:20:29.839 D/TvManager_JNI( 1611): getGpioDeviceStatus
01-10 23:20:29.839 D/TvManager_JNI( 1611): getGpioDeviceStatus
01-10 23:20:29.839 D/TvManager_JNI( 1611): ReadCmdFromTVOS
01-10 23:20:29.839 D/TvManager_JNI( 1611): ReadCmdFromTVOS
01-10 23:20:30.189 I/tvos    ( 1093): ruandelu_003;ret=1
01-10 23:20:30.189 I/tvos    ( 1093): AA;55;22;00;00;01;10;02;00;00;81;FF;00;00;54;20;00;00;00;00;00;C2;0C;41;00;00;00;00;ruandelu_003;ret=1
01-10 23:20:30.189 I/tvos    ( 1093): 00;00;00;00;00;00;00;00;38;03;55;AA;;./src/MSrv_UartDebug.cpp;setEnvFrMcu;1083;0;0
01-10 23:20:30.189 I/tvos    ( 1093): ;./src/MSrv_UartDebug.cpp;setEnvFrMcu;1085;bootloader=0
01-10 23:20:32.209 I/tvos    ( 1093): ruandelu_003;ret=1
01-10 23:20:32.209 I/tvos    ( 1093): AA;55;22;00;00;01;10;02;00;00;81;FF;00;00;54;20;00;00;00;00;00;C2;0C;41;00;00;00;00;ruandelu_003;ret=1
01-10 23:20:32.209 I/tvos    ( 1093): 00;00;00;00;00;00;00;00;38;03;55;AA;;./src/MSrv_UartDebug.cpp;setEnvFrMcu;1083;0;0
01-10 23:20:32.209 I/tvos    ( 1093): ;./src/MSrv_UartDebug.cpp;setEnvFrMcu;1085;bootloader=0
01-10 23:20:32.849 D/TvManager_JNI( 1611): ReadCmdFromTVOS
01-10 23:20:32.849 D/TvManager_JNI( 1611): getGpioDeviceStatus
01-10 23:20:32.849 D/TvManager_JNI( 1611): getGpioDeviceStatus
01-10 23:20:32.849 D/TvManager_JNI( 1611): getGpioDeviceStatus
01-10 23:20:32.849 D/TvManager_JNI( 1611): ReadCmdFromTVOS
01-10 23:20:32.849 D/TvManager_JNI( 1611): ReadCmdFromTVOS
01-10 23:20:34.249 I/tvos    ( 1093): ruandelu_003;ret=1
01-10 23:20:34.249 I/tvos    ( 1093): AA;55;22;00;00;01;10;02;00;00;81;FF;00;00;54;20;00;00;00;00;00;C2;0C;41;00;00;00;00;ruandelu_003;ret=1
01-10 23:20:34.249 I/tvos    ( 1093): 00;00;00;00;00;00;00;00;38;03;55;AA;;./src/MSrv_UartDebug.cpp;setEnvFrMcu;1083;0;0
01-10 23:20:34.249 I/tvos    ( 1093): ;./src/MSrv_UartDebug.cpp;setEnvFrMcu;1085;bootloader=0
01-10 23:20:35.849 D/TvManager_JNI( 1611): ReadCmdFromTVOS
01-10 23:20:35.849 D/TvManager_JNI( 1611): getGpioDeviceStatus
01-10 23:20:35.849 D/TvManager_JNI( 1611): getGpioDeviceStatus
01-10 23:20:35.849 D/TvManager_JNI( 1611): getGpioDeviceStatus
01-10 23:20:35.849 D/TvManager_JNI( 1611): ReadCmdFromTVOS
01-10 23:20:35.849 D/TvManager_JNI( 1611): ReadCmdFromTVOS
01-10 23:20:36.269 I/tvos    ( 1093): ruandelu_003;ret=1
01-10 23:20:36.269 I/tvos    ( 1093): AA;55;22;00;00;01;10;02;00;00;81;FF;00;00;ruandelu_003;ret=1
01-10 23:20:36.269 I/tvos    ( 1093): 54;20;00;00;00;00;00;C2;0C;41;00;00;00;00;00;00;00;00;00;00;00;00;38;03;55;AA;;./src/MSrv_UartDebug.cpp;setEnvFrMcu;1083;0;0
01-10 23:20:36.269 I/tvos    ( 1093): ;./src/MSrv_UartDebug.cpp;setEnvFrMcu;1085;bootloader=0
01-10 23:20:38.289 I/tvos    ( 1093): ruandelu_003;ret=1
01-10 23:20:38.289 I/tvos    ( 1093): AA;55;22;00;00;01;10;02;00;00;81;FF;00;00;54;20;00;00;00;00;00;C2;0C;41;00;00;00;00;ruandelu_003;ret=1
01-10 23:20:38.289 I/tvos    ( 1093): 00;00;00;00;00;00;00;00;38;03;55;AA;;./src/MSrv_UartDebug.cpp;setEnvFrMcu;1083;0;0
01-10 23:20:38.289 I/tvos    ( 1093): ;./src/MSrv_UartDebug.cpp;setEnvFrMcu;1085;bootloader=0
01-10 23:20:38.319 I/tvos    ( 1093): [37m[INFO] Change to Voltage: 1270 mV (0x2B)[m
01-10 23:20:38.319 I/tvos    ( 1093): [37m[INFO] Change to Voltage: 1270 mV (0x2E)[m
01-10 23:20:38.319 I/tvos    ( 1093): [37m[INFO] Change to Voltage: 1270 mV (0x31)[m
01-10 23:20:38.319 I/tvos    ( 1093): [37m[INFO] Change to Voltage: 1270 mV (0x34)[m
01-10 23:20:38.319 I/tvos    ( 1093): [37m[INFO] Change to Voltage: 1270 mV (0x37)[m
01-10 23:20:38.319 I/tvos    ( 1093): [37m[INFO] Change to Voltage: 1270 mV (0x3A)[m
01-10 23:20:38.329 I/tvos    ( 1093): [37m[INFO] Change to Voltage: 1270 mV (0x3C)[m
01-10 23:20:38.419 I/tvos    ( 1093): [37m[ERROR] Software I2C Write Failed[m
01-10 23:20:38.559 W/SocketClient( 1083): write error (Broken pipe)
01-10 23:20:38.859 D/TvManager_JNI( 1611): ReadCmdFromTVOS
01-10 23:20:38.859 D/TvManager_JNI( 1611): getGpioDeviceStatus
01-10 23:20:38.859 D/TvManager_JNI( 1611): getGpioDeviceStatus
01-10 23:20:38.859 D/TvManager_JNI( 1611): getGpioDeviceStatus
01-10 23:20:38.859 D/TvManager_JNI( 1611): ReadCmdFromTVOS
01-10 23:20:38.859 D/TvManager_JNI( 1611): ReadCmdFromTVOS
01-10 23:20:40.309 I/tvos    ( 1093): ruandelu_003;ret=1
01-10 23:20:40.309 I/tvos    ( 1093): AA;55;22;00;00;01;10;02;00;00;81;FF;00;00;54;20;00;00;00;00;00;C2;0C;41;00;00;00;00;ruandelu_003;ret=1
01-10 23:20:40.309 I/tvos    ( 1093): 00;00;00;00;00;00;00;00;38;03;55;AA;;./src/MSrv_UartDebug.cpp;setEnvFrMcu;1083;0;0
01-10 23:20:40.309 I/tvos    ( 1093): ;./src/MSrv_UartDebug.cpp;setEnvFrMcu;1085;bootloader=0
01-10 23:20:41.479 W/SocketClient( 1083): write error (Broken pipe)
01-10 23:20:41.859 D/TvManager_JNI( 1611): ReadCmdFromTVOS
01-10 23:20:41.859 D/TvManager_JNI( 1611): getGpioDeviceStatus
01-10 23:20:41.869 D/TvManager_JNI( 1611): getGpioDeviceStatus
01-10 23:20:41.869 D/TvManager_JNI( 1611): getGpioDeviceStatus
01-10 23:20:41.869 D/TvManager_JNI( 1611): ReadCmdFromTVOS
01-10 23:20:41.869 D/TvManager_JNI( 1611): ReadCmdFromTVOS
01-10 23:20:42.119 I/tvos    ( 1093): [37m[INFO] Change to Voltage: 1170 mV (0x3C)[m
01-10 23:20:42.119 I/tvos    ( 1093): [37m[INFO] Change to Voltage: 1170 mV (0x39)[m
01-10 23:20:42.119 I/tvos    ( 1093): [37m[INFO] Change to Voltage: 1170 mV (0x36)[m
01-10 23:20:42.119 I/tvos    ( 1093): [37m[INFO] Change to Voltage: 1170 mV (0x33)[m
01-10 23:20:42.119 I/tvos    ( 1093): [37m[INFO] Change to Voltage: 1170 mV (0x32)[m
01-10 23:20:42.179 I/tvos    ( 1093): [37m[ERROR] Software I2C Write Failed[m
01-10 23:20:42.319 I/tvos    ( 1093): [37m[INFO] Change to Voltage: 1270 mV (0x32)[m
01-10 23:20:42.319 I/tvos    ( 1093): [37m[INFO] Change to Voltage: 1270 mV (0x35)[m
01-10 23:20:42.319 I/tvos    ( 1093): [37m[INFO] Change to Voltage: 1270 mV (0x38)[m
01-10 23:20:42.319 I/tvos    ( 1093): [37m[INFO] Change to Voltage: 1270 mV (0x3B)[m
01-10 23:20:42.319 I/tvos    ( 1093): [37m[INFO] Change to Voltage: 1270 mV (0x3C)[m
01-10 23:20:42.329 I/tvos    ( 1093): ruandelu_003;ret=1
01-10 23:20:42.329 I/tvos    ( 1093): AA;55;22;00;00;01;11;02;31;2E;36;2E;35;5F;62;64;34;34;33;31;30;00;31;31;32;32;33;33;ruandelu_003;ret=1
01-10 23:20:42.329 I/tvos    ( 1093): 34;34;35;35;36;36;00;00;B9;05;55;AA;ruandelu;./src/MSrv_UartDebug.cpp;set_mcu_ver_by_mcu;1011;1.6.5_bd44310;;;;
01-10 23:20:42.329 I/tvos    ( 1093):  ./src/MSrv_UartDebug.cpp:set_mcu_ver_by_mcu:1013;1.6.5_bd44310
01-10 23:20:42.329 I/tvos    ( 1093): ruandelu;./src/MSrv_UartDebug.cpp;set_mcu_ver_by_mcu;1022;1.6.5_bd44310;;;;
01-10 23:20:42.379 I/tvos    ( 1093): [37m[ERROR] Software I2C Write Failed[m
01-10 23:20:43.119 I/tvos    ( 1093): [37m[INFO] Change to Voltage: 1220 mV (0x3C)[m
01-10 23:20:43.119 I/tvos    ( 1093): [37m[INFO] Change to Voltage: 1220 mV (0x39)[m
01-10 23:20:43.119 I/tvos    ( 1093): [37m[INFO] Change to Voltage: 1220 mV (0x37)[m
01-10 23:20:43.159 I/tvos    ( 1093): [37m[ERROR] Software I2C Write Failed[m
01-10 23:20:44.349 I/tvos    ( 1093): ruandelu_003;ret=1
01-10 23:20:44.349 I/tvos    ( 1093): AA;55;22;00;00;01;10;02;00;00;81;FF;00;00;54;20;00;00;00;00;00;C2;0C;41;00;00;00;00;ruandelu_003;ret=1
01-10 23:20:44.349 I/tvos    ( 1093): 00;00;00;00;00;00;00;00;38;03;55;AA;;./src/MSrv_UartDebug.cpp;setEnvFrMcu;1083;0;0
01-10 23:20:44.349 I/tvos    ( 1093): ;./src/MSrv_UartDebug.cpp;setEnvFrMcu;1085;bootloader=0
01-10 23:20:44.729 D/AndroidRuntime( 3218): 
01-10 23:20:44.729 D/AndroidRuntime( 3218): >>>>>> AndroidRuntime START com.android.internal.os.RuntimeInit <<<<<<
01-10 23:20:44.739 D/AndroidRuntime( 3218): CheckJNI is OFF
01-10 23:20:44.769 D/dalvikvm( 3218): Trying to load lib libjavacore.so 0x0
01-10 23:20:44.769 D/dalvikvm( 3218): Added shared lib libjavacore.so 0x0
01-10 23:20:44.779 D/dalvikvm( 3218): Trying to load lib libnativehelper.so 0x0
01-10 23:20:44.779 D/dalvikvm( 3218): Added shared lib libnativehelper.so 0x0
01-10 23:20:44.779 D/dalvikvm( 3218): No JNI_OnLoad found in libnativehelper.so 0x0, skipping init
01-10 23:20:44.839 D/dalvikvm( 3218): Note: class Landroid/app/ActivityManagerNative; has 179 unimplemented (abstract) methods
01-10 23:20:44.869 D/TvManager_JNI( 1611): ReadCmdFromTVOS
01-10 23:20:44.869 D/TvManager_JNI( 1611): getGpioDeviceStatus
01-10 23:20:44.869 D/TvManager_JNI( 1611): getGpioDeviceStatus
01-10 23:20:44.869 D/TvManager_JNI( 1611): getGpioDeviceStatus
01-10 23:20:44.869 D/TvManager_JNI( 1611): ReadCmdFromTVOS
01-10 23:20:44.869 D/TvManager_JNI( 1611): ReadCmdFromTVOS
01-10 23:20:45.099 E/memtrack( 3218): Couldn't load memtrack module (No such file or directory)
01-10 23:20:45.099 E/android.os.Debug( 3218): failed to load memtrack module: -2
01-10 23:20:45.239 D/AndroidRuntime( 3218): Calling main entry com.android.commands.pm.Pm
01-10 23:20:45.319 W/ActivityManager( 1519): No content provider found for permission revoke: file:///data/local/tmp/SettingsHua.apk
01-10 23:20:45.629 W/ActivityManager( 1519): No content provider found for permission revoke: file:///data/local/tmp/SettingsHua.apk
01-10 23:20:45.629 I/PackageManager( 1519): Copying native libraries to /data/app-lib/vmdl-1630518533
01-10 23:20:45.919 D/dalvikvm( 1519): GC_FOR_ALLOC freed 1604K, 23% free 9233K/11952K, paused 54ms, total 54ms
01-10 23:20:46.139 D/dalvikvm( 1519): GC_FOR_ALLOC freed 957K, 18% free 9866K/11952K, paused 57ms, total 58ms
01-10 23:20:46.369 I/tvos    ( 1093): ruandelu_003;ret=1
01-10 23:20:46.369 I/tvos    ( 1093): AA;55;22;00;00;01;10;02;00;00;81;FF;00;00;54;20;00;00;00;00;00;C2;0C;41;00;00;00;00;ruandelu_003;ret=1
01-10 23:20:46.369 I/tvos    ( 1093): 00;00;00;00;00;00;00;00;38;03;55;AA;;./src/MSrv_UartDebug.cpp;setEnvFrMcu;1083;0;0
01-10 23:20:46.369 I/tvos    ( 1093): ;./src/MSrv_UartDebug.cpp;setEnvFrMcu;1085;bootloader=0
01-10 23:20:46.419 D/dalvikvm( 1519): GC_FOR_ALLOC freed 1520K, 19% free 10096K/12464K, paused 67ms, total 67ms
01-10 23:20:46.669 D/dalvikvm( 1519): GC_FOR_ALLOC freed 1587K, 21% free 10116K/12752K, paused 65ms, total 65ms
01-10 23:20:46.919 D/dalvikvm( 1519): GC_FOR_ALLOC freed 1624K, 21% free 10128K/12776K, paused 64ms, total 65ms
01-10 23:20:47.179 D/dalvikvm( 1519): GC_FOR_ALLOC freed 1643K, 21% free 10138K/12788K, paused 64ms, total 64ms
01-10 23:20:47.449 D/dalvikvm( 1519): GC_FOR_ALLOC freed 1665K, 21% free 10150K/12800K, paused 65ms, total 65ms
01-10 23:20:47.749 D/dalvikvm( 1519): GC_FOR_ALLOC freed 1743K, 21% free 10177K/12812K, paused 66ms, total 66ms
01-10 23:20:47.879 D/TvManager_JNI( 1611): ReadCmdFromTVOS
01-10 23:20:47.879 D/TvManager_JNI( 1611): getGpioDeviceStatus
01-10 23:20:47.879 D/TvManager_JNI( 1611): getGpioDeviceStatus
01-10 23:20:47.879 D/TvManager_JNI( 1611): getGpioDeviceStatus
01-10 23:20:47.879 D/TvManager_JNI( 1611): ReadCmdFromTVOS
01-10 23:20:47.879 D/TvManager_JNI( 1611): ReadCmdFromTVOS
01-10 23:20:48.089 D/dalvikvm( 1519): GC_FOR_ALLOC freed 1801K, 21% free 10187K/12848K, paused 67ms, total 68ms
01-10 23:20:48.409 I/tvos    ( 1093): ruandelu_003;ret=1
01-10 23:20:48.409 I/tvos    ( 1093): AA;55;22;00;00;01;10;02;00;00;81;FF;00;00;54;20;00;00;00;00;00;C2;0C;41;00;00;00;00;ruandelu_003;ret=1
01-10 23:20:48.409 I/tvos    ( 1093): 00;00;00;00;00;00;00;00;38;03;55;AA;;./src/MSrv_UartDebug.cpp;setEnvFrMcu;1083;0;0
01-10 23:20:48.409 I/tvos    ( 1093): ;./src/MSrv_UartDebug.cpp;setEnvFrMcu;1085;bootloader=0
01-10 23:20:48.479 I/ActivityManager( 1519): Force stopping com.android.settings appid=1000 user=-1: replace sys pkg
01-10 23:20:48.479 I/ActivityManager( 1519): Killing 1821:com.android.settings/1000 (adj 9): stop com.android.settings
01-10 23:20:48.559 W/PackageManager( 1519): Trying to update system app code path from /system/app/MSettings-HHT.apk to /data/app/com.android.settings-1.apk
01-10 23:20:48.619 I/PackageManager( 1519): Running dexopt on: com.android.settings
01-10 23:20:49.409 D/dalvikvm( 3228): DexOpt: couldn't find field Landroid/app/Notification;.category
01-10 23:20:49.709 D/dalvikvm( 3228): Note: class Landroid/app/ActivityManagerNative; has 179 unimplemented (abstract) methods
01-10 23:20:50.429 I/tvos    ( 1093): ruandelu_003;ret=1
01-10 23:20:50.429 I/tvos    ( 1093): AA;55;22;00;00;01;10;02;00;00;81;FF;00;00;54;20;00;00;00;00;00;C2;0C;41;00;00;00;00;ruandelu_003;ret=1
01-10 23:20:50.429 I/tvos    ( 1093): 00;00;00;00;00;00;00;00;38;03;55;AA;;./src/MSrv_UartDebug.cpp;setEnvFrMcu;1083;0;0
01-10 23:20:50.429 I/tvos    ( 1093): ;./src/MSrv_UartDebug.cpp;setEnvFrMcu;1085;bootloader=0
01-10 23:20:50.699 D/dalvikvm( 3228): DexOpt: load 253ms, verify+opt 1371ms, 3192132 bytes
01-10 23:20:50.779 I/ActivityManager( 1519): Force stopping com.android.settings appid=1000 user=-1: update pkg
01-10 23:20:50.779 W/PackageManager( 1519): Code path for pkg : com.android.settings changing from /system/app/MSettings-HHT.apk to /data/app/com.android.settings-1.apk
01-10 23:20:50.779 W/PackageManager( 1519): Resource path for pkg : com.android.settings changing from /system/app/MSettings-HHT.apk to /data/app/com.android.settings-1.apk
01-10 23:20:50.869 W/PackageManager( 1519): Unknown permission com.google.android.googleapps.permission.GOOGLE_AUTH in package com.android.settings
01-10 23:20:50.869 W/PackageManager( 1519): Unknown permission com.android.launcher.permission.READ_SETTINGS in package com.android.settings
01-10 23:20:50.869 W/PackageManager( 1519): Unknown permission com.android.launcher.permission.WRITE_SETTINGS in package com.android.settings
01-10 23:20:50.879 D/TvManager_JNI( 1611): ReadCmdFromTVOS
01-10 23:20:50.879 D/TvManager_JNI( 1611): getGpioDeviceStatus
01-10 23:20:50.879 D/TvManager_JNI( 1611): getGpioDeviceStatus
01-10 23:20:50.879 D/TvManager_JNI( 1611): getGpioDeviceStatus
01-10 23:20:50.879 D/TvManager_JNI( 1611): ReadCmdFromTVOS
01-10 23:20:50.879 D/TvManager_JNI( 1611): ReadCmdFromTVOS
01-10 23:20:50.919 I/tvos    ( 1093): [37m[INFO] No Need to Change CPU Power[m
01-10 23:20:50.929 I/tvos    ( 1093): [37m[ERROR] Software I2C Write Failed[m
01-10 23:20:50.939 I/ActivityManager( 1519): Force stopping com.android.settings appid=1000 user=0: pkg removed
01-10 23:20:50.979 D/dalvikvm( 1779): GC_EXPLICIT freed 1916K, 16% free 20292K/24064K, paused 2ms+6ms, total 42ms
01-10 23:20:51.019 I/InputReader( 1519): Reconfiguring input devices.  changes=0x00000010
01-10 23:20:51.069 D/BackupManagerService( 1519): Received broadcast Intent { act=android.intent.action.PACKAGE_REMOVED dat=package:com.android.settings flg=0x4000010 (has extras) }
01-10 23:20:51.119 I/tvos    ( 1093): [37m[INFO] Change to Voltage: 1270 mV (0x37)[m
01-10 23:20:51.119 I/tvos    ( 1093): [37m[INFO] Change to Voltage: 1270 mV (0x3A)[m
01-10 23:20:51.119 I/tvos    ( 1093): [37m[INFO] Change to Voltage: 1270 mV (0x3C)[m
01-10 23:20:51.129 I/tvos    ( 1093): [37m[ERROR] Software I2C Write Failed[m
01-10 23:20:51.249 W/ContextImpl( 2404): Calling a method in the system process without a qualified user: android.app.ContextImpl.startService:1487 android.content.ContextWrapper.startService:494 android.content.ContextWrapper.startService:494 com.android.keychain.KeyChainBroadcastReceiver.onReceive:12 android.app.ActivityThread.handleReceiver:2407 
01-10 23:20:51.259 I/ActivityManager( 1519): Delay finish: com.android.keychain/.KeyChainBroadcastReceiver
01-10 23:20:51.439 D/gralloc ( 1085): allocate buffer from ION HEAP 0x1
01-10 23:20:51.439 D/gralloc ( 1085): allocate memory from system heap
01-10 23:20:51.549 I/ActivityManager( 1519): Resuming delayed broadcast
01-10 23:20:51.569 I/InputReader( 1519): Reconfiguring input devices.  changes=0x00000010
01-10 23:20:51.599 D/BackupManagerService( 1519): Received broadcast Intent { act=android.intent.action.PACKAGE_ADDED dat=package:com.android.settings flg=0x4000010 (has extras) }
01-10 23:20:51.599 V/BackupManagerService( 1519): removePackageParticipantsLocked: uid=1000 #1
01-10 23:20:51.609 V/BackupManagerService( 1519): addPackageParticipantsLocked: #1
01-10 23:20:51.879 I/InputReader( 1519): Reconfiguring input devices.  changes=0x00000010
01-10 23:20:52.119 D/dalvikvm( 2248): GC_FOR_ALLOC freed 475K, 32% free 2931K/4248K, paused 18ms, total 27ms
01-10 23:20:52.229 W/RecognitionManagerService( 1519): no available voice recognition services found for user 0
01-10 23:20:52.289 D/dalvikvm( 1519): GC_EXPLICIT freed 1366K, 21% free 10219K/12848K, paused 21ms+24ms, total 208ms
01-10 23:20:52.299 D/AndroidRuntime( 3218): Shutting down VM
01-10 23:20:52.309 D/dalvikvm( 3218): GC_CONCURRENT freed 97K, 15% free 585K/688K, paused 0ms+0ms, total 4ms
01-10 23:20:52.449 I/tvos    ( 1093): ruandelu_003;ret=1
01-10 23:20:52.449 I/tvos    ( 1093): AA;55;22;00;00;01;10;02;00;00;81;FF;00;00;54;20;00;00;00;00;00;C2;0C;41;00;00;00;00;ruandelu_003;ret=1
01-10 23:20:52.449 I/tvos    ( 1093): 00;00;00;00;00;00;00;00;38;03;55;AA;;./src/MSrv_UartDebug.cpp;setEnvFrMcu;1083;0;0
01-10 23:20:52.449 I/tvos    ( 1093): ;./src/MSrv_UartDebug.cpp;setEnvFrMcu;1085;bootloader=0
01-10 23:20:52.519 I/tvos    ( 1093): [37m[INFO] Change to Voltage: 1100 mV (0x3C)[m
01-10 23:20:52.519 I/tvos    ( 1093): [37m[INFO] Change to Voltage: 1100 mV (0x39)[m
01-10 23:20:52.519 I/tvos    ( 1093): [37m[INFO] Change to Voltage: 1100 mV (0x36)[m
01-10 23:20:52.519 I/tvos    ( 1093): [37m[INFO] Change to Voltage: 1100 mV (0x33)[m
01-10 23:20:52.519 I/tvos    ( 1093): [37m[INFO] Change to Voltage: 1100 mV (0x30)[m
01-10 23:20:52.519 I/tvos    ( 1093): [37m[INFO] Change to Voltage: 1100 mV (0x2D)[m
01-10 23:20:52.529 I/tvos    ( 1093): [37m[INFO] Change to Voltage: 1100 mV (0x2B)[m
01-10 23:20:52.549 I/tvos    ( 1093): [37m[ERROR] Software I2C Write Failed[m
01-10 23:20:52.919 I/tvos    ( 1093): [37m[INFO] Change to Voltage: 1270 mV (0x2B)[m
01-10 23:20:52.919 I/tvos    ( 1093): [37m[INFO] Change to Voltage: 1270 mV (0x2E)[m
01-10 23:20:52.919 I/tvos    ( 1093): [37m[INFO] Change to Voltage: 1270 mV (0x31)[m
01-10 23:20:52.919 I/tvos    ( 1093): [37m[INFO] Change to Voltage: 1270 mV (0x34)[m
01-10 23:20:52.919 I/tvos    ( 1093): [37m[INFO] Change to Voltage: 1270 mV (0x37)[m
01-10 23:20:52.929 I/tvos    ( 1093): [37m[INFO] Change to Voltage: 1270 mV (0x3A)[m
01-10 23:20:52.929 I/tvos    ( 1093): [37m[INFO] Change to Voltage: 1270 mV (0x3C)[m
01-10 23:20:52.959 I/tvos    ( 1093): [37m[ERROR] Software I2C Write Failed[m
01-10 23:20:53.889 D/TvManager_JNI( 1611): ReadCmdFromTVOS
01-10 23:20:53.889 D/TvManager_JNI( 1611): getGpioDeviceStatus
01-10 23:20:53.889 D/TvManager_JNI( 1611): getGpioDeviceStatus
01-10 23:20:53.889 D/TvManager_JNI( 1611): getGpioDeviceStatus
01-10 23:20:53.889 D/TvManager_JNI( 1611): ReadCmdFromTVOS
01-10 23:20:53.889 D/TvManager_JNI( 1611): ReadCmdFromTVOS
01-10 23:20:53.919 I/tvos    ( 1093): [37m[INFO] Change to Voltage: 1100 mV (0x3C)[m
01-10 23:20:53.919 I/tvos    ( 1093): [37m[INFO] Change to Voltage: 1100 mV (0x39)[m
01-10 23:20:53.919 I/tvos    ( 1093): [37m[INFO] Change to Voltage: 1100 mV (0x36)[m
01-10 23:20:53.919 I/tvos    ( 1093): [37m[INFO] Change to Voltage: 1100 mV (0x33)[m
01-10 23:20:53.919 I/tvos    ( 1093): [37m[INFO] Change to Voltage: 1100 mV (0x30)[m
01-10 23:20:53.919 I/tvos    ( 1093): [37m[INFO] Change to Voltage: 1100 mV (0x2D)[m
01-10 23:20:53.929 I/tvos    ( 1093): [37m[INFO] Change to Voltage: 1100 mV (0x2B)[m
01-10 23:20:53.939 I/tvos    ( 1093): [37m[ERROR] Software I2C Write Failed[m
01-10 23:20:54.469 I/tvos    ( 1093): ruandelu_003;ret=1
01-10 23:20:54.469 I/tvos    ( 1093): AA;55;22;00;00;01;10;02;00;00;81;FF;00;00;54;20;00;00;00;00;00;C2;0C;41;00;00;00;00;ruandelu_003;ret=1
01-10 23:20:54.469 I/tvos    ( 1093): 00;00;00;00;00;00;00;00;38;03;55;AA;;./src/MSrv_UartDebug.cpp;setEnvFrMcu;1083;0;0
01-10 23:20:54.469 I/tvos    ( 1093): ;./src/MSrv_UartDebug.cpp;setEnvFrMcu;1085;bootloader=0
01-10 23:20:56.509 I/tvos    ( 1093): ruandelu_003;ret=1
01-10 23:20:56.509 I/tvos    ( 1093): AA;55;22;00;00;01;10;02;00;00;81;FF;00;00;54;20;00;00;00;00;00;C2;0C;41;00;00;00;00;ruandelu_003;ret=1
01-10 23:20:56.509 I/tvos    ( 1093): 00;00;00;00;00;00;00;00;38;03;55;AA;;./src/MSrv_UartDebug.cpp;setEnvFrMcu;1083;0;0
01-10 23:20:56.509 I/tvos    ( 1093): ;./src/MSrv_UartDebug.cpp;setEnvFrMcu;1085;bootloader=0
01-10 23:20:56.889 D/TvManager_JNI( 1611): ReadCmdFromTVOS
01-10 23:20:56.889 D/TvManager_JNI( 1611): getGpioDeviceStatus
01-10 23:20:56.889 D/TvManager_JNI( 1611): getGpioDeviceStatus
01-10 23:20:56.889 D/TvManager_JNI( 1611): getGpioDeviceStatus
01-10 23:20:56.899 D/TvManager_JNI( 1611): ReadCmdFromTVOS
01-10 23:20:56.899 D/TvManager_JNI( 1611): ReadCmdFromTVOS
01-10 23:20:58.509 I/tvos    ( 1093): ruandelu_003;ret=1
01-10 23:20:58.509 I/tvos    ( 1093): AA;55;22;00;00;01;11;02;31;2E;36;2E;35;5F;62;64;34;34;33;31;30;00;31;31;32;32;33;33;ruandelu_003;ret=1
01-10 23:20:58.509 I/tvos    ( 1093): 34;34;35;35;36;36;00;00;B9;05;55;AA;ruandelu;./src/MSrv_UartDebug.cpp;set_mcu_ver_by_mcu;1011;1.6.5_bd44310;;;;
01-10 23:20:58.509 I/tvos    ( 1093):  ./src/MSrv_UartDebug.cpp:set_mcu_ver_by_mcu:1013;1.6.5_bd44310
01-10 23:20:58.519 I/tvos    ( 1093): ruandelu;./src/MSrv_UartDebug.cpp;set_mcu_ver_by_mcu;1022;1.6.5_bd44310;;;;
01-10 23:20:59.899 D/TvManager_JNI( 1611): ReadCmdFromTVOS
01-10 23:20:59.899 D/TvManager_JNI( 1611): getGpioDeviceStatus
01-10 23:20:59.899 D/TvManager_JNI( 1611): getGpioDeviceStatus
01-10 23:20:59.899 D/TvManager_JNI( 1611): getGpioDeviceStatus
01-10 23:20:59.909 D/TvManager_JNI( 1611): ReadCmdFromTVOS
01-10 23:20:59.909 D/TvManager_JNI( 1611): ReadCmdFromTVOS
01-10 23:21:00.019 E/receiver( 1779): intentandroid.intent.action.TIME_TICK
01-10 23:21:00.039 D/gralloc ( 1085): allocate buffer from ION HEAP 0x1
01-10 23:21:00.039 D/gralloc ( 1085): allocate memory from system heap
01-10 23:21:00.529 I/tvos    ( 1093): ruandelu_003;ret=1
01-10 23:21:00.529 I/tvos    ( 1093): AA;55;22;00;00;01;10;02;00;00;81;FF;00;00;54;20;00;00;00;00;00;C2;0C;41;00;00;00;00;ruandelu_003;ret=1
01-10 23:21:00.529 I/tvos    ( 1093): 00;00;00;00;00;00;00;00;38;03;55;AA;;./src/MSrv_UartDebug.cpp;setEnvFrMcu;1083;0;0
01-10 23:21:00.529 I/tvos    ( 1093): ;./src/MSrv_UartDebug.cpp;setEnvFrMcu;1085;bootloader=0
01-10 23:21:02.569 I/tvos    ( 1093): ruandelu_003;ret=1
01-10 23:21:02.569 I/tvos    ( 1093): AA;55;22;00;00;01;10;02;00;00;81;FF;00;00;54;20;00;00;00;00;00;C2;0C;41;00;00;00;00;ruandelu_003;ret=1
01-10 23:21:02.569 I/tvos    ( 1093): 00;00;00;00;00;00;00;00;38;03;55;AA;;./src/MSrv_UartDebug.cpp;setEnvFrMcu;1083;0;0
01-10 23:21:02.569 I/tvos    ( 1093): ;./src/MSrv_UartDebug.cpp;setEnvFrMcu;1085;bootloader=0
01-10 23:21:02.909 D/TvManager_JNI( 1611): ReadCmdFromTVOS
01-10 23:21:02.909 D/TvManager_JNI( 1611): getGpioDeviceStatus
01-10 23:21:02.909 D/TvManager_JNI( 1611): getGpioDeviceStatus
01-10 23:21:02.919 D/TvManager_JNI( 1611): getGpioDeviceStatus
01-10 23:21:02.919 D/TvManager_JNI( 1611): ReadCmdFromTVOS
01-10 23:21:02.919 D/TvManager_JNI( 1611): ReadCmdFromTVOS
01-10 23:21:04.589 I/tvos    ( 1093): ruandelu_003;ret=1
01-10 23:21:04.589 I/tvos    ( 1093): AA;55;22;00;00;01;10;02;00;00;81;FF;00;00;54;20;00;00;00;00;00;C2;0C;41;00;00;00;00;ruandelu_003;ret=1
01-10 23:21:04.589 I/tvos    ( 1093): 00;00;00;00;00;00;00;00;38;03;55;AA;;./src/MSrv_UartDebug.cpp;setEnvFrMcu;1083;0;0
01-10 23:21:04.589 I/tvos    ( 1093): ;./src/MSrv_UartDebug.cpp;setEnvFrMcu;1085;bootloader=0
01-10 23:21:05.919 D/TvManager_JNI( 1611): ReadCmdFromTVOS
01-10 23:21:05.919 D/TvManager_JNI( 1611): getGpioDeviceStatus
01-10 23:21:05.919 D/TvManager_JNI( 1611): getGpioDeviceStatus
01-10 23:21:05.929 D/TvManager_JNI( 1611): getGpioDeviceStatus
01-10 23:21:05.929 D/TvManager_JNI( 1611): ReadCmdFromTVOS
01-10 23:21:05.929 D/TvManager_JNI( 1611): ReadCmdFromTVOS
01-10 23:21:06.609 I/tvos    ( 1093): ruandelu_003;ret=1
01-10 23:21:06.609 I/tvos    ( 1093): AA;55;22;00;00;01;10;02;00;00;81;FF;00;00;54;20;00;00;00;00;00;C2;0C;41;00;00;00;00;ruandelu_003;ret=1
01-10 23:21:06.609 I/tvos    ( 1093): 00;00;00;00;00;00;00;00;38;03;55;AA;;./src/MSrv_UartDebug.cpp;setEnvFrMcu;1083;0;0
01-10 23:21:06.609 I/tvos    ( 1093): ;./src/MSrv_UartDebug.cpp;setEnvFrMcu;1085;bootloader=0
01-10 23:21:08.629 I/tvos    ( 1093): ruandelu_003;ret=1
01-10 23:21:08.629 I/tvos    ( 1093): AA;55;22;00;00;01;10;02;00;00;81;FF;00;00;54;20;00;00;00;00;00;C2;0C;41;00;00;00;00;ruandelu_003;ret=1
01-10 23:21:08.629 I/tvos    ( 1093): 00;00;00;00;00;00;00;00;38;03;55;AA;;./src/MSrv_UartDebug.cpp;setEnvFrMcu;1083;0;0
01-10 23:21:08.629 I/tvos    ( 1093): ;./src/MSrv_UartDebug.cpp;setEnvFrMcu;1085;bootloader=0
01-10 23:21:08.929 D/TvManager_JNI( 1611): ReadCmdFromTVOS
01-10 23:21:08.929 D/TvManager_JNI( 1611): getGpioDeviceStatus
01-10 23:21:08.939 D/TvManager_JNI( 1611): getGpioDeviceStatus
01-10 23:21:08.939 D/TvManager_JNI( 1611): getGpioDeviceStatus
01-10 23:21:08.939 D/TvManager_JNI( 1611): ReadCmdFromTVOS
01-10 23:21:08.939 D/TvManager_JNI( 1611): ReadCmdFromTVOS
01-10 23:21:10.669 I/tvos    ( 1093): ruandelu_003;ret=1
01-10 23:21:10.669 I/tvos    ( 1093): AA;55;22;00;00;01;10;02;00;00;81;FF;00;00;54;20;00;00;00;00;00;C2;0C;41;00;00;00;00;ruandelu_003;ret=1
01-10 23:21:10.669 I/tvos    ( 1093): 00;00;00;00;00;00;00;00;38;03;55;AA;;./src/MSrv_UartDebug.cpp;setEnvFrMcu;1083;0;0
01-10 23:21:10.669 I/tvos    ( 1093): ;./src/MSrv_UartDebug.cpp;setEnvFrMcu;1085;bootloader=0
01-10 23:21:11.939 D/TvManager_JNI( 1611): ReadCmdFromTVOS
01-10 23:21:11.939 D/TvManager_JNI( 1611): getGpioDeviceStatus
01-10 23:21:11.939 D/TvManager_JNI( 1611): getGpioDeviceStatus
01-10 23:21:11.949 D/TvManager_JNI( 1611): getGpioDeviceStatus
01-10 23:21:11.949 D/TvManager_JNI( 1611): ReadCmdFromTVOS
01-10 23:21:11.949 D/TvManager_JNI( 1611): ReadCmdFromTVOS
01-10 23:21:12.689 I/tvos    ( 1093): ruandelu_003;ret=1
01-10 23:21:12.689 I/tvos    ( 1093): AA;55;22;00;00;01;10;02;00;00;81;FF;00;00;54;20;00;00;00;00;00;C2;0C;41;00;00;00;00;ruandelu_003;ret=1
01-10 23:21:12.689 I/tvos    ( 1093): 00;00;00;00;00;00;00;00;38;03;55;AA;;./src/MSrv_UartDebug.cpp;setEnvFrMcu;1083;0;0
01-10 23:21:12.689 I/tvos    ( 1093): ;./src/MSrv_UartDebug.cpp;setEnvFrMcu;1085;bootloader=0
01-10 23:21:14.689 I/tvos    ( 1093): ruandelu_003;ret=1
01-10 23:21:14.689 I/tvos    ( 1093): AA;55;22;00;00;01;11;02;31;2E;36;2E;35;5F;62;64;34;34;33;31;30;00;31;31;32;32;33;33;ruandelu_003;ret=1
01-10 23:21:14.689 I/tvos    ( 1093): 34;34;35;35;36;36;00;00;B9;05;55;AA;ruandelu;./src/MSrv_UartDebug.cpp;set_mcu_ver_by_mcu;1011;1.6.5_bd44310;;;;
01-10 23:21:14.689 I/tvos    ( 1093):  ./src/MSrv_UartDebug.cpp:set_mcu_ver_by_mcu:1013;1.6.5_bd44310
01-10 23:21:14.699 I/tvos    ( 1093): ruandelu;./src/MSrv_UartDebug.cpp;set_mcu_ver_by_mcu;1022;1.6.5_bd44310;;;;
01-10 23:21:14.949 D/TvManager_JNI( 1611): ReadCmdFromTVOS
01-10 23:21:14.949 D/TvManager_JNI( 1611): getGpioDeviceStatus
01-10 23:21:14.949 D/TvManager_JNI( 1611): getGpioDeviceStatus
01-10 23:21:14.959 D/TvManager_JNI( 1611): getGpioDeviceStatus
01-10 23:21:14.959 D/TvManager_JNI( 1611): ReadCmdFromTVOS
01-10 23:21:14.959 D/TvManager_JNI( 1611): ReadCmdFromTVOS
01-10 23:21:16.729 I/tvos    ( 1093): ruandelu_003;ret=1
01-10 23:21:16.729 I/tvos    ( 1093): AA;55;22;00;00;01;10;02;00;00;81;FF;00;00;54;20;00;00;00;00;00;C2;0C;41;00;00;00;00;ruandelu_003;ret=1
01-10 23:21:16.729 I/tvos    ( 1093): 00;00;00;00;00;00;00;00;38;03;55;AA;;./src/MSrv_UartDebug.cpp;setEnvFrMcu;1083;0;0
01-10 23:21:16.729 I/tvos    ( 1093): ;./src/MSrv_UartDebug.cpp;setEnvFrMcu;1085;bootloader=0
01-10 23:21:17.959 D/TvManager_JNI( 1611): ReadCmdFromTVOS
01-10 23:21:17.959 D/TvManager_JNI( 1611): getGpioDeviceStatus
01-10 23:21:17.959 D/TvManager_JNI( 1611): getGpioDeviceStatus
01-10 23:21:17.959 D/TvManager_JNI( 1611): getGpioDeviceStatus
01-10 23:21:17.959 D/TvManager_JNI( 1611): ReadCmdFromTVOS
01-10 23:21:17.969 D/TvManager_JNI( 1611): ReadCmdFromTVOS
01-10 23:21:18.749 I/tvos    ( 1093): ruandelu_003;ret=1
01-10 23:21:18.749 I/tvos    ( 1093): AA;55;22;00;00;01;10;02;00;00;81;FF;00;00;54;20;00;00;00;00;00;C2;0C;41;00;00;00;00;ruandelu_003;ret=1
01-10 23:21:18.749 I/tvos    ( 1093): 00;00;00;00;00;00;00;00;38;03;55;AA;;./src/MSrv_UartDebug.cpp;setEnvFrMcu;1083;0;0
01-10 23:21:18.749 I/tvos    ( 1093): ;./src/MSrv_UartDebug.cpp;setEnvFrMcu;1085;bootloader=0
01-10 23:21:20.769 I/tvos    ( 1093): ruandelu_003;ret=1
01-10 23:21:20.769 I/tvos    ( 1093): AA;55;22;00;00;01;10;02;00;00;81;FF;00;00;54;20;00;00;00;00;00;C2;0C;41;00;00;00;00;ruandelu_003;ret=1
01-10 23:21:20.769 I/tvos    ( 1093): 00;00;00;00;00;00;00;00;38;03;55;AA;;./src/MSrv_UartDebug.cpp;setEnvFrMcu;1083;0;0
01-10 23:21:20.769 I/tvos    ( 1093): ;./src/MSrv_UartDebug.cpp;setEnvFrMcu;1085;bootloader=0
01-10 23:21:20.969 D/TvManager_JNI( 1611): ReadCmdFromTVOS
01-10 23:21:20.969 D/TvManager_JNI( 1611): getGpioDeviceStatus
01-10 23:21:20.969 D/TvManager_JNI( 1611): getGpioDeviceStatus
01-10 23:21:20.969 D/TvManager_JNI( 1611): getGpioDeviceStatus
01-10 23:21:20.969 D/TvManager_JNI( 1611): ReadCmdFromTVOS
01-10 23:21:20.979 D/TvManager_JNI( 1611): ReadCmdFromTVOS
01-10 23:21:22.789 I/tvos    ( 1093): ruandelu_003;ret=1
01-10 23:21:22.789 I/tvos    ( 1093): AA;55;22;00;00;01;10;02;00;00;81;FF;00;00;54;20;00;00;00;00;00;C2;0C;41;00;00;00;00;ruandelu_003;ret=1
01-10 23:21:22.789 I/tvos    ( 1093): 00;00;00;00;00;00;00;00;38;03;55;AA;;./src/MSrv_UartDebug.cpp;setEnvFrMcu;1083;0;0
01-10 23:21:22.789 I/tvos    ( 1093): ;./src/MSrv_UartDebug.cpp;setEnvFrMcu;1085;bootloader=0
01-10 23:21:23.979 D/TvManager_JNI( 1611): ReadCmdFromTVOS
01-10 23:21:23.979 D/TvManager_JNI( 1611): getGpioDeviceStatus
01-10 23:21:23.979 D/TvManager_JNI( 1611): getGpioDeviceStatus
01-10 23:21:23.979 D/TvManager_JNI( 1611): getGpioDeviceStatus
01-10 23:21:23.979 D/TvManager_JNI( 1611): ReadCmdFromTVOS
01-10 23:21:23.989 D/TvManager_JNI( 1611): ReadCmdFromTVOS
01-10 23:21:24.829 I/tvos    ( 1093): ruandelu_003;ret=1
01-10 23:21:24.829 I/tvos    ( 1093): AA;55;22;00;00;01;10;02;00;00;81;FF;00;00;54;20;00;00;00;00;00;C2;0C;41;00;00;00;00;ruandelu_003;ret=1
01-10 23:21:24.829 I/tvos    ( 1093): 00;00;00;00;00;00;00;00;38;03;55;AA;;./src/MSrv_UartDebug.cpp;setEnvFrMcu;1083;0;0
01-10 23:21:24.829 I/tvos    ( 1093): ;./src/MSrv_UartDebug.cpp;setEnvFrMcu;1085;bootloader=0
01-10 23:21:26.849 I/tvos    ( 1093): ruandelu_003;ret=1
01-10 23:21:26.849 I/tvos    ( 1093): AA;55;22;00;00;01;10;02;00;00;81;FF;00;00;54;20;00;00;00;00;00;C2;0C;41;00;00;00;00;ruandelu_003;ret=1
01-10 23:21:26.849 I/tvos    ( 1093): 00;00;00;00;00;00;00;00;38;03;55;AA;;./src/MSrv_UartDebug.cpp;setEnvFrMcu;1083;0;0
01-10 23:21:26.849 I/tvos    ( 1093): ;./src/MSrv_UartDebug.cpp;setEnvFrMcu;1085;bootloader=0
01-10 23:21:26.989 D/TvManager_JNI( 1611): ReadCmdFromTVOS
01-10 23:21:26.989 D/TvManager_JNI( 1611): getGpioDeviceStatus
01-10 23:21:26.989 D/TvManager_JNI( 1611): getGpioDeviceStatus
01-10 23:21:26.989 D/TvManager_JNI( 1611): getGpioDeviceStatus
01-10 23:21:26.989 D/TvManager_JNI( 1611): ReadCmdFromTVOS
01-10 23:21:26.989 D/TvManager_JNI( 1611): ReadCmdFromTVOS
01-10 23:21:28.869 I/tvos    ( 1093): ruandelu_003;ret=1
01-10 23:21:28.869 I/tvos    ( 1093): AA;55;22;00;00;01;10;02;00;00;81;FF;00;00;54;20;00;00;00;00;00;C2;0C;41;00;00;00;00;ruandelu_003;ret=1
01-10 23:21:28.869 I/tvos    ( 1093): 00;00;00;00;00;00;00;00;38;03;55;AA;;./src/MSrv_UartDebug.cpp;setEnvFrMcu;1083;0;0
01-10 23:21:28.869 I/tvos    ( 1093): ;./src/MSrv_UartDebug.cpp;setEnvFrMcu;1085;bootloader=0
01-10 23:21:29.999 D/TvManager_JNI( 1611): ReadCmdFromTVOS
01-10 23:21:29.999 D/TvManager_JNI( 1611): getGpioDeviceStatus
01-10 23:21:29.999 D/TvManager_JNI( 1611): getGpioDeviceStatus
01-10 23:21:29.999 D/TvManager_JNI( 1611): getGpioDeviceStatus
01-10 23:21:29.999 D/TvManager_JNI( 1611): ReadCmdFromTVOS
01-10 23:21:29.999 D/TvManager_JNI( 1611): ReadCmdFromTVOS
01-10 23:21:30.889 I/tvos    ( 1093): ruandelu_003;ret=1
01-10 23:21:30.889 I/tvos    ( 1093): AA;55;22;00;00;01;11;02;31;2E;36;2E;35;5F;62;64;34;34;33;31;30;00;31;31;32;32;33;33;ruandelu_003;ret=1
01-10 23:21:30.889 I/tvos    ( 1093): 34;34;35;35;36;36;00;00;B9;05;55;AA;ruandelu;./src/MSrv_UartDebug.cpp;set_mcu_ver_by_mcu;1011;1.6.5_bd44310;;;;
01-10 23:21:30.889 I/tvos    ( 1093):  ./src/MSrv_UartDebug.cpp:set_mcu_ver_by_mcu:1013;1.6.5_bd44310
01-10 23:21:30.889 I/tvos    ( 1093): ruandelu;./src/MSrv_UartDebug.cpp;set_mcu_ver_by_mcu;1022;1.6.5_bd44310;;;;
01-10 23:21:32.909 I/tvos    ( 1093): ruandelu_003;ret=1
01-10 23:21:32.909 I/tvos    ( 1093): AA;55;22;00;00;01;10;02;00;00;81;FF;00;00;54;20;00;00;00;00;00;C2;0C;41;00;00;00;00;ruandelu_003;ret=1
01-10 23:21:32.909 I/tvos    ( 1093): 00;00;00;00;00;00;00;00;38;03;55;AA;;./src/MSrv_UartDebug.cpp;setEnvFrMcu;1083;0;0
01-10 23:21:32.909 I/tvos    ( 1093): ;./src/MSrv_UartDebug.cpp;setEnvFrMcu;1085;bootloader=0
01-10 23:21:33.009 D/TvManager_JNI( 1611): ReadCmdFromTVOS
01-10 23:21:33.009 D/TvManager_JNI( 1611): getGpioDeviceStatus
01-10 23:21:33.009 D/TvManager_JNI( 1611): getGpioDeviceStatus
01-10 23:21:33.009 D/TvManager_JNI( 1611): getGpioDeviceStatus
01-10 23:21:33.009 D/TvManager_JNI( 1611): ReadCmdFromTVOS
01-10 23:21:33.009 D/TvManager_JNI( 1611): ReadCmdFromTVOS
01-10 23:21:34.929 I/tvos    ( 1093): ruandelu_003;ret=1
01-10 23:21:34.929 I/tvos    ( 1093): AA;55;22;00;00;01;10;02;00;00;81;FF;00;00;54;20;00;00;00;00;00;C2;0C;41;00;00;00;00;ruandelu_003;ret=1
01-10 23:21:34.929 I/tvos    ( 1093): 00;00;00;00;00;00;00;00;38;03;55;AA;;./src/MSrv_UartDebug.cpp;setEnvFrMcu;1083;0;0
01-10 23:21:34.929 I/tvos    ( 1093): ;./src/MSrv_UartDebug.cpp;setEnvFrMcu;1085;bootloader=0
01-10 23:21:36.019 D/TvManager_JNI( 1611): ReadCmdFromTVOS
01-10 23:21:36.019 D/TvManager_JNI( 1611): getGpioDeviceStatus
01-10 23:21:36.019 D/TvManager_JNI( 1611): getGpioDeviceStatus
01-10 23:21:36.019 D/TvManager_JNI( 1611): getGpioDeviceStatus
01-10 23:21:36.019 D/TvManager_JNI( 1611): ReadCmdFromTVOS
01-10 23:21:36.019 D/TvManager_JNI( 1611): ReadCmdFromTVOS
01-10 23:21:36.949 I/tvos    ( 1093): ruandelu_003;ret=1
01-10 23:21:36.949 I/tvos    ( 1093): AA;55;22;00;00;01;10;02;00;00;81;FF;00;00;54;20;00;00;00;00;00;C2;0C;41;00;00;00;00;ruandelu_003;ret=1
01-10 23:21:36.949 I/tvos    ( 1093): 00;00;00;00;00;00;00;00;38;03;55;AA;;./src/MSrv_UartDebug.cpp;setEnvFrMcu;1083;0;0
01-10 23:21:36.949 I/tvos    ( 1093): ;./src/MSrv_UartDebug.cpp;setEnvFrMcu;1085;bootloader=0
01-10 23:21:38.989 I/tvos    ( 1093): ruandelu_003;ret=1
01-10 23:21:38.989 I/tvos    ( 1093): AA;55;22;00;00;01;10;02;00;00;81;FF;00;00;54;20;00;00;00;00;00;C2;0C;41;00;00;00;00;ruandelu_003;ret=1
01-10 23:21:38.989 I/tvos    ( 1093): 00;00;00;00;00;00;00;00;38;03;55;AA;;./src/MSrv_UartDebug.cpp;setEnvFrMcu;1083;0;0
01-10 23:21:38.989 I/tvos    ( 1093): ;./src/MSrv_UartDebug.cpp;setEnvFrMcu;1085;bootloader=0
01-10 23:21:39.029 D/TvManager_JNI( 1611): ReadCmdFromTVOS
01-10 23:21:39.029 D/TvManager_JNI( 1611): getGpioDeviceStatus
01-10 23:21:39.029 D/TvManager_JNI( 1611): getGpioDeviceStatus
01-10 23:21:39.029 D/TvManager_JNI( 1611): getGpioDeviceStatus
01-10 23:21:39.029 D/TvManager_JNI( 1611): ReadCmdFromTVOS
01-10 23:21:39.029 D/TvManager_JNI( 1611): ReadCmdFromTVOS
01-10 23:21:40.119 I/tvos    ( 1093): [37m[INFO] Change to Voltage: 1270 mV (0x2B)[m
01-10 23:21:40.119 I/tvos    ( 1093): [37m[INFO] Change to Voltage: 1270 mV (0x2E)[m
01-10 23:21:40.119 I/tvos    ( 1093): [37m[INFO] Change to Voltage: 1270 mV (0x31)[m
01-10 23:21:40.119 I/tvos    ( 1093): [37m[INFO] Change to Voltage: 1270 mV (0x34)[m
01-10 23:21:40.119 I/tvos    ( 1093): [37m[INFO] Change to Voltage: 1270 mV (0x37)[m
01-10 23:21:40.119 I/tvos    ( 1093): [37m[INFO] Change to Voltage: 1270 mV (0x3A)[m
01-10 23:21:40.119 I/tvos    ( 1093): [37m[INFO] Change to Voltage: 1270 mV (0x3C)[m
01-10 23:21:40.139 I/tvos    ( 1093): [37m[ERROR] Software I2C Write Failed[m
01-10 23:21:41.009 I/tvos    ( 1093): ruandelu_003;ret=1
01-10 23:21:41.009 I/tvos    ( 1093): AA;55;22;00;00;01;10;02;00;00;81;FF;00;00;54;20;00;00;00;00;00;C2;0C;41;00;00;00;00;ruandelu_003;ret=1
01-10 23:21:41.009 I/tvos    ( 1093): 00;00;00;00;00;00;00;00;38;03;55;AA;;./src/MSrv_UartDebug.cpp;setEnvFrMcu;1083;0;0
01-10 23:21:41.009 I/tvos    ( 1093): ;./src/MSrv_UartDebug.cpp;setEnvFrMcu;1085;bootloader=0
01-10 23:21:42.039 D/TvManager_JNI( 1611): ReadCmdFromTVOS
01-10 23:21:42.039 D/TvManager_JNI( 1611): getGpioDeviceStatus
01-10 23:21:42.039 D/TvManager_JNI( 1611): getGpioDeviceStatus
01-10 23:21:42.039 D/TvManager_JNI( 1611): getGpioDeviceStatus
01-10 23:21:42.039 D/TvManager_JNI( 1611): ReadCmdFromTVOS
01-10 23:21:42.039 D/TvManager_JNI( 1611): ReadCmdFromTVOS
01-10 23:21:43.029 I/tvos    ( 1093): ruandelu_003;ret=1
01-10 23:21:43.029 I/tvos    ( 1093): AA;55;22;00;00;01;10;02;00;00;81;FF;00;00;54;20;00;00;00;00;00;C2;0C;41;00;00;00;00;ruandelu_003;ret=1
01-10 23:21:43.029 I/tvos    ( 1093): 00;00;00;00;00;00;00;00;38;03;55;AA;;./src/MSrv_UartDebug.cpp;setEnvFrMcu;1083;0;0
01-10 23:21:43.029 I/tvos    ( 1093): ;./src/MSrv_UartDebug.cpp;setEnvFrMcu;1085;bootloader=0
