01-10 23:18:53.659 D/TvManager_JNI( 1611): ReadCmdFromTVOS
01-10 23:18:55.109 I/tvos    ( 1093): ruandelu_003;ret=1
01-10 23:18:55.109 I/tvos    ( 1093): AA;55;22;00;00;01;10;02;00;00;81;FF;00;00;54;20;00;00;00;00;00;C2;0C;41;00;00;00;00;ruandelu_003;ret=1
01-10 23:18:55.109 I/tvos    ( 1093): 00;00;00;00;00;00;00;00;38;03;55;AA;;./src/MSrv_UartDebug.cpp;setEnvFrMcu;1083;0;0
01-10 23:18:55.109 I/tvos    ( 1093): ;./src/MSrv_UartDebug.cpp;setEnvFrMcu;1085;bootloader=0
01-10 23:18:56.669 D/TvManager_JNI( 1611): ReadCmdFromTVOS
01-10 23:18:56.669 D/TvManager_JNI( 1611): getGpioDeviceStatus
01-10 23:18:56.669 D/TvManager_JNI( 1611): getGpioDeviceStatus
01-10 23:18:56.669 D/TvManager_JNI( 1611): getGpioDeviceStatus
01-10 23:18:56.669 D/TvManager_JNI( 1611): ReadCmdFromTVOS
01-10 23:18:56.679 D/TvManager_JNI( 1611): ReadCmdFromTVOS
01-10 23:18:57.129 I/tvos    ( 1093): ruandelu_003;ret=1
01-10 23:18:57.129 I/tvos    ( 1093): AA;55;22;00;00;01;10;02;00;00;81;FF;00;00;54;20;00;00;00;00;00;C2;0C;41;00;00;00;00;ruandelu_003;ret=1
01-10 23:18:57.129 I/tvos    ( 1093): 00;00;00;00;00;00;00;00;38;03;55;AA;;./src/MSrv_UartDebug.cpp;setEnvFrMcu;1083;0;0
01-10 23:18:57.139 I/tvos    ( 1093): ;./src/MSrv_UartDebug.cpp;setEnvFrMcu;1085;bootloader=0
01-10 23:18:59.149 I/tvos    ( 1093): ruandelu_003;ret=1
01-10 23:18:59.149 I/tvos    ( 1093): AA;55;22;00;00;01;10;02;00;00;81;FF;00;00;54;20;00;00;00;00;00;C2;0C;41;00;00;00;00;ruandelu_003;ret=1
01-10 23:18:59.149 I/tvos    ( 1093): 00;00;00;00;00;00;00;00;38;03;55;AA;;./src/MSrv_UartDebug.cpp;setEnvFrMcu;1083;0;0
01-10 23:18:59.149 I/tvos    ( 1093): ;./src/MSrv_UartDebug.cpp;setEnvFrMcu;1085;bootloader=0
01-10 23:18:59.679 D/TvManager_JNI( 1611): ReadCmdFromTVOS
01-10 23:18:59.679 D/TvManager_JNI( 1611): getGpioDeviceStatus
01-10 23:18:59.679 D/TvManager_JNI( 1611): getGpioDeviceStatus
01-10 23:18:59.679 D/TvManager_JNI( 1611): getGpioDeviceStatus
01-10 23:18:59.679 D/TvManager_JNI( 1611): ReadCmdFromTVOS
01-10 23:18:59.689 D/TvManager_JNI( 1611): ReadCmdFromTVOS
01-10 23:19:00.019 E/receiver( 1779): intentandroid.intent.action.TIME_TICK
01-10 23:19:01.119 I/tvos    ( 1093): [37m[INFO] Change to Voltage: 1270 mV (0x2B)[m
01-10 23:19:01.119 I/tvos    ( 1093): [37m[INFO] Change to Voltage: 1270 mV (0x2E)[m
01-10 23:19:01.129 I/tvos    ( 1093): [37m[INFO] Change to Voltage: 1270 mV (0x31)[m
01-10 23:19:01.129 I/tvos    ( 1093): [37m[INFO] Change to Voltage: 1270 mV (0x34)[m
01-10 23:19:01.139 I/tvos    ( 1093): [37m[INFO] Change to Voltage: 1270 mV (0x37)[m
01-10 23:19:01.149 I/tvos    ( 1093): [37m[INFO] Change to Voltage: 1270 mV (0x3A)[m
01-10 23:19:01.149 I/tvos    ( 1093): [37m[INFO] Change to Voltage: 1270 mV (0x3C)[m
01-10 23:19:01.189 I/tvos    ( 1093): ruandelu_003;ret=1
01-10 23:19:01.189 I/tvos    ( 1093): AA;55;22;00;00;01;10;02;00;00;81;FF;00;00;54;20;00;00;00;00;00;C2;0C;41;00;00;00;00;00;00;00;00;00;00;00;00;38;03;55;AA;;./src/MSrv_UartDebug.cpp;setEnvFrMcu;1083;0;0
01-10 23:19:01.199 I/tvos    ( 1093): ;./src/MSrv_UartDebug.cpp;setEnvFrMcu;1085;bootloader=0
01-10 23:19:01.219 I/tvos    ( 1093): [37m[ERROR] Software I2C Write Failed[m
01-10 23:19:01.249 I/ActivityManager( 1519): Force stopping com.hht.source appid=10027 user=0: pkg removed
01-10 23:19:01.259 I/ActivityManager( 1519): Killing 3074:com.hht.source/u0a27 (adj 0): stop com.hht.source
01-10 23:19:01.329 W/ActivityManager( 1519): Service crashed 2 times, stopping: ServiceRecord{422bf2a0 u0 com.hht.source/.service.DeteteService}
01-10 23:19:01.409 W/InputMethodManagerService( 1519): Window already focused, ignoring focus gain of: com.android.internal.view.IInputMethodClient$Stub$Proxy@4258bd10 attribute=null, token = android.os.BinderProxy@425df340
01-10 23:19:01.659 D/hwcomposer( 1085): lastHWWindowInfo is dirty
01-10 23:19:01.689 D/hwcomposer( 1085): lastHWWindowInfo is dirty
01-10 23:19:02.179 I/InputReader( 1519): Reconfiguring input devices.  changes=0x00000010
01-10 23:19:02.399 D/dalvikvm( 1519): GC_EXPLICIT freed 352K, 28% free 8657K/11956K, paused 234ms+41ms, total 623ms
01-10 23:19:02.479 D/BackupManagerService( 1519): Received broadcast Intent { act=android.intent.action.PACKAGE_REMOVED dat=package:com.hht.source flg=0x4000010 (has extras) }
01-10 23:19:02.479 V/BackupManagerService( 1519): removePackageParticipantsLocked: uid=10027 #1
01-10 23:19:02.609 I/PackageManager( 1519): /system/app/HSource-HHT.apk changed; collecting certs
01-10 23:19:02.609 I/ActivityManager( 1519): Delay finish: com.android.gallery3d/.app.PackagesMonitor
01-10 23:19:02.639 I/dalvikvm( 1519): DexOpt: source file mod time mismatch (4a2b51d6 vs 4a2b5245)
01-10 23:19:02.639 I/PackageManager( 1519): Running dexopt on: com.hht.source
01-10 23:19:02.659 D/VoicemailCleanupService( 2370): Cleaning up data for package: com.hht.source
01-10 23:19:02.689 D/TvManager_JNI( 1611): ReadCmdFromTVOS
01-10 23:19:02.689 D/TvManager_JNI( 1611): getGpioDeviceStatus
01-10 23:19:02.699 D/TvManager_JNI( 1611): getGpioDeviceStatus
01-10 23:19:02.699 D/TvManager_JNI( 1611): getGpioDeviceStatus
01-10 23:19:02.699 D/TvManager_JNI( 1611): ReadCmdFromTVOS
01-10 23:19:02.699 D/TvManager_JNI( 1611): ReadCmdFromTVOS
01-10 23:19:02.789 I/ActivityManager( 1519): Resuming delayed broadcast
01-10 23:19:02.799 W/ContextImpl( 2404): Calling a method in the system process without a qualified user: android.app.ContextImpl.startService:1487 android.content.ContextWrapper.startService:494 android.content.ContextWrapper.startService:494 com.android.keychain.KeyChainBroadcastReceiver.onReceive:12 android.app.ActivityThread.handleReceiver:2407 
01-10 23:19:02.859 I/ActivityManager( 1519): Delay finish: com.android.keychain/.KeyChainBroadcastReceiver
01-10 23:19:03.329 I/tvos    ( 1093): ruandelu_003;ret=1
01-10 23:19:03.389 I/tvos    ( 1093): AA;55;22;00;00;01;10;02;00;00;81;FF;00;00;54;20;00;00;00;00;00;C2;0C;41;00;00;00;00;00;00;00;00;00;00;00;00;38;03;55;AA;;./src/MSrv_UartDebug.cpp;setEnvFrMcu;1083;0;0
01-10 23:19:03.389 I/tvos    ( 1093): ;./src/MSrv_UartDebug.cpp;setEnvFrMcu;1085;bootloader=0
01-10 23:19:03.419 I/ActivityManager( 1519): Resuming delayed broadcast
01-10 23:19:03.429 D/dalvikvm( 3138): DexOpt: load 119ms, verify+opt 462ms, 1654364 bytes
01-10 23:19:03.469 D/dalvikvm( 1779): GC_EXPLICIT freed 2761K, 17% free 20196K/24064K, paused 89ms+5ms, total 420ms
01-10 23:19:03.489 I/ActivityManager( 1519): Force stopping com.hht.source appid=10027 user=-1: update pkg
01-10 23:19:03.559 I/InputReader( 1519): Reconfiguring input devices.  changes=0x00000010
01-10 23:19:03.569 D/BackupManagerService( 1519): Received broadcast Intent { act=android.intent.action.PACKAGE_ADDED dat=package:com.hht.source flg=0x4000010 (has extras) }
01-10 23:19:03.579 V/BackupManagerService( 1519): addPackageParticipantsLocked: #1
01-10 23:19:03.599 I/ActivityManager( 1519): Delay finish: com.android.musicfx/.Compatibility$Receiver
01-10 23:19:03.649 I/ActivityManager( 1519): Resuming delayed broadcast
01-10 23:19:03.839 W/RecognitionManagerService( 1519): no available voice recognition services found for user 0
01-10 23:19:03.919 I/tvos    ( 1093): [37m[INFO] Change to Voltage: 1220 mV (0x3C)[m
01-10 23:19:03.919 I/tvos    ( 1093): [37m[INFO] Change to Voltage: 1220 mV (0x39)[m
01-10 23:19:03.919 I/tvos    ( 1093): [37m[INFO] Change to Voltage: 1220 mV (0x37)[m
01-10 23:19:03.929 I/tvos    ( 1093): [37m[ERROR] Software I2C Write Failed[m
01-10 23:19:04.119 I/tvos    ( 1093): [37m[INFO] Change to Voltage: 1100 mV (0x37)[m
01-10 23:19:04.119 I/tvos    ( 1093): [37m[INFO] Change to Voltage: 1100 mV (0x34)[m
01-10 23:19:04.119 I/tvos    ( 1093): [37m[INFO] Change to Voltage: 1100 mV (0x31)[m
01-10 23:19:04.119 I/tvos    ( 1093): [37m[INFO] Change to Voltage: 1100 mV (0x2E)[m
01-10 23:19:04.119 I/tvos    ( 1093): [37m[INFO] Change to Voltage: 1100 mV (0x2B)[m
01-10 23:19:04.129 I/tvos    ( 1093): [37m[INFO] Change to Voltage: 1100 mV (0x2B)[m
01-10 23:19:04.139 I/tvos    ( 1093): [37m[ERROR] Software I2C Write Failed[m
01-10 23:19:05.209 I/tvos    ( 1093): ruandelu_003;ret=1
01-10 23:19:05.209 I/tvos    ( 1093): AA;55;22;00;00;01;11;02;31;2E;36;2E;35;5F;62;64;34;34;33;31;30;00;31;31;32;32;33;33;ruandelu_003;ret=1
01-10 23:19:05.209 I/tvos    ( 1093): 34;34;35;35;36;36;00;00;B9;05;55;AA;ruandelu;./src/MSrv_UartDebug.cpp;set_mcu_ver_by_mcu;1011;1.6.5_bd44310;;;;
01-10 23:19:05.209 I/tvos    ( 1093):  ./src/MSrv_UartDebug.cpp:set_mcu_ver_by_mcu:1013;1.6.5_bd44310
01-10 23:19:05.209 I/tvos    ( 1093): ruandelu;./src/MSrv_UartDebug.cpp;set_mcu_ver_by_mcu;1022;1.6.5_bd44310;;;;
01-10 23:19:05.699 D/TvManager_JNI( 1611): ReadCmdFromTVOS
01-10 23:19:05.699 D/TvManager_JNI( 1611): getGpioDeviceStatus
01-10 23:19:05.699 D/TvManager_JNI( 1611): getGpioDeviceStatus
01-10 23:19:05.699 D/TvManager_JNI( 1611): getGpioDeviceStatus
01-10 23:19:05.699 D/TvManager_JNI( 1611): ReadCmdFromTVOS
01-10 23:19:05.699 D/TvManager_JNI( 1611): ReadCmdFromTVOS
01-10 23:19:06.849 D/dalvikvm( 1700): Debugger has detached; object registry had 1 entries
01-10 23:19:06.849 D/dalvikvm( 1741): Debugger has detached; object registry had 1 entries
01-10 23:19:06.849 D/dalvikvm( 1519): Debugger has detached; object registry had 1 entries
01-10 23:19:06.849 D/dalvikvm( 1712): Debugger has detached; object registry had 1 entries
01-10 23:19:06.849 D/dalvikvm( 1760): Debugger has detached; object registry had 1 entries
01-10 23:19:06.849 D/dalvikvm( 1628): Debugger has detached; object registry had 1 entries
01-10 23:19:06.849 D/dalvikvm( 1611): Debugger has detached; object registry had 1 entries
01-10 23:19:06.849 D/dalvikvm( 1750): Debugger has detached; object registry had 1 entries
01-10 23:19:06.849 D/dalvikvm( 2435): Debugger has detached; object registry had 1 entries
01-10 23:19:06.849 D/dalvikvm( 2671): Debugger has detached; object registry had 1 entries
01-10 23:19:06.849 D/dalvikvm( 1727): Debugger has detached; object registry had 1 entries
01-10 23:19:06.859 D/dalvikvm( 1779): Debugger has detached; object registry had 1 entries
01-10 23:19:06.859 D/dalvikvm( 1821): Debugger has detached; object registry had 1 entries
01-10 23:19:06.859 D/dalvikvm( 2328): Debugger has detached; object registry had 1 entries
01-10 23:19:06.859 D/dalvikvm( 2387): Debugger has detached; object registry had 1 entries
01-10 23:19:06.859 D/dalvikvm( 2420): Debugger has detached; object registry had 1 entries
01-10 23:19:06.859 D/dalvikvm( 2637): Debugger has detached; object registry had 1 entries
01-10 23:19:06.859 D/dalvikvm( 2404): Debugger has detached; object registry had 1 entries
01-10 23:19:06.859 D/dalvikvm( 2370): Debugger has detached; object registry had 1 entries
01-10 23:19:06.859 D/dalvikvm( 2248): Debugger has detached; object registry had 1 entries
01-10 23:19:06.869 D/dalvikvm( 2047): Debugger has detached; object registry had 1 entries
01-10 23:19:06.869 D/dalvikvm( 1992): Debugger has detached; object registry had 1 entries
01-10 23:19:07.249 I/tvos    ( 1093): ruandelu_003;ret=1
01-10 23:19:07.249 I/tvos    ( 1093): AA;55;22;00;00;01;10;02;00;00;81;FF;00;00;54;20;00;00;00;00;00;C2;0C;41;00;00;00;00;ruandelu_003;ret=1
01-10 23:19:07.249 I/tvos    ( 1093): 00;00;00;00;00;00;00;00;38;03;55;AA;;./src/MSrv_UartDebug.cpp;setEnvFrMcu;1083;0;0
01-10 23:19:07.249 I/tvos    ( 1093): ;./src/MSrv_UartDebug.cpp;setEnvFrMcu;1085;bootloader=0
01-10 23:19:08.709 D/TvManager_JNI( 1611): ReadCmdFromTVOS
01-10 23:19:08.709 D/TvManager_JNI( 1611): getGpioDeviceStatus
01-10 23:19:08.709 D/TvManager_JNI( 1611): getGpioDeviceStatus
01-10 23:19:08.709 D/TvManager_JNI( 1611): getGpioDeviceStatus
01-10 23:19:08.709 D/TvManager_JNI( 1611): ReadCmdFromTVOS
01-10 23:19:08.709 D/TvManager_JNI( 1611): ReadCmdFromTVOS
01-10 23:19:09.269 I/tvos    ( 1093): ruandelu_003;ret=1
01-10 23:19:09.269 I/tvos    ( 1093): AA;55;22;00;00;01;10;02;00;00;81;FF;00;00;54;20;00;00;00;00;00;C2;0C;41;00;00;00;00;ruandelu_003;ret=1
01-10 23:19:09.269 I/tvos    ( 1093): 00;00;00;00;00;00;00;00;38;03;55;AA;;./src/MSrv_UartDebug.cpp;setEnvFrMcu;1083;0;0
01-10 23:19:09.269 I/tvos    ( 1093): ;./src/MSrv_UartDebug.cpp;setEnvFrMcu;1085;bootloader=0
01-10 23:19:11.199 I/tvos    ( 1093): [37m[INFO] Change to Voltage: 1270 mV (0x2B)[m
01-10 23:19:11.209 I/tvos    ( 1093): [37m[INFO] Change to Voltage: 1270 mV (0x2E)[m
01-10 23:19:11.209 I/tvos    ( 1093): [37m[INFO] Change to Voltage: 1270 mV (0x31)[m
01-10 23:19:11.209 I/tvos    ( 1093): [37m[INFO] Change to Voltage: 1270 mV (0x34)[m
01-10 23:19:11.209 I/tvos    ( 1093): [37m[INFO] Change to Voltage: 1270 mV (0x37)[m
01-10 23:19:11.209 I/tvos    ( 1093): [37m[INFO] Change to Voltage: 1270 mV (0x3A)[m
01-10 23:19:11.209 I/tvos    ( 1093): [37m[INFO] Change to Voltage: 1270 mV (0x3C)[m
01-10 23:19:11.229 I/tvos    ( 1093): [37m[ERROR] Software I2C Write Failed[m
01-10 23:19:11.269 W/ContextImpl( 1750): Calling a method in the system process without a qualified user: android.app.ContextImpl.startActivity:1028 android.content.ContextWrapper.startActivity:311 com.hht.toolbar.ToolBarService.startApplication:210 com.hht.toolbar.ToolBarService.access$2:204 com.hht.toolbar.ToolBarService$3.ItemClick:157 
01-10 23:19:11.269 W/ContextImpl( 1750): Calling a method in the system process without a qualified user: android.app.ContextImpl.startActivity:1040 android.app.ContextImpl.startActivity:1029 android.content.ContextWrapper.startActivity:311 com.hht.toolbar.ToolBarService.startApplication:210 com.hht.toolbar.ToolBarService.access$2:204 
01-10 23:19:11.269 I/ActivityManager( 1519): START u0 {flg=0x10000000 cmp=com.hht.source/.MainActivity} from pid 1750
01-10 23:19:11.289 D/SurfaceFlinger( 1085): captureScreen: supportWidth = 3840, supportHeight = 2160, maxLayerZ = 21015
01-10 23:19:11.289 D/gralloc ( 1085): allocate buffer from ION HEAP 0x1
01-10 23:19:11.289 D/gralloc ( 1085): allocate memory from system heap
01-10 23:19:11.289 I/tvos    ( 1093): ruandelu_003;ret=1
01-10 23:19:11.289 I/tvos    ( 1093): AA;55;22;00;00;01;10;02;00;00;81;FF;00;00;54;20;00;00;00;00;00;C2;0C;41;00;00;00;00;ruandelu_003;ret=1
01-10 23:19:11.289 I/tvos    ( 1093): 00;00;00;00;00;00;00;00;38;03;55;AA;;./src/MSrv_UartDebug.cpp;setEnvFrMcu;1083;0;0
01-10 23:19:11.289 I/tvos    ( 1093): ;./src/MSrv_UartDebug.cpp;setEnvFrMcu;1085;bootloader=0
01-10 23:19:11.319 I/tvos    ( 1093): [37m[INFO] No Need to Change CPU Power[m
01-10 23:19:11.329 I/tvos    ( 1093): [37m[ERROR] Software I2C Write Failed[m
01-10 23:19:11.329 D/dalvikvm( 3143): Late-enabling CheckJNI
01-10 23:19:11.339 I/ActivityManager( 1519): Start proc com.hht.source for activity com.hht.source/.MainActivity: pid=3143 uid=10027 gids={50027, 3003, 1007, 1028, 1015, 1023}
01-10 23:19:11.389 I/ActivityManager( 1519): TR4) TaskRecord{42297138 #15 A=com.hht.source U=0 sz=1}
01-10 23:19:11.389 I/ActivityManager( 1519): TR3) TaskRecord{42582348 #6 A=com.example.test U=0 sz=1}
01-10 23:19:11.489 I/ActivityManager( 1519): TR4) TaskRecord{42297138 #15 A=com.hht.source U=0 sz=1}
01-10 23:19:11.489 I/ActivityManager( 1519): TR3) TaskRecord{42582348 #6 A=com.example.test U=0 sz=1}
01-10 23:19:11.549 I/tvos    ( 1093): [37m[INFO] No Need to Change CPU Power[m
01-10 23:19:11.569 I/tvos    ( 1093): [37m[ERROR] Software I2C Write Failed[m
01-10 23:19:11.609 D/dalvikvm( 1519): GC_CONCURRENT freed 716K, 23% free 9312K/11956K, paused 3ms+18ms, total 188ms
01-10 23:19:11.639 D/dalvikvm( 3143): GC_FOR_ALLOC freed 86K, 25% free 2936K/3864K, paused 11ms, total 12ms
01-10 23:19:11.649 I/dalvikvm-heap( 3143): Grow heap (frag case) to 7.333MB for 3822800-byte allocation
01-10 23:19:11.659 D/dalvikvm( 3143): GC_FOR_ALLOC freed <1K, 13% free 6669K/7600K, paused 12ms, total 12ms
01-10 23:19:11.669 D/dalvikvm( 3143): GC_CONCURRENT freed <1K, 13% free 6669K/7600K, paused 3ms+3ms, total 15ms
01-10 23:19:11.709 D/TvManager_JNI( 1611): ReadCmdFromTVOS
01-10 23:19:11.709 D/TvManager_JNI( 1611): getGpioDeviceStatus
01-10 23:19:11.709 D/TvManager_JNI( 1611): getGpioDeviceStatus
01-10 23:19:11.709 D/TvManager_JNI( 1611): getGpioDeviceStatus
01-10 23:19:11.709 D/TvManager_JNI( 1611): ReadCmdFromTVOS
01-10 23:19:11.709 D/TvManager_JNI( 1611): ReadCmdFromTVOS
01-10 23:19:11.789 D/TvManager_JNI( 3143): JNI_OnLoad
01-10 23:19:11.789 D/TvManager_JNI( 3143): native_init
01-10 23:19:11.789 D/TvManager_JNI( 3143): native_setup
01-10 23:19:11.799 D/dalvikvm( 3143): GC_CONCURRENT freed 115K, 12% free 7710K/8668K, paused 3ms+3ms, total 21ms
01-10 23:19:11.799 D/TvManager_JNI( 3143): setTvosCommonCommand
01-10 23:19:11.799 I/tvos    ( 1093):  ./src/MSrv_UartDebug.cpp:parseTvosCommonCommand:1394;11;CMD_TP_NONE;
01-10 23:19:11.799 D/AudioManager_JNI( 3143): JNI_OnLoad
01-10 23:19:11.799 D/AudioManager_JNI( 3143): native_init
01-10 23:19:11.799 D/AudioManager_JNI( 3143): native_setup
01-10 23:19:11.809 D/AudioManager_JNI( 3143): native_setMuteStatus
01-10 23:19:11.809 I/tvos    ( 1093): Receive AUDIOMANAGER_SET_AUDIO_MUTE
01-10 23:19:11.809 I/tvos    ( 1093): AudioManagerService::Client::setMuteStatus
01-10 23:19:11.809 D/TvManager_JNI( 3143): ReadCmdFromTVOS
01-10 23:19:11.859 E/liushuaikang( 3143): onCreate
01-10 23:19:11.869 D/AndroidRuntime( 3143): Shutting down VM
01-10 23:19:11.869 W/dalvikvm( 3143): threadid=1: thread exiting with uncaught exception (group=0x41c3cba8)
01-10 23:19:11.869 E/AndroidRuntime( 3143): FATAL EXCEPTION: main
01-10 23:19:11.869 E/AndroidRuntime( 3143): Process: com.hht.source, PID: 3143
01-10 23:19:11.869 E/AndroidRuntime( 3143): java.lang.RuntimeException: Unable to create service com.hht.source.service.DeteteService: android.view.WindowManager$BadTokenException: Unable to add window android.view.ViewRootImpl$W@42494728 -- permission denied for this window type
01-10 23:19:11.869 E/AndroidRuntime( 3143): 	at android.app.ActivityThread.handleCreateService(ActivityThread.java:2568)
01-10 23:19:11.869 E/AndroidRuntime( 3143): 	at android.app.ActivityThread.access$1800(ActivityThread.java:135)
01-10 23:19:11.869 E/AndroidRuntime( 3143): 	at android.app.ActivityThread$H.handleMessage(ActivityThread.java:1278)
01-10 23:19:11.869 E/AndroidRuntime( 3143): 	at android.os.Handler.dispatchMessage(Handler.java:102)
01-10 23:19:11.869 E/AndroidRuntime( 3143): 	at android.os.Looper.loop(Looper.java:136)
01-10 23:19:11.869 E/AndroidRuntime( 3143): 	at android.app.ActivityThread.main(ActivityThread.java:5001)
01-10 23:19:11.869 E/AndroidRuntime( 3143): 	at java.lang.reflect.Method.invokeNative(Native Method)
01-10 23:19:11.869 E/AndroidRuntime( 3143): 	at java.lang.reflect.Method.invoke(Method.java:515)
01-10 23:19:11.869 E/AndroidRuntime( 3143): 	at com.android.internal.os.ZygoteInit$MethodAndArgsCaller.run(ZygoteInit.java:788)
01-10 23:19:11.869 E/AndroidRuntime( 3143): 	at com.android.internal.os.ZygoteInit.main(ZygoteInit.java:604)
01-10 23:19:11.869 E/AndroidRuntime( 3143): 	at dalvik.system.NativeStart.main(Native Method)
01-10 23:19:11.869 E/AndroidRuntime( 3143): Caused by: android.view.WindowManager$BadTokenException: Unable to add window android.view.ViewRootImpl$W@42494728 -- permission denied for this window type
01-10 23:19:11.869 E/AndroidRuntime( 3143): 	at android.view.ViewRootImpl.setView(ViewRootImpl.java:556)
01-10 23:19:11.869 E/AndroidRuntime( 3143): 	at android.view.WindowManagerGlobal.addView(WindowManagerGlobal.java:259)
01-10 23:19:11.869 E/AndroidRuntime( 3143): 	at android.view.WindowManagerImpl.addView(WindowManagerImpl.java:69)
01-10 23:19:11.869 E/AndroidRuntime( 3143): 	at com.hht.source.service.DeteteService.initReceiver(DeteteService.java:114)
01-10 23:19:11.869 E/AndroidRuntime( 3143): 	at com.hht.source.service.DeteteService.onCreate(DeteteService.java:58)
01-10 23:19:11.869 E/AndroidRuntime( 3143): 	at android.app.ActivityThread.handleCreateService(ActivityThread.java:2558)
01-10 23:19:11.869 E/AndroidRuntime( 3143): 	... 10 more
01-10 23:19:11.879 W/ActivityManager( 1519):   Force finishing activity com.hht.source/.MainActivity
01-10 23:19:11.879 W/InputMethodManagerService( 1519): Window already focused, ignoring focus gain of: com.android.internal.view.IInputMethodClient$Stub$Proxy@422fe540 attribute=null, token = android.os.BinderProxy@425df340
01-10 23:19:11.889 W/ActivityManager( 1519):   Force finishing activity com.example.test/.MainActivity
01-10 23:19:11.959 D/gralloc ( 1085): allocate buffer from ION HEAP 0x1
01-10 23:19:11.959 D/gralloc ( 1085): allocate memory from system heap
01-10 23:19:12.029 I/tvos    ( 1093): lynn SetHhtInputSource HHT_INPUT_SOURCE_ANDROIDlynn SetHhtInputSource HHT_INPUT_SOURCE_ANDROIDlynn SetHhtInputSource HHT_INPUT_SOURCE_ANDROIDlynn SetHhtInputSource HHT_INPUT_SOURCE_ANDROIDDetect >>>>>>>>>>>>>>>> Signal Locked!!!
01-10 23:19:12.039 D/hwcomposer( 1085): lastHWWindowInfo is dirty
01-10 23:19:12.079 D/hwcomposer( 1085): lastHWWindowInfo is dirty
01-10 23:19:12.389 W/ActivityManager( 1519): Activity pause timeout for ActivityRecord{42296188 u0 com.hht.source/.MainActivity t15 f}
01-10 23:19:12.389 I/ActivityManager( 1519): TR4) TaskRecord{422b2d20 #1 A=com.hht.home U=0 sz=2}
01-10 23:19:12.389 I/ActivityManager( 1519): TR3) TaskRecord{42297138 #15 A=com.hht.source U=0 sz=1}
01-10 23:19:12.469 I/ActivityManager( 1519): TR4) TaskRecord{422b2d20 #1 A=com.hht.home U=0 sz=2}
01-10 23:19:12.469 I/ActivityManager( 1519): TR3) TaskRecord{42297138 #15 A=com.hht.source U=0 sz=1}
01-10 23:19:12.639 D/mali_winsys( 1779): new_window_surface returns 0x3000
01-10 23:19:12.749 D/mali_winsys( 1779): new_window_surface returns 0x3000
01-10 23:19:12.929 D/gralloc ( 1085): allocate buffer from ION HEAP 0x1
01-10 23:19:12.929 D/gralloc ( 1085): allocate memory from system heap
01-10 23:19:12.999 D/gralloc ( 1085): allocate buffer from ION HEAP 0x1
01-10 23:19:12.999 D/gralloc ( 1085): allocate memory from system heap
01-10 23:19:13.139 D/gralloc ( 1085): allocate buffer from ION HEAP 0x1
01-10 23:19:13.139 D/gralloc ( 1085): allocate memory from system heap
01-10 23:19:13.159 D/gralloc ( 1085): allocate buffer from ION HEAP 0x1
01-10 23:19:13.159 D/gralloc ( 1085): allocate memory from system heap
01-10 23:19:13.219 D/gralloc ( 1085): allocate buffer from ION HEAP 0x1
01-10 23:19:13.219 D/gralloc ( 1085): allocate memory from system heap
01-10 23:19:13.309 I/tvos    ( 1093): ruandelu_003;ret=1
01-10 23:19:13.309 I/tvos    ( 1093): AA;55;22;00;00;01;10;02;00;00;81;FF;00;00;54;20;00;00;00;00;00;C2;0C;41;00;00;00;00;ruandelu_003;ret=1
01-10 23:19:13.309 I/tvos    ( 1093): 00;00;00;00;00;00;00;00;38;03;55;AA;;./src/MSrv_UartDebug.cpp;setEnvFrMcu;1083;0;0
01-10 23:19:13.309 I/tvos    ( 1093): ;./src/MSrv_UartDebug.cpp;setEnvFrMcu;1085;bootloader=0
01-10 23:19:13.479 D/hwcomposer( 1085): lastHWWindowInfo is dirty
01-10 23:19:13.489 D/hwcomposer( 1085): lastHWWindowInfo is dirty
01-10 23:19:13.979 D/hwcomposer( 1085): lastHWWindowInfo is dirty
01-10 23:19:14.419 D/gralloc ( 1085): allocate buffer from ION HEAP 0x1
01-10 23:19:14.419 D/gralloc ( 1085): allocate memory from system heap
01-10 23:19:14.439 D/gralloc ( 1085): allocate buffer from ION HEAP 0x1
01-10 23:19:14.439 D/gralloc ( 1085): allocate memory from system heap
01-10 23:19:14.439 D/hwcomposer( 1085): lastHWWindowInfo is dirty
01-10 23:19:14.719 D/TvManager_JNI( 1611): ReadCmdFromTVOS
01-10 23:19:14.719 D/TvManager_JNI( 1611): getGpioDeviceStatus
01-10 23:19:14.719 D/TvManager_JNI( 1611): getGpioDeviceStatus
01-10 23:19:14.719 D/TvManager_JNI( 1611): getGpioDeviceStatus
01-10 23:19:14.719 D/TvManager_JNI( 1611): ReadCmdFromTVOS
01-10 23:19:14.719 D/TvManager_JNI( 1611): ReadCmdFromTVOS
01-10 23:19:14.819 I/Process ( 3143): Sending signal. PID: 3143 SIG: 9
01-10 23:19:14.899 I/WindowState( 1519): WIN DEATH: Window{422021a8 u0 com.hht.source/com.hht.source.MainActivity}
01-10 23:19:14.899 I/ActivityManager( 1519): Process com.hht.source (pid 3143) has died.
01-10 23:19:14.899 W/ActivityManager( 1519): Scheduling restart of crashed service com.hht.source/.service.DeteteService in 6610ms
01-10 23:19:15.109 D/hwcomposer( 1085): lastHWWindowInfo is dirty
01-10 23:19:15.189 D/hwcomposer( 1085): lastHWWindowInfo is dirty
01-10 23:19:15.349 I/tvos    ( 1093): ruandelu_003;ret=1
01-10 23:19:15.349 I/tvos    ( 1093): AA;55;22;00;00;01;10;02;00;00;81;FF;00;00;54;20;00;00;00;00;00;C2;0C;41;00;00;00;00;ruandelu_003;ret=1
01-10 23:19:15.349 I/tvos    ( 1093): 00;00;00;00;00;00;00;00;38;03;55;AA;;./src/MSrv_UartDebug.cpp;setEnvFrMcu;1083;0;0
01-10 23:19:15.349 I/tvos    ( 1093): ;./src/MSrv_UartDebug.cpp;setEnvFrMcu;1085;bootloader=0
01-10 23:19:17.369 I/tvos    ( 1093): ruandelu_003;ret=1
01-10 23:19:17.369 I/tvos    ( 1093): AA;55;22;00;00;01;10;02;00;00;81;FF;00;00;54;20;00;00;00;00;00;C2;0C;41;00;00;00;00;ruandelu_003;ret=1
01-10 23:19:17.369 I/tvos    ( 1093): 00;00;00;00;00;00;00;00;38;03;55;AA;;./src/MSrv_UartDebug.cpp;setEnvFrMcu;1083;0;0
01-10 23:19:17.369 I/tvos    ( 1093): ;./src/MSrv_UartDebug.cpp;setEnvFrMcu;1085;bootloader=0
01-10 23:19:17.719 I/tvos    ( 1093): [37m[INFO] Change to Voltage: 1100 mV (0x3C)[m
01-10 23:19:17.719 I/tvos    ( 1093): [37m[INFO] Change to Voltage: 1100 mV (0x39)[m
01-10 23:19:17.719 I/tvos    ( 1093): [37m[INFO] Change to Voltage: 1100 mV (0x36)[m
01-10 23:19:17.719 I/tvos    ( 1093): [37m[INFO] Change to Voltage: 1100 mV (0x33)[m
01-10 23:19:17.719 I/tvos    ( 1093): [37m[INFO] Change to Voltage: 1100 mV (0x30)[m
01-10 23:19:17.719 I/tvos    ( 1093): [37m[INFO] Change to Voltage: 1100 mV (0x2D)[m
01-10 23:19:17.719 I/tvos    ( 1093): [37m[INFO] Change to Voltage: 1100 mV (0x2B)[m
01-10 23:19:17.719 D/TvManager_JNI( 1611): ReadCmdFromTVOS
01-10 23:19:17.729 D/TvManager_JNI( 1611): getGpioDeviceStatus
01-10 23:19:17.729 D/TvManager_JNI( 1611): getGpioDeviceStatus
01-10 23:19:17.729 D/TvManager_JNI( 1611): getGpioDeviceStatus
01-10 23:19:17.729 D/TvManager_JNI( 1611): ReadCmdFromTVOS
01-10 23:19:17.729 D/TvManager_JNI( 1611): ReadCmdFromTVOS
01-10 23:19:17.739 I/tvos    ( 1093): [37m[ERROR] Software I2C Write Failed[m
01-10 23:19:19.389 I/tvos    ( 1093): ruandelu_003;ret=1
01-10 23:19:19.389 I/tvos    ( 1093): AA;55;22;00;00;01;10;02;00;00;81;FF;00;00;54;20;00;00;00;00;00;C2;0C;41;00;00;00;00;ruandelu_003;ret=1
01-10 23:19:19.389 I/tvos    ( 1093): 00;00;00;00;00;00;00;00;38;03;55;AA;;./src/MSrv_UartDebug.cpp;setEnvFrMcu;1083;0;0
01-10 23:19:19.389 I/tvos    ( 1093): ;./src/MSrv_UartDebug.cpp;setEnvFrMcu;1085;bootloader=0
01-10 23:19:20.729 D/TvManager_JNI( 1611): ReadCmdFromTVOS
01-10 23:19:20.729 D/TvManager_JNI( 1611): getGpioDeviceStatus
01-10 23:19:20.729 D/TvManager_JNI( 1611): getGpioDeviceStatus
01-10 23:19:20.729 D/TvManager_JNI( 1611): getGpioDeviceStatus
01-10 23:19:20.729 D/TvManager_JNI( 1611): ReadCmdFromTVOS
01-10 23:19:20.729 D/TvManager_JNI( 1611): ReadCmdFromTVOS
01-10 23:19:21.409 I/tvos    ( 1093): ruandelu_003;ret=1
01-10 23:19:21.409 I/tvos    ( 1093): AA;55;22;00;00;01;11;02;31;2E;36;2E;35;5F;62;64;34;34;33;31;30;00;31;31;32;32;33;33;ruandelu_003;ret=1
01-10 23:19:21.409 I/tvos    ( 1093): 34;34;35;35;36;36;00;00;B9;05;55;AA;ruandelu;./src/MSrv_UartDebug.cpp;set_mcu_ver_by_mcu;1011;1.6.5_bd44310;;;;
01-10 23:19:21.409 I/tvos    ( 1093):  ./src/MSrv_UartDebug.cpp:set_mcu_ver_by_mcu:1013;1.6.5_bd44310
01-10 23:19:21.409 I/tvos    ( 1093): ruandelu;./src/MSrv_UartDebug.cpp;set_mcu_ver_by_mcu;1022;1.6.5_bd44310;;;;
01-10 23:19:21.539 D/dalvikvm( 3174): Late-enabling CheckJNI
01-10 23:19:21.539 I/ActivityManager( 1519): Start proc com.hht.source for service com.hht.source/.service.DeteteService: pid=3174 uid=10027 gids={50027, 3003, 1007, 1028, 1015, 1023}
01-10 23:19:21.559 D/dalvikvm( 1086): GC_EXPLICIT freed 46K, 24% free 2894K/3784K, paused 2ms+3ms, total 28ms
01-10 23:19:21.589 D/dalvikvm( 1086): GC_EXPLICIT freed <1K, 24% free 2894K/3784K, paused 2ms+2ms, total 25ms
01-10 23:19:21.619 D/dalvikvm( 1086): GC_EXPLICIT freed <1K, 24% free 2894K/3784K, paused 2ms+2ms, total 30ms
01-10 23:19:21.659 E/liushuaikang( 3174): onCreate
01-10 23:19:21.699 D/AndroidRuntime( 3174): Shutting down VM
01-10 23:19:21.699 W/dalvikvm( 3174): threadid=1: thread exiting with uncaught exception (group=0x41c3cba8)
01-10 23:19:21.709 E/AndroidRuntime( 3174): FATAL EXCEPTION: main
01-10 23:19:21.709 E/AndroidRuntime( 3174): Process: com.hht.source, PID: 3174
01-10 23:19:21.709 E/AndroidRuntime( 3174): java.lang.RuntimeException: Unable to create service com.hht.source.service.DeteteService: android.view.WindowManager$BadTokenException: Unable to add window android.view.ViewRootImpl$W@41ff31b0 -- permission denied for this window type
01-10 23:19:21.709 E/AndroidRuntime( 3174): 	at android.app.ActivityThread.handleCreateService(ActivityThread.java:2568)
01-10 23:19:21.709 E/AndroidRuntime( 3174): 	at android.app.ActivityThread.access$1800(ActivityThread.java:135)
01-10 23:19:21.709 E/AndroidRuntime( 3174): 	at android.app.ActivityThread$H.handleMessage(ActivityThread.java:1278)
01-10 23:19:21.709 E/AndroidRuntime( 3174): 	at android.os.Handler.dispatchMessage(Handler.java:102)
01-10 23:19:21.709 E/AndroidRuntime( 3174): 	at android.os.Looper.loop(Looper.java:136)
01-10 23:19:21.709 E/AndroidRuntime( 3174): 	at android.app.ActivityThread.main(ActivityThread.java:5001)
01-10 23:19:21.709 E/AndroidRuntime( 3174): 	at java.lang.reflect.Method.invokeNative(Native Method)
01-10 23:19:21.709 E/AndroidRuntime( 3174): 	at java.lang.reflect.Method.invoke(Method.java:515)
01-10 23:19:21.709 E/AndroidRuntime( 3174): 	at com.android.internal.os.ZygoteInit$MethodAndArgsCaller.run(ZygoteInit.java:788)
01-10 23:19:21.709 E/AndroidRuntime( 3174): 	at com.android.internal.os.ZygoteInit.main(ZygoteInit.java:604)
01-10 23:19:21.709 E/AndroidRuntime( 3174): 	at dalvik.system.NativeStart.main(Native Method)
01-10 23:19:21.709 E/AndroidRuntime( 3174): Caused by: android.view.WindowManager$BadTokenException: Unable to add window android.view.ViewRootImpl$W@41ff31b0 -- permission denied for this window type
01-10 23:19:21.709 E/AndroidRuntime( 3174): 	at android.view.ViewRootImpl.setView(ViewRootImpl.java:556)
01-10 23:19:21.709 E/AndroidRuntime( 3174): 	at android.view.WindowManagerGlobal.addView(WindowManagerGlobal.java:259)
01-10 23:19:21.709 E/AndroidRuntime( 3174): 	at android.view.WindowManagerImpl.addView(WindowManagerImpl.java:69)
01-10 23:19:21.709 E/AndroidRuntime( 3174): 	at com.hht.source.service.DeteteService.initReceiver(DeteteService.java:114)
01-10 23:19:21.709 E/AndroidRuntime( 3174): 	at com.hht.source.service.DeteteService.onCreate(DeteteService.java:58)
01-10 23:19:21.709 E/AndroidRuntime( 3174): 	at android.app.ActivityThread.handleCreateService(ActivityThread.java:2558)
01-10 23:19:21.709 E/AndroidRuntime( 3174): 	... 10 more
01-10 23:19:21.799 D/gralloc ( 1085): allocate buffer from ION HEAP 0x1
01-10 23:19:21.799 D/gralloc ( 1085): allocate memory from system heap
01-10 23:19:21.889 D/hwcomposer( 1085): lastHWWindowInfo is dirty
01-10 23:19:21.909 D/hwcomposer( 1085): lastHWWindowInfo is dirty
01-10 23:19:22.119 I/tvos    ( 1093): [37m[INFO] No Need to Change CPU Power[m
01-10 23:19:22.129 I/tvos    ( 1093): [37m[ERROR] Software I2C Write Failed[m
01-10 23:19:22.759 D/gralloc ( 1085): allocate buffer from ION HEAP 0x1
01-10 23:19:22.759 D/gralloc ( 1085): allocate memory from system heap
01-10 23:19:22.979 D/gralloc ( 1085): allocate buffer from ION HEAP 0x1
01-10 23:19:22.979 D/gralloc ( 1085): allocate memory from system heap
01-10 23:19:22.999 D/gralloc ( 1085): allocate buffer from ION HEAP 0x1
01-10 23:19:22.999 D/gralloc ( 1085): allocate memory from system heap
01-10 23:19:23.429 I/tvos    ( 1093): ruandelu_003;ret=1
01-10 23:19:23.429 I/tvos    ( 1093): AA;55;22;00;00;01;10;02;00;00;81;FF;00;00;54;20;00;00;00;00;00;C2;0C;41;00;00;00;00;ruandelu_003;ret=1
01-10 23:19:23.429 I/tvos    ( 1093): 00;00;00;00;00;00;00;00;38;03;55;AA;;./src/MSrv_UartDebug.cpp;setEnvFrMcu;1083;0;0
01-10 23:19:23.429 I/tvos    ( 1093): ;./src/MSrv_UartDebug.cpp;setEnvFrMcu;1085;bootloader=0
01-10 23:19:23.719 I/tvos    ( 1093): [37m[INFO] Change to Voltage: 1270 mV (0x2B)[m
01-10 23:19:23.719 I/tvos    ( 1093): [37m[INFO] Change to Voltage: 1270 mV (0x2E)[m
01-10 23:19:23.719 I/tvos    ( 1093): [37m[INFO] Change to Voltage: 1270 mV (0x31)[m
01-10 23:19:23.719 I/tvos    ( 1093): [37m[INFO] Change to Voltage: 1270 mV (0x34)[m
01-10 23:19:23.719 I/tvos    ( 1093): [37m[INFO] Change to Voltage: 1270 mV (0x37)[m
01-10 23:19:23.719 I/tvos    ( 1093): [37m[INFO] Change to Voltage: 1270 mV (0x3A)[m
01-10 23:19:23.729 I/tvos    ( 1093): [37m[INFO] Change to Voltage: 1270 mV (0x3C)[m
01-10 23:19:23.739 D/TvManager_JNI( 1611): ReadCmdFromTVOS
01-10 23:19:23.739 D/TvManager_JNI( 1611): getGpioDeviceStatus
01-10 23:19:23.739 D/TvManager_JNI( 1611): getGpioDeviceStatus
01-10 23:19:23.749 D/TvManager_JNI( 1611): getGpioDeviceStatus
01-10 23:19:23.749 D/TvManager_JNI( 1611): ReadCmdFromTVOS
01-10 23:19:23.749 D/TvManager_JNI( 1611): ReadCmdFromTVOS
01-10 23:19:23.769 I/tvos    ( 1093): [37m[ERROR] Software I2C Write Failed[m
01-10 23:19:23.919 I/tvos    ( 1093): [37m[INFO] Change to Voltage: 1100 mV (0x3C)[m
01-10 23:19:23.919 I/tvos    ( 1093): [37m[INFO] Change to Voltage: 1100 mV (0x39)[m
01-10 23:19:23.919 I/tvos    ( 1093): [37m[INFO] Change to Voltage: 1100 mV (0x36)[m
01-10 23:19:23.919 I/tvos    ( 1093): [37m[INFO] Change to Voltage: 1100 mV (0x33)[m
01-10 23:19:23.919 I/tvos    ( 1093): [37m[INFO] Change to Voltage: 1100 mV (0x30)[m
01-10 23:19:23.919 I/tvos    ( 1093): [37m[INFO] Change to Voltage: 1100 mV (0x2D)[m
01-10 23:19:23.919 I/tvos    ( 1093): [37m[INFO] Change to Voltage: 1100 mV (0x2B)[m
01-10 23:19:23.929 I/tvos    ( 1093): [37m[ERROR] Software I2C Write Failed[m
01-10 23:19:24.119 I/tvos    ( 1093): [37m[INFO] Change to Voltage: 1270 mV (0x2B)[m
01-10 23:19:24.119 I/tvos    ( 1093): [37m[INFO] Change to Voltage: 1270 mV (0x2E)[m
01-10 23:19:24.119 I/tvos    ( 1093): [37m[INFO] Change to Voltage: 1270 mV (0x31)[m
01-10 23:19:24.119 I/tvos    ( 1093): [37m[INFO] Change to Voltage: 1270 mV (0x34)[m
01-10 23:19:24.119 I/tvos    ( 1093): [37m[INFO] Change to Voltage: 1270 mV (0x37)[m
01-10 23:19:24.119 I/tvos    ( 1093): [37m[INFO] Change to Voltage: 1270 mV (0x3A)[m
01-10 23:19:24.119 I/tvos    ( 1093): [37m[INFO] Change to Voltage: 1270 mV (0x3C)[m
01-10 23:19:24.129 I/tvos    ( 1093): [37m[ERROR] Software I2C Write Failed[m
01-10 23:19:25.449 I/tvos    ( 1093): ruandelu_003;ret=1
01-10 23:19:25.449 I/tvos    ( 1093): AA;55;22;00;00;01;10;02;00;00;81;FF;00;00;54;20;00;00;00;00;00;C2;0C;41;00;00;00;00;ruandelu_003;ret=1
01-10 23:19:25.449 I/tvos    ( 1093): 00;00;00;00;00;00;00;00;38;03;55;AA;;./src/MSrv_UartDebug.cpp;setEnvFrMcu;1083;0;0
01-10 23:19:25.449 I/tvos    ( 1093): ;./src/MSrv_UartDebug.cpp;setEnvFrMcu;1085;bootloader=0
01-10 23:19:25.719 I/tvos    ( 1093): [37m[INFO] Change to Voltage: 1100 mV (0x3C)[m
01-10 23:19:25.719 I/tvos    ( 1093): [37m[INFO] Change to Voltage: 1100 mV (0x39)[m
01-10 23:19:25.719 I/tvos    ( 1093): [37m[INFO] Change to Voltage: 1100 mV (0x36)[m
01-10 23:19:25.719 I/tvos    ( 1093): [37m[INFO] Change to Voltage: 1100 mV (0x33)[m
01-10 23:19:25.719 I/tvos    ( 1093): [37m[INFO] Change to Voltage: 1100 mV (0x30)[m
01-10 23:19:25.719 I/tvos    ( 1093): [37m[INFO] Change to Voltage: 1100 mV (0x2D)[m
01-10 23:19:25.719 I/tvos    ( 1093): [37m[INFO] Change to Voltage: 1100 mV (0x2B)[m
01-10 23:19:25.729 I/tvos    ( 1093): [37m[ERROR] Software I2C Write Failed[m
01-10 23:19:26.759 D/TvManager_JNI( 1611): ReadCmdFromTVOS
01-10 23:19:26.759 D/TvManager_JNI( 1611): getGpioDeviceStatus
01-10 23:19:26.759 D/TvManager_JNI( 1611): getGpioDeviceStatus
01-10 23:19:26.759 D/TvManager_JNI( 1611): getGpioDeviceStatus
01-10 23:19:26.759 D/TvManager_JNI( 1611): ReadCmdFromTVOS
01-10 23:19:26.759 D/TvManager_JNI( 1611): ReadCmdFromTVOS
01-10 23:19:27.469 I/tvos    ( 1093): ruandelu_003;ret=1
01-10 23:19:27.469 I/tvos    ( 1093): AA;55;22;00;00;01;10;02;00;00;81;FF;00;00;54;20;00;00;00;00;00;C2;0C;41;00;00;00;00;ruandelu_003;ret=1
01-10 23:19:27.469 I/tvos    ( 1093): 00;00;00;00;00;00;00;00;38;03;55;AA;;./src/MSrv_UartDebug.cpp;setEnvFrMcu;1083;0;0
01-10 23:19:27.469 I/tvos    ( 1093): ;./src/MSrv_UartDebug.cpp;setEnvFrMcu;1085;bootloader=0
01-10 23:19:29.509 I/tvos    ( 1093): ruandelu_003;ret=1
01-10 23:19:29.509 I/tvos    ( 1093): AA;55;22;00;00;01;10;02;00;00;81;FF;00;00;54;20;00;00;00;00;00;C2;0C;41;00;00;00;00;ruandelu_003;ret=1
01-10 23:19:29.509 I/tvos    ( 1093): 00;00;00;00;00;00;00;00;38;03;55;AA;;./src/MSrv_UartDebug.cpp;setEnvFrMcu;1083;0;0
01-10 23:19:29.509 I/tvos    ( 1093): ;./src/MSrv_UartDebug.cpp;setEnvFrMcu;1085;bootloader=0
01-10 23:19:29.759 D/TvManager_JNI( 1611): ReadCmdFromTVOS
01-10 23:19:29.759 D/TvManager_JNI( 1611): getGpioDeviceStatus
01-10 23:19:29.759 D/TvManager_JNI( 1611): getGpioDeviceStatus
01-10 23:19:29.759 D/TvManager_JNI( 1611): getGpioDeviceStatus
01-10 23:19:29.759 D/TvManager_JNI( 1611): ReadCmdFromTVOS
01-10 23:19:29.759 D/TvManager_JNI( 1611): ReadCmdFromTVOS
01-10 23:19:31.529 I/tvos    ( 1093): ruandelu_003;ret=1
01-10 23:19:31.529 I/tvos    ( 1093): AA;55;22;00;00;01;10;02;00;00;81;FF;00;00;54;20;00;00;00;00;00;C2;0C;41;00;00;00;00;ruandelu_003;ret=1
01-10 23:19:31.529 I/tvos    ( 1093): 00;00;00;00;00;00;00;00;38;03;55;AA;;./src/MSrv_UartDebug.cpp;setEnvFrMcu;1083;0;0
01-10 23:19:31.529 I/tvos    ( 1093): ;./src/MSrv_UartDebug.cpp;setEnvFrMcu;1085;bootloader=0
01-10 23:19:32.119 I/tvos    ( 1093): [37m[INFO] No Need to Change CPU Power[m
01-10 23:19:32.129 I/tvos    ( 1093): [37m[ERROR] Software I2C Write Failed[m
01-10 23:19:32.759 D/TvManager_JNI( 1611): ReadCmdFromTVOS
01-10 23:19:32.759 D/TvManager_JNI( 1611): getGpioDeviceStatus
01-10 23:19:32.759 D/TvManager_JNI( 1611): getGpioDeviceStatus
01-10 23:19:32.759 D/TvManager_JNI( 1611): getGpioDeviceStatus
01-10 23:19:32.759 D/TvManager_JNI( 1611): ReadCmdFromTVOS
01-10 23:19:32.759 D/TvManager_JNI( 1611): ReadCmdFromTVOS
01-10 23:19:33.549 I/tvos    ( 1093): ruandelu_003;ret=1
01-10 23:19:33.549 I/tvos    ( 1093): AA;55;22;00;00;01;10;02;00;00;81;FF;00;00;54;20;00;00;00;00;00;C2;0C;41;00;00;00;00;ruandelu_003;ret=1
01-10 23:19:33.549 I/tvos    ( 1093): 00;00;00;00;00;00;00;00;38;03;55;AA;;./src/MSrv_UartDebug.cpp;setEnvFrMcu;1083;0;0
01-10 23:19:33.549 I/tvos    ( 1093): ;./src/MSrv_UartDebug.cpp;setEnvFrMcu;1085;bootloader=0
01-10 23:19:35.569 I/tvos    ( 1093): ruandelu_003;ret=1
01-10 23:19:35.569 I/tvos    ( 1093): AA;55;22;00;00;01;10;02;00;00;81;FF;00;00;54;20;00;00;00;00;00;C2;0C;41;00;00;00;00;ruandelu_003;ret=1
01-10 23:19:35.569 I/tvos    ( 1093): 00;00;00;00;00;00;00;00;38;03;55;AA;;./src/MSrv_UartDebug.cpp;setEnvFrMcu;1083;0;0
01-10 23:19:35.569 I/tvos    ( 1093): ;./src/MSrv_UartDebug.cpp;setEnvFrMcu;1085;bootloader=0
01-10 23:19:35.769 D/TvManager_JNI( 1611): ReadCmdFromTVOS
01-10 23:19:35.769 D/TvManager_JNI( 1611): getGpioDeviceStatus
01-10 23:19:35.769 D/TvManager_JNI( 1611): getGpioDeviceStatus
01-10 23:19:35.769 D/TvManager_JNI( 1611): getGpioDeviceStatus
01-10 23:19:35.769 D/TvManager_JNI( 1611): ReadCmdFromTVOS
01-10 23:19:35.769 D/TvManager_JNI( 1611): ReadCmdFromTVOS
01-10 23:19:37.589 I/tvos    ( 1093): ruandelu_003;ret=1
01-10 23:19:37.589 I/tvos    ( 1093): AA;55;22;00;00;01;11;02;31;2E;36;2E;35;5F;62;64;34;34;33;31;30;00;31;31;32;32;33;33;ruandelu_003;ret=1
01-10 23:19:37.589 I/tvos    ( 1093): 34;34;35;35;36;36;00;00;B9;05;55;AA;ruandelu;./src/MSrv_UartDebug.cpp;set_mcu_ver_by_mcu;1011;1.6.5_bd44310;;;;
01-10 23:19:37.589 I/tvos    ( 1093):  ./src/MSrv_UartDebug.cpp:set_mcu_ver_by_mcu:1013;1.6.5_bd44310
01-10 23:19:37.589 I/tvos    ( 1093): ruandelu;./src/MSrv_UartDebug.cpp;set_mcu_ver_by_mcu;1022;1.6.5_bd44310;;;;
01-10 23:19:38.769 D/TvManager_JNI( 1611): ReadCmdFromTVOS
01-10 23:19:38.769 D/TvManager_JNI( 1611): getGpioDeviceStatus
01-10 23:19:38.769 D/TvManager_JNI( 1611): getGpioDeviceStatus
01-10 23:19:38.769 D/TvManager_JNI( 1611): getGpioDeviceStatus
01-10 23:19:38.769 D/TvManager_JNI( 1611): ReadCmdFromTVOS
01-10 23:19:38.769 D/TvManager_JNI( 1611): ReadCmdFromTVOS
01-10 23:19:39.609 I/tvos    ( 1093): ruandelu_003;ret=1
01-10 23:19:39.609 I/tvos    ( 1093): AA;55;22;00;00;01;10;02;00;00;81;FF;00;00;54;20;00;00;00;00;00;C2;0C;41;00;00;00;00;ruandelu_003;ret=1
01-10 23:19:39.609 I/tvos    ( 1093): 00;00;00;00;00;00;00;00;38;03;55;AA;;./src/MSrv_UartDebug.cpp;setEnvFrMcu;1083;0;0
01-10 23:19:39.609 I/tvos    ( 1093): ;./src/MSrv_UartDebug.cpp;setEnvFrMcu;1085;bootloader=0
01-10 23:19:41.629 I/tvos    ( 1093): ruandelu_003;ret=1
01-10 23:19:41.629 I/tvos    ( 1093): AA;55;22;00;00;01;10;02;00;00;81;FF;00;00;54;20;00;00;00;00;00;C2;0C;41;00;00;00;00;ruandelu_003;ret=1
01-10 23:19:41.629 I/tvos    ( 1093): 00;00;00;00;00;00;00;00;38;03;55;AA;;./src/MSrv_UartDebug.cpp;setEnvFrMcu;1083;0;0
01-10 23:19:41.629 I/tvos    ( 1093): ;./src/MSrv_UartDebug.cpp;setEnvFrMcu;1085;bootloader=0
01-10 23:19:41.779 D/TvManager_JNI( 1611): ReadCmdFromTVOS
01-10 23:19:41.779 D/TvManager_JNI( 1611): getGpioDeviceStatus
01-10 23:19:41.779 D/TvManager_JNI( 1611): getGpioDeviceStatus
01-10 23:19:41.779 D/TvManager_JNI( 1611): getGpioDeviceStatus
01-10 23:19:41.779 D/TvManager_JNI( 1611): ReadCmdFromTVOS
01-10 23:19:41.779 D/TvManager_JNI( 1611): ReadCmdFromTVOS
01-10 23:19:43.669 I/tvos    ( 1093): ruandelu_003;ret=1
01-10 23:19:43.669 I/tvos    ( 1093): AA;55;22;00;00;01;10;02;00;00;81;FF;00;00;54;20;00;00;00;00;00;C2;0C;41;00;00;00;00;ruandelu_003;ret=1
01-10 23:19:43.669 I/tvos    ( 1093): 00;00;00;00;00;00;00;00;38;03;55;AA;;./src/MSrv_UartDebug.cpp;setEnvFrMcu;1083;0;0
01-10 23:19:43.669 I/tvos    ( 1093): ;./src/MSrv_UartDebug.cpp;setEnvFrMcu;1085;bootloader=0
01-10 23:19:44.779 D/TvManager_JNI( 1611): ReadCmdFromTVOS
01-10 23:19:44.779 D/TvManager_JNI( 1611): getGpioDeviceStatus
01-10 23:19:44.779 D/TvManager_JNI( 1611): getGpioDeviceStatus
01-10 23:19:44.779 D/TvManager_JNI( 1611): getGpioDeviceStatus
01-10 23:19:44.779 D/TvManager_JNI( 1611): ReadCmdFromTVOS
01-10 23:19:44.779 D/TvManager_JNI( 1611): ReadCmdFromTVOS
01-10 23:19:45.689 I/tvos    ( 1093): ruandelu_003;ret=1
01-10 23:19:45.689 I/tvos    ( 1093): AA;55;22;00;00;01;10;02;00;00;81;FF;00;00;54;20;00;00;00;00;00;C2;0C;41;00;00;00;00;ruandelu_003;ret=1
01-10 23:19:45.689 I/tvos    ( 1093): 00;00;00;00;00;00;00;00;38;03;55;AA;;./src/MSrv_UartDebug.cpp;setEnvFrMcu;1083;0;0
01-10 23:19:45.689 I/tvos    ( 1093): ;./src/MSrv_UartDebug.cpp;setEnvFrMcu;1085;bootloader=0
01-10 23:19:47.709 I/tvos    ( 1093): ruandelu_003;ret=1
01-10 23:19:47.709 I/tvos    ( 1093): AA;55;22;00;00;01;10;02;00;00;81;FF;00;00;54;20;00;00;00;00;00;C2;0C;41;00;00;00;00;ruandelu_003;ret=1
01-10 23:19:47.709 I/tvos    ( 1093): 00;00;00;00;00;00;00;00;38;03;55;AA;;./src/MSrv_UartDebug.cpp;setEnvFrMcu;1083;0;0
01-10 23:19:47.709 I/tvos    ( 1093): ;./src/MSrv_UartDebug.cpp;setEnvFrMcu;1085;bootloader=0
01-10 23:19:47.779 D/TvManager_JNI( 1611): ReadCmdFromTVOS
01-10 23:19:47.779 D/TvManager_JNI( 1611): getGpioDeviceStatus
01-10 23:19:47.779 D/TvManager_JNI( 1611): getGpioDeviceStatus
01-10 23:19:47.779 D/TvManager_JNI( 1611): getGpioDeviceStatus
01-10 23:19:47.779 D/TvManager_JNI( 1611): ReadCmdFromTVOS
01-10 23:19:47.779 D/TvManager_JNI( 1611): ReadCmdFromTVOS
01-10 23:19:49.729 I/tvos    ( 1093): ruandelu_003;ret=1
01-10 23:19:49.729 I/tvos    ( 1093): AA;55;22;00;00;01;10;02;00;00;81;FF;00;00;54;20;00;00;00;00;00;C2;0C;41;00;00;00;00;ruandelu_003;ret=1
01-10 23:19:49.729 I/tvos    ( 1093): 00;00;00;00;00;00;00;00;38;03;55;AA;;./src/MSrv_UartDebug.cpp;setEnvFrMcu;1083;0;0
01-10 23:19:49.729 I/tvos    ( 1093): ;./src/MSrv_UartDebug.cpp;setEnvFrMcu;1085;bootloader=0
01-10 23:19:50.789 D/TvManager_JNI( 1611): ReadCmdFromTVOS
01-10 23:19:50.789 D/TvManager_JNI( 1611): getGpioDeviceStatus
01-10 23:19:50.789 D/TvManager_JNI( 1611): getGpioDeviceStatus
01-10 23:19:50.789 D/TvManager_JNI( 1611): getGpioDeviceStatus
01-10 23:19:50.789 D/TvManager_JNI( 1611): ReadCmdFromTVOS
01-10 23:19:50.789 D/TvManager_JNI( 1611): ReadCmdFromTVOS
01-10 23:19:51.769 I/tvos    ( 1093): ruandelu_003;ret=1
01-10 23:19:51.769 I/tvos    ( 1093): AA;55;22;00;00;01;10;02;00;00;81;FF;00;00;54;20;00;00;00;00;00;C2;0C;41;00;00;00;00;ruandelu_003;ret=1
01-10 23:19:51.769 I/tvos    ( 1093): 00;00;00;00;00;00;00;00;38;03;55;AA;;./src/MSrv_UartDebug.cpp;setEnvFrMcu;1083;0;0
01-10 23:19:51.769 I/tvos    ( 1093): ;./src/MSrv_UartDebug.cpp;setEnvFrMcu;1085;bootloader=0
01-10 23:19:53.769 I/tvos    ( 1093): ruandelu_003;ret=1
01-10 23:19:53.769 I/tvos    ( 1093): AA;55;22;00;00;01;11;02;31;2E;36;2E;35;5F;62;64;34;34;33;31;30;00;31;31;32;32;33;33;ruandelu_003;ret=1
01-10 23:19:53.769 I/tvos    ( 1093): 34;34;35;35;36;36;00;00;B9;05;55;AA;ruandelu;./src/MSrv_UartDebug.cpp;set_mcu_ver_by_mcu;1011;1.6.5_bd44310;;;;
01-10 23:19:53.769 I/tvos    ( 1093):  ./src/MSrv_UartDebug.cpp:set_mcu_ver_by_mcu:1013;1.6.5_bd44310
01-10 23:19:53.769 I/tvos    ( 1093): ruandelu;./src/MSrv_UartDebug.cpp;set_mcu_ver_by_mcu;1022;1.6.5_bd44310;;;;
01-10 23:19:53.789 D/TvManager_JNI( 1611): ReadCmdFromTVOS
01-10 23:19:53.789 D/TvManager_JNI( 1611): getGpioDeviceStatus
01-10 23:19:53.789 D/TvManager_JNI( 1611): getGpioDeviceStatus
01-10 23:19:53.789 D/TvManager_JNI( 1611): getGpioDeviceStatus
01-10 23:19:53.789 D/TvManager_JNI( 1611): ReadCmdFromTVOS
01-10 23:19:53.789 D/TvManager_JNI( 1611): ReadCmdFromTVOS
01-10 23:19:55.789 I/tvos    ( 1093): ruandelu_003;ret=1
01-10 23:19:55.789 I/tvos    ( 1093): AA;55;22;00;00;01;10;02;00;00;81;FF;00;00;54;20;00;00;00;00;00;C2;0C;41;00;00;00;00;ruandelu_003;ret=1
01-10 23:19:55.789 I/tvos    ( 1093): 00;00;00;00;00;00;00;00;38;03;55;AA;;./src/MSrv_UartDebug.cpp;setEnvFrMcu;1083;0;0
01-10 23:19:55.789 I/tvos    ( 1093): ;./src/MSrv_UartDebug.cpp;setEnvFrMcu;1085;bootloader=0
01-10 23:19:56.789 D/TvManager_JNI( 1611): ReadCmdFromTVOS
01-10 23:19:56.789 D/TvManager_JNI( 1611): getGpioDeviceStatus
01-10 23:19:56.789 D/TvManager_JNI( 1611): getGpioDeviceStatus
01-10 23:19:56.789 D/TvManager_JNI( 1611): getGpioDeviceStatus
01-10 23:19:56.789 D/TvManager_JNI( 1611): ReadCmdFromTVOS
01-10 23:19:56.789 D/TvManager_JNI( 1611): ReadCmdFromTVOS
01-10 23:19:57.829 I/tvos    ( 1093): ruandelu_003;ret=1
01-10 23:19:57.829 I/tvos    ( 1093): AA;55;22;00;00;01;10;02;00;00;81;FF;00;00;54;20;00;00;00;00;00;C2;0C;41;00;00;00;00;ruandelu_003;ret=1
01-10 23:19:57.829 I/tvos    ( 1093): 00;00;00;00;00;00;00;00;38;03;55;AA;;./src/MSrv_UartDebug.cpp;setEnvFrMcu;1083;0;0
01-10 23:19:57.829 I/tvos    ( 1093): ;./src/MSrv_UartDebug.cpp;setEnvFrMcu;1085;bootloader=0
01-10 23:19:59.799 D/TvManager_JNI( 1611): ReadCmdFromTVOS
01-10 23:19:59.799 D/TvManager_JNI( 1611): getGpioDeviceStatus
01-10 23:19:59.799 D/TvManager_JNI( 1611): getGpioDeviceStatus
01-10 23:19:59.799 D/TvManager_JNI( 1611): getGpioDeviceStatus
01-10 23:19:59.799 D/TvManager_JNI( 1611): ReadCmdFromTVOS
01-10 23:19:59.799 D/TvManager_JNI( 1611): ReadCmdFromTVOS
01-10 23:19:59.849 I/tvos    ( 1093): ruandelu_003;ret=1
01-10 23:19:59.849 I/tvos    ( 1093): AA;55;22;00;00;01;10;02;00;00;81;FF;00;00;54;20;00;00;00;00;00;C2;0C;41;00;00;00;00;ruandelu_003;ret=1
01-10 23:19:59.849 I/tvos    ( 1093): 00;00;00;00;00;00;00;00;38;03;55;AA;;./src/MSrv_UartDebug.cpp;setEnvFrMcu;1083;0;0
01-10 23:19:59.849 I/tvos    ( 1093): ;./src/MSrv_UartDebug.cpp;setEnvFrMcu;1085;bootloader=0
01-10 23:20:00.019 E/receiver( 1779): intentandroid.intent.action.TIME_TICK
01-10 23:20:00.049 D/gralloc ( 1085): allocate buffer from ION HEAP 0x1
01-10 23:20:00.049 D/gralloc ( 1085): allocate memory from system heap
01-10 23:20:00.319 I/tvos    ( 1093): [37m[INFO] Change to Voltage: 1270 mV (0x2B)[m
01-10 23:20:00.319 I/tvos    ( 1093): [37m[INFO] Change to Voltage: 1270 mV (0x2E)[m
01-10 23:20:00.319 I/tvos    ( 1093): [37m[INFO] Change to Voltage: 1270 mV (0x31)[m
01-10 23:20:00.319 I/tvos    ( 1093): [37m[INFO] Change to Voltage: 1270 mV (0x34)[m
01-10 23:20:00.319 I/tvos    ( 1093): [37m[INFO] Change to Voltage: 1270 mV (0x37)[m
01-10 23:20:00.319 I/tvos    ( 1093): [37m[INFO] Change to Voltage: 1270 mV (0x3A)[m
01-10 23:20:00.319 I/tvos    ( 1093): [37m[INFO] Change to Voltage: 1270 mV (0x3C)[m
01-10 23:20:00.329 I/tvos    ( 1093): [37m[ERROR] Software I2C Write Failed[m
01-10 23:20:00.519 I/tvos    ( 1093): [37m[INFO] Change to Voltage: 1100 mV (0x3C)[m
01-10 23:20:00.519 I/tvos    ( 1093): [37m[INFO] Change to Voltage: 1100 mV (0x39)[m
01-10 23:20:00.519 I/tvos    ( 1093): [37m[INFO] Change to Voltage: 1100 mV (0x36)[m
01-10 23:20:00.519 I/tvos    ( 1093): [37m[INFO] Change to Voltage: 1100 mV (0x33)[m
01-10 23:20:00.519 I/tvos    ( 1093): [37m[INFO] Change to Voltage: 1100 mV (0x30)[m
01-10 23:20:00.519 I/tvos    ( 1093): [37m[INFO] Change to Voltage: 1100 mV (0x2D)[m
01-10 23:20:00.519 I/tvos    ( 1093): [37m[INFO] Change to Voltage: 1100 mV (0x2B)[m
01-10 23:20:00.529 I/tvos    ( 1093): [37m[ERROR] Software I2C Write Failed[m
01-10 23:20:01.869 I/tvos    ( 1093): ruandelu_003;ret=1
01-10 23:20:01.869 I/tvos    ( 1093): AA;55;22;00;00;01;10;02;00;00;81;FF;00;00;54;20;00;00;00;00;00;C2;0C;41;00;00;00;00;ruandelu_003;ret=1
01-10 23:20:01.869 I/tvos    ( 1093): 00;00;00;00;00;00;00;00;38;03;55;AA;;./src/MSrv_UartDebug.cpp;setEnvFrMcu;1083;0;0
01-10 23:20:01.869 I/tvos    ( 1093): ;./src/MSrv_UartDebug.cpp;setEnvFrMcu;1085;bootloader=0
