--------- beginning of /dev/log/main
01-10 23:13:47.589 I/tvos    ( 1093): ruandelu_003;ret=1
01-10 23:13:47.589 I/tvos    ( 1093): AA;55;22;00;00;01;10;02;00;00;81;FF;00;00;54;20;00;00;00;00;00;C2;0C;41;00;00;00;00;ruandelu_003;ret=1
01-10 23:13:47.599 I/tvos    ( 1093): 00;00;00;00;00;00;00;00;38;03;55;AA;;./src/MSrv_UartDebug.cpp;setEnvFrMcu;1083;0;0
01-10 23:13:47.599 I/tvos    ( 1093): ;./src/MSrv_UartDebug.cpp;setEnvFrMcu;1085;bootloader=0
01-10 23:13:49.609 I/tvos    ( 1093): ruandelu_003;ret=1
01-10 23:13:49.609 I/tvos    ( 1093): AA;55;22;00;00;01;10;02;00;00;81;FF;00;00;54;20;00;00;00;00;00;C2;0C;41;00;00;00;00;ruandelu_003;ret=1
01-10 23:13:49.619 I/tvos    ( 1093): 00;00;00;00;00;00;00;00;38;03;55;AA;;./src/MSrv_UartDebug.cpp;setEnvFrMcu;1083;0;0
01-10 23:13:49.619 I/tvos    ( 1093): ;./src/MSrv_UartDebug.cpp;setEnvFrMcu;1085;bootloader=0
01-10 23:13:49.709 D/TvManager_JNI( 1611): ReadCmdFromTVOS
01-10 23:13:49.709 D/TvManager_JNI( 1611): getGpioDeviceStatus
01-10 23:13:49.709 D/TvManager_JNI( 1611): getGpioDeviceStatus
01-10 23:13:49.709 D/TvManager_JNI( 1611): getGpioDeviceStatus
01-10 23:13:49.709 D/TvManager_JNI( 1611): ReadCmdFromTVOS
01-10 23:13:49.709 D/TvManager_JNI( 1611): ReadCmdFromTVOS
01-10 23:13:51.649 I/tvos    ( 1093): ruandelu_003;ret=1
01-10 23:13:51.649 I/tvos    ( 1093): AA;55;22;00;00;01;10;02;00;00;81;FF;00;00;54;20;00;00;00;00;00;C2;0C;41;00;00;00;00;ruandelu_003;ret=1
01-10 23:13:51.659 I/tvos    ( 1093): 00;00;00;00;00;00;00;00;38;03;55;AA;;./src/MSrv_UartDebug.cpp;setEnvFrMcu;1083;0;0
01-10 23:13:51.659 I/tvos    ( 1093): ;./src/MSrv_UartDebug.cpp;setEnvFrMcu;1085;bootloader=0
01-10 23:13:52.719 D/TvManager_JNI( 1611): ReadCmdFromTVOS
01-10 23:13:52.719 D/TvManager_JNI( 1611): getGpioDeviceStatus
01-10 23:13:52.719 D/TvManager_JNI( 1611): getGpioDeviceStatus
01-10 23:13:52.719 D/TvManager_JNI( 1611): getGpioDeviceStatus
01-10 23:13:52.719 D/TvManager_JNI( 1611): ReadCmdFromTVOS
01-10 23:13:52.719 D/TvManager_JNI( 1611): ReadCmdFromTVOS
01-10 23:13:53.669 I/tvos    ( 1093): ruandelu_003;ret=1
01-10 23:13:53.669 I/tvos    ( 1093): AA;55;22;00;00;01;10;02;00;00;81;FF;00;00;54;20;00;00;00;00;00;C2;0C;41;00;00;00;00;ruandelu_003;ret=1
01-10 23:13:53.679 I/tvos    ( 1093): 00;00;00;00;00;00;00;00;38;03;55;AA;;./src/MSrv_UartDebug.cpp;setEnvFrMcu;1083;0;0
01-10 23:13:53.679 I/tvos    ( 1093): ;./src/MSrv_UartDebug.cpp;setEnvFrMcu;1085;bootloader=0
01-10 23:13:55.689 I/tvos    ( 1093): ruandelu_003;ret=1
01-10 23:13:55.689 I/tvos    ( 1093): AA;55;22;00;00;01;10;02;00;00;81;FF;00;00;54;20;00;00;00;00;00;C2;0C;41;00;00;00;00;ruandelu_003;ret=1
01-10 23:13:55.699 I/tvos    ( 1093): 00;00;00;00;00;00;00;00;38;03;55;AA;;./src/MSrv_UartDebug.cpp;setEnvFrMcu;1083;0;0
01-10 23:13:55.699 I/tvos    ( 1093): ;./src/MSrv_UartDebug.cpp;setEnvFrMcu;1085;bootloader=0
01-10 23:13:55.729 D/TvManager_JNI( 1611): ReadCmdFromTVOS
01-10 23:13:55.729 D/TvManager_JNI( 1611): getGpioDeviceStatus
01-10 23:13:55.729 D/TvManager_JNI( 1611): getGpioDeviceStatus
01-10 23:13:55.729 D/TvManager_JNI( 1611): getGpioDeviceStatus
01-10 23:13:55.729 D/TvManager_JNI( 1611): ReadCmdFromTVOS
01-10 23:13:55.739 D/TvManager_JNI( 1611): ReadCmdFromTVOS
01-10 23:13:57.709 I/tvos    ( 1093): ruandelu_003;ret=1
01-10 23:13:57.709 I/tvos    ( 1093): AA;55;22;00;00;01;11;02;31;2E;36;2E;35;5F;62;64;34;34;33;31;30;00;31;31;32;32;33;33;ruandelu_003;ret=1
01-10 23:13:57.719 I/tvos    ( 1093): 34;34;35;35;36;36;00;00;B9;05;55;AA;ruandelu;./src/MSrv_UartDebug.cpp;set_mcu_ver_by_mcu;1011;1.6.5_bd44310;;;;
01-10 23:13:57.719 I/tvos    ( 1093):  ./src/MSrv_UartDebug.cpp:set_mcu_ver_by_mcu:1013;1.6.5_bd44310
01-10 23:13:57.719 I/tvos    ( 1093): ruandelu;./src/MSrv_UartDebug.cpp;set_mcu_ver_by_mcu;1022;1.6.5_bd44310;;;;
01-10 23:13:58.739 D/TvManager_JNI( 1611): ReadCmdFromTVOS
01-10 23:13:58.739 D/TvManager_JNI( 1611): getGpioDeviceStatus
01-10 23:13:58.739 D/TvManager_JNI( 1611): getGpioDeviceStatus
01-10 23:13:58.749 D/TvManager_JNI( 1611): getGpioDeviceStatus
01-10 23:13:58.749 D/TvManager_JNI( 1611): ReadCmdFromTVOS
01-10 23:13:58.749 D/TvManager_JNI( 1611): ReadCmdFromTVOS
01-10 23:13:59.729 I/tvos    ( 1093): ruandelu_003;ret=1
01-10 23:13:59.739 I/tvos    ( 1093): AA;55;22;00;00;01;10;02;00;00;81;FF;00;00;54;20;00;00;00;00;00;C2;0C;41;00;00;00;00;00;00;00;00;00;00;00;00;38;03;55;AA;;./src/MSrv_UartDebug.cpp;setEnvFrMcu;1083;0;0
01-10 23:13:59.739 I/tvos    ( 1093): ;./src/MSrv_UartDebug.cpp;setEnvFrMcu;1085;bootloader=0
01-10 23:14:00.029 E/receiver( 1779): intentandroid.intent.action.TIME_TICK
--------- beginning of /dev/log/system
01-10 23:14:00.259 W/ContextImpl( 1750): Calling a method in the system process without a qualified user: android.app.ContextImpl.startActivity:1028 android.content.ContextWrapper.startActivity:311 com.hht.toolbar.ToolBarService.startApplication:210 com.hht.toolbar.ToolBarService.access$2:204 com.hht.toolbar.ToolBarService$3.ItemClick:157 
01-10 23:14:00.259 W/ContextImpl( 1750): Calling a method in the system process without a qualified user: android.app.ContextImpl.startActivity:1040 android.app.ContextImpl.startActivity:1029 android.content.ContextWrapper.startActivity:311 com.hht.toolbar.ToolBarService.startApplication:210 com.hht.toolbar.ToolBarService.access$2:204 
01-10 23:14:00.279 I/ActivityManager( 1519): START u0 {flg=0x10000000 cmp=com.hht.source/.MainActivity} from pid 1750
01-10 23:14:00.309 W/ContextImpl( 2637): Calling a method in the system process without a qualified user: android.app.ContextImpl.sendBroadcast:1131 android.content.ContextWrapper.sendBroadcast:365 com.hht.whiteboard.Whiteboard.BroadcastNotWhiteBoard:528 com.hht.whiteboard.Whiteboard.onPause:553 android.app.Activity.performPause:5339 
01-10 23:14:00.349 D/dalvikvm( 2952): Late-enabling CheckJNI
01-10 23:14:00.349 I/ActivityManager( 1519): Start proc com.hht.source for activity com.hht.source/.MainActivity: pid=2952 uid=10027 gids={50027, 3003, 1007, 1028, 1015, 1023}
01-10 23:14:00.459 I/ActivityManager( 1519): TR4) TaskRecord{425ee598 #13 A=com.hht.source U=0 sz=1}
01-10 23:14:00.459 I/ActivityManager( 1519): TR3) TaskRecord{421fc9b8 #9 A=com.hht.whiteboard U=0 sz=1}
01-10 23:14:00.529 I/ActivityManager( 1519): TR4) TaskRecord{425ee598 #13 A=com.hht.source U=0 sz=1}
01-10 23:14:00.529 I/ActivityManager( 1519): TR3) TaskRecord{421fc9b8 #9 A=com.hht.whiteboard U=0 sz=1}
01-10 23:14:00.599 W/ActivityManager( 1519): Unable to start service Intent { cmp=com.hht.source/.service.DeteteService } U=0: not found
01-10 23:14:00.639 D/dalvikvm( 2952): GC_FOR_ALLOC freed 76K, 24% free 2934K/3852K, paused 11ms, total 12ms
01-10 23:14:00.639 I/dalvikvm-heap( 2952): Grow heap (frag case) to 7.331MB for 3822800-byte allocation
01-10 23:14:00.659 D/dalvikvm( 2952): GC_FOR_ALLOC freed <1K, 13% free 6667K/7588K, paused 19ms, total 19ms
01-10 23:14:00.759 D/TvManager_JNI( 2952): JNI_OnLoad
01-10 23:14:00.759 D/TvManager_JNI( 2952): native_init
01-10 23:14:00.759 D/TvManager_JNI( 2952): native_setup
01-10 23:14:00.769 D/TvManager_JNI( 2952): setTvosCommonCommand
01-10 23:14:00.769 I/tvos    ( 1093):  ./src/MSrv_UartDebug.cpp:parseTvosCommonCommand:1394;11;CMD_TP_NONE;
01-10 23:14:00.789 D/AudioManager_JNI( 2952): JNI_OnLoad
01-10 23:14:00.789 D/AudioManager_JNI( 2952): native_init
01-10 23:14:00.789 D/AudioManager_JNI( 2952): native_setup
01-10 23:14:00.809 D/AudioManager_JNI( 2952): native_setMuteStatus
01-10 23:14:00.809 I/tvos    ( 1093): Receive AUDIOMANAGER_SET_AUDIO_MUTE
01-10 23:14:00.809 I/tvos    ( 1093): AudioManagerService::Client::setMuteStatus
01-10 23:14:00.819 D/TvManager_JNI( 2952): ReadCmdFromTVOS
01-10 23:14:00.949 D/mali_winsys( 2952): new_window_surface returns 0x3000
01-10 23:14:00.949 D/OpenGLRenderer( 2952): Enabling debug mode 0
01-10 23:14:01.009 I/tvos    ( 1093): lynn SetHhtInputSource HHT_INPUT_SOURCE_ANDROIDlynn SetHhtInputSource HHT_INPUT_SOURCE_ANDROIDlynn SetHhtInputSource HHT_INPUT_SOURCE_ANDROIDlynn SetHhtInputSource HHT_INPUT_SOURCE_ANDROIDDetect >>>>>>>>>>>>>>>> Signal Locked!!!
01-10 23:14:01.019 D/gralloc ( 1085): allocate buffer from ION HEAP 0x1
01-10 23:14:01.019 D/gralloc ( 1085): allocate memory from system heap
01-10 23:14:01.239 I/ActivityManager( 1519): Displayed com.hht.source/.MainActivity: +927ms
01-10 23:14:01.309 D/gralloc ( 1085): allocate buffer from ION HEAP 0x1
01-10 23:14:01.309 D/gralloc ( 1085): allocate memory from system heap
01-10 23:14:01.329 D/hwcomposer( 1085): lastHWWindowInfo is dirty
01-10 23:14:01.749 I/tvos    ( 1093): ruandelu_003;ret=1
01-10 23:14:01.749 I/tvos    ( 1093): AA;55;22;00;00;01;10;02;00;00;81;FF;00;00;54;20;00;00;00;00;00;C2;0C;41;00;00;00;00;ruandelu_003;ret=1
01-10 23:14:01.759 D/TvManager_JNI( 1611): ReadCmdFromTVOS
01-10 23:14:01.759 I/tvos    ( 1093): 00;00;00;00;00;00;00;00;38;03;55;AA;;./src/MSrv_UartDebug.cpp;setEnvFrMcu;1083;0;0
01-10 23:14:01.759 I/tvos    ( 1093): ;./src/MSrv_UartDebug.cpp;setEnvFrMcu;1085;bootloader=0
01-10 23:14:01.769 D/TvManager_JNI( 1611): getGpioDeviceStatus
01-10 23:14:01.769 D/TvManager_JNI( 1611): getGpioDeviceStatus
01-10 23:14:01.769 D/TvManager_JNI( 1611): getGpioDeviceStatus
01-10 23:14:01.769 D/TvManager_JNI( 1611): ReadCmdFromTVOS
01-10 23:14:01.779 D/TvManager_JNI( 1611): ReadCmdFromTVOS
01-10 23:14:03.769 I/tvos    ( 1093): ruandelu_003;ret=1
01-10 23:14:03.769 I/tvos    ( 1093): AA;55;22;00;00;01;10;02;00;00;81;FF;00;00;54;20;00;00;00;00;00;C2;0C;41;00;00;00;00;ruandelu_003;ret=1
01-10 23:14:03.779 I/tvos    ( 1093): 00;00;00;00;00;00;00;00;38;03;55;AA;;./src/MSrv_UartDebug.cpp;setEnvFrMcu;1083;0;0
01-10 23:14:03.779 I/tvos    ( 1093): ;./src/MSrv_UartDebug.cpp;setEnvFrMcu;1085;bootloader=0
01-10 23:14:04.779 D/TvManager_JNI( 1611): ReadCmdFromTVOS
01-10 23:14:04.779 D/TvManager_JNI( 1611): getGpioDeviceStatus
01-10 23:14:04.789 D/TvManager_JNI( 1611): getGpioDeviceStatus
01-10 23:14:04.789 D/TvManager_JNI( 1611): getGpioDeviceStatus
01-10 23:14:04.789 D/TvManager_JNI( 1611): ReadCmdFromTVOS
01-10 23:14:04.799 D/TvManager_JNI( 1611): ReadCmdFromTVOS
01-10 23:14:05.719 I/tvos    ( 1093): [37m[INFO] Change to Voltage: 1100 mV (0x3C)[m
01-10 23:14:05.719 I/tvos    ( 1093): [37m[INFO] Change to Voltage: 1100 mV (0x39)[m
01-10 23:14:05.719 I/tvos    ( 1093): [37m[INFO] Change to Voltage: 1100 mV (0x36)[m
01-10 23:14:05.719 I/tvos    ( 1093): [37m[INFO] Change to Voltage: 1100 mV (0x33)[m
01-10 23:14:05.719 I/tvos    ( 1093): [37m[INFO] Change to Voltage: 1100 mV (0x30)[m
01-10 23:14:05.729 I/tvos    ( 1093): [37m[INFO] Change to Voltage: 1100 mV (0x2D)[m
01-10 23:14:05.729 I/tvos    ( 1093): [37m[INFO] Change to Voltage: 1100 mV (0x2B)[m
01-10 23:14:05.739 I/tvos    ( 1093): [37m[ERROR] Software I2C Write Failed[m
01-10 23:14:05.809 I/tvos    ( 1093): ruandelu_003;ret=1
01-10 23:14:05.809 I/tvos    ( 1093): AA;55;22;00;00;01;10;02;00;00;81;FF;00;00;54;20;00;00;00;00;00;C2;0C;41;00;00;00;00;ruandelu_003;ret=1
01-10 23:14:05.819 I/tvos    ( 1093): 00;00;00;00;00;00;00;00;38;03;55;AA;;./src/MSrv_UartDebug.cpp;setEnvFrMcu;1083;0;0
01-10 23:14:05.819 I/tvos    ( 1093): ;./src/MSrv_UartDebug.cpp;setEnvFrMcu;1085;bootloader=0
01-10 23:14:07.799 D/TvManager_JNI( 1611): ReadCmdFromTVOS
01-10 23:14:07.799 D/TvManager_JNI( 1611): getGpioDeviceStatus
01-10 23:14:07.799 D/TvManager_JNI( 1611): getGpioDeviceStatus
01-10 23:14:07.799 D/TvManager_JNI( 1611): getGpioDeviceStatus
01-10 23:14:07.799 D/TvManager_JNI( 1611): ReadCmdFromTVOS
01-10 23:14:07.809 D/TvManager_JNI( 1611): ReadCmdFromTVOS
01-10 23:14:07.829 I/tvos    ( 1093): ruandelu_003;ret=1
01-10 23:14:07.829 I/tvos    ( 1093): AA;55;22;00;00;01;10;02;00;00;81;FF;00;00;54;20;00;00;00;00;00;C2;0C;41;00;00;00;00;ruandelu_003;ret=1
01-10 23:14:07.839 I/tvos    ( 1093): 00;00;00;00;00;00;00;00;38;03;55;AA;;./src/MSrv_UartDebug.cpp;setEnvFrMcu;1083;0;0
01-10 23:14:07.839 I/tvos    ( 1093): ;./src/MSrv_UartDebug.cpp;setEnvFrMcu;1085;bootloader=0
01-10 23:14:09.849 I/tvos    ( 1093): ruandelu_003;ret=1
01-10 23:14:09.849 I/tvos    ( 1093): AA;55;22;00;00;01;10;02;00;00;81;FF;00;00;54;20;00;00;00;00;00;C2;0C;41;00;00;00;00;ruandelu_003;ret=1
01-10 23:14:09.859 I/tvos    ( 1093): 00;00;00;00;00;00;00;00;38;03;55;AA;;./src/MSrv_UartDebug.cpp;setEnvFrMcu;1083;0;0
01-10 23:14:09.859 I/tvos    ( 1093): ;./src/MSrv_UartDebug.cpp;setEnvFrMcu;1085;bootloader=0
01-10 23:14:10.809 D/TvManager_JNI( 1611): ReadCmdFromTVOS
01-10 23:14:10.809 D/TvManager_JNI( 1611): getGpioDeviceStatus
01-10 23:14:10.809 D/TvManager_JNI( 1611): getGpioDeviceStatus
01-10 23:14:10.809 D/TvManager_JNI( 1611): getGpioDeviceStatus
01-10 23:14:10.809 D/TvManager_JNI( 1611): ReadCmdFromTVOS
01-10 23:14:10.819 D/TvManager_JNI( 1611): ReadCmdFromTVOS
01-10 23:14:11.869 I/tvos    ( 1093): ruandelu_003;ret=1
01-10 23:14:11.869 I/tvos    ( 1093): AA;55;22;00;00;01;10;02;00;00;81;FF;00;00;54;20;00;00;00;00;00;C2;0C;41;00;00;00;00;ruandelu_003;ret=1
01-10 23:14:11.879 I/tvos    ( 1093): 00;00;00;00;00;00;00;00;38;03;55;AA;;./src/MSrv_UartDebug.cpp;setEnvFrMcu;1083;0;0
01-10 23:14:11.879 I/tvos    ( 1093): ;./src/MSrv_UartDebug.cpp;setEnvFrMcu;1085;bootloader=0
01-10 23:14:13.819 D/TvManager_JNI( 1611): ReadCmdFromTVOS
01-10 23:14:13.819 D/TvManager_JNI( 1611): getGpioDeviceStatus
01-10 23:14:13.819 D/TvManager_JNI( 1611): getGpioDeviceStatus
01-10 23:14:13.819 D/TvManager_JNI( 1611): getGpioDeviceStatus
01-10 23:14:13.819 D/TvManager_JNI( 1611): ReadCmdFromTVOS
01-10 23:14:13.819 D/TvManager_JNI( 1611): ReadCmdFromTVOS
01-10 23:14:13.889 I/tvos    ( 1093): ruandelu_003;ret=1
01-10 23:14:13.889 I/tvos    ( 1093): AA;55;22;00;00;01;11;02;31;2E;36;2E;35;5F;62;64;34;34;33;31;30;00;31;31;32;32;33;33;ruandelu_003;ret=1
01-10 23:14:13.899 I/tvos    ( 1093): 34;34;35;35;36;36;00;00;B9;05;55;AA;ruandelu;./src/MSrv_UartDebug.cpp;set_mcu_ver_by_mcu;1011;1.6.5_bd44310;;;;
01-10 23:14:13.899 I/tvos    ( 1093):  ./src/MSrv_UartDebug.cpp:set_mcu_ver_by_mcu:1013;1.6.5_bd44310
01-10 23:14:13.899 I/tvos    ( 1093): ruandelu;./src/MSrv_UartDebug.cpp;set_mcu_ver_by_mcu;1022;1.6.5_bd44310;;;;
01-10 23:14:15.909 I/tvos    ( 1093): ruandelu_003;ret=1
01-10 23:14:15.909 I/tvos    ( 1093): AA;55;22;00;00;01;10;02;00;00;81;FF;00;00;54;20;00;00;00;00;00;C2;0C;41;00;00;00;00;ruandelu_003;ret=1
01-10 23:14:15.919 I/tvos    ( 1093): 00;00;00;00;00;00;00;00;38;03;55;AA;;./src/MSrv_UartDebug.cpp;setEnvFrMcu;1083;0;0
01-10 23:14:15.919 I/tvos    ( 1093): ;./src/MSrv_UartDebug.cpp;setEnvFrMcu;1085;bootloader=0
01-10 23:14:16.829 D/TvManager_JNI( 1611): ReadCmdFromTVOS
01-10 23:14:16.829 D/TvManager_JNI( 1611): getGpioDeviceStatus
01-10 23:14:16.829 D/TvManager_JNI( 1611): getGpioDeviceStatus
01-10 23:14:16.829 D/TvManager_JNI( 1611): getGpioDeviceStatus
01-10 23:14:16.829 D/TvManager_JNI( 1611): ReadCmdFromTVOS
01-10 23:14:16.829 D/TvManager_JNI( 1611): ReadCmdFromTVOS
01-10 23:14:17.929 I/tvos    ( 1093): ruandelu_003;ret=1
01-10 23:14:17.929 I/tvos    ( 1093): AA;55;22;00;00;01;10;02;00;00;81;FF;00;00;54;20;00;00;00;00;00;C2;0C;41;00;00;00;00;ruandelu_003;ret=1
01-10 23:14:17.939 I/tvos    ( 1093): 00;00;00;00;00;00;00;00;38;03;55;AA;;./src/MSrv_UartDebug.cpp;setEnvFrMcu;1083;0;0
01-10 23:14:17.939 I/tvos    ( 1093): ;./src/MSrv_UartDebug.cpp;setEnvFrMcu;1085;bootloader=0
01-10 23:14:19.839 D/TvManager_JNI( 1611): ReadCmdFromTVOS
01-10 23:14:19.839 D/TvManager_JNI( 1611): getGpioDeviceStatus
01-10 23:14:19.839 D/TvManager_JNI( 1611): getGpioDeviceStatus
01-10 23:14:19.839 D/TvManager_JNI( 1611): getGpioDeviceStatus
01-10 23:14:19.839 D/TvManager_JNI( 1611): ReadCmdFromTVOS
01-10 23:14:19.839 D/TvManager_JNI( 1611): ReadCmdFromTVOS
01-10 23:14:19.969 I/tvos    ( 1093): ruandelu_003;ret=1
01-10 23:14:19.969 I/tvos    ( 1093): AA;55;22;00;00;01;10;02;00;00;81;FF;00;00;54;20;00;00;00;00;00;C2;0C;41;00;00;00;00;ruandelu_003;ret=1
01-10 23:14:19.979 I/tvos    ( 1093): 00;00;00;00;00;00;00;00;38;03;55;AA;;./src/MSrv_UartDebug.cpp;setEnvFrMcu;1083;0;0
01-10 23:14:19.979 I/tvos    ( 1093): ;./src/MSrv_UartDebug.cpp;setEnvFrMcu;1085;bootloader=0
01-10 23:14:21.989 I/tvos    ( 1093): ruandelu_003;ret=1
01-10 23:14:21.989 I/tvos    ( 1093): AA;55;22;00;00;01;10;02;00;00;81;FF;00;00;54;20;00;00;00;00;00;C2;0C;41;00;00;00;00;ruandelu_003;ret=1
01-10 23:14:21.999 I/tvos    ( 1093): 00;00;00;00;00;00;00;00;38;03;55;AA;;./src/MSrv_UartDebug.cpp;setEnvFrMcu;1083;0;0
01-10 23:14:21.999 I/tvos    ( 1093): ;./src/MSrv_UartDebug.cpp;setEnvFrMcu;1085;bootloader=0
01-10 23:14:22.849 D/TvManager_JNI( 1611): ReadCmdFromTVOS
01-10 23:14:22.849 D/TvManager_JNI( 1611): getGpioDeviceStatus
01-10 23:14:22.849 D/TvManager_JNI( 1611): getGpioDeviceStatus
01-10 23:14:22.849 D/TvManager_JNI( 1611): getGpioDeviceStatus
01-10 23:14:22.849 D/TvManager_JNI( 1611): ReadCmdFromTVOS
01-10 23:14:22.849 D/TvManager_JNI( 1611): ReadCmdFromTVOS
01-10 23:14:24.009 I/tvos    ( 1093): ruandelu_003;ret=1
01-10 23:14:24.009 I/tvos    ( 1093): AA;55;22;00;00;01;10;02;00;00;81;FF;00;00;54;20;00;00;00;00;00;C2;0C;41;00;00;00;00;ruandelu_003;ret=1
01-10 23:14:24.019 I/tvos    ( 1093): 00;00;00;00;00;00;00;00;38;03;55;AA;;./src/MSrv_UartDebug.cpp;setEnvFrMcu;1083;0;0
01-10 23:14:24.019 I/tvos    ( 1093): ;./src/MSrv_UartDebug.cpp;setEnvFrMcu;1085;bootloader=0
01-10 23:14:25.859 D/TvManager_JNI( 1611): ReadCmdFromTVOS
01-10 23:14:25.859 D/TvManager_JNI( 1611): getGpioDeviceStatus
01-10 23:14:25.859 D/TvManager_JNI( 1611): getGpioDeviceStatus
01-10 23:14:25.859 D/TvManager_JNI( 1611): getGpioDeviceStatus
01-10 23:14:25.859 D/TvManager_JNI( 1611): ReadCmdFromTVOS
01-10 23:14:25.859 D/TvManager_JNI( 1611): ReadCmdFromTVOS
01-10 23:14:26.029 I/tvos    ( 1093): ruandelu_003;ret=1
01-10 23:14:26.029 I/tvos    ( 1093): AA;55;22;00;00;01;10;02;00;00;81;FF;00;00;54;20;00;00;00;00;00;C2;0C;41;00;00;00;00;ruandelu_003;ret=1
01-10 23:14:26.039 I/tvos    ( 1093): 00;00;00;00;00;00;00;00;38;03;55;AA;;./src/MSrv_UartDebug.cpp;setEnvFrMcu;1083;0;0
01-10 23:14:26.039 I/tvos    ( 1093): ;./src/MSrv_UartDebug.cpp;setEnvFrMcu;1085;bootloader=0
01-10 23:14:28.069 I/tvos    ( 1093): ruandelu_003;ret=1
01-10 23:14:28.069 I/tvos    ( 1093): AA;55;22;00;00;01;10;02;00;00;81;FF;00;00;54;20;00;00;00;00;00;C2;0C;41;00;00;00;00;ruandelu_003;ret=1
01-10 23:14:28.069 I/tvos    ( 1093): 00;00;00;00;00;00;00;00;38;03;55;AA;;./src/MSrv_UartDebug.cpp;setEnvFrMcu;1083;0;0
01-10 23:14:28.069 I/tvos    ( 1093): ;./src/MSrv_UartDebug.cpp;setEnvFrMcu;1085;bootloader=0
01-10 23:14:28.859 D/TvManager_JNI( 1611): ReadCmdFromTVOS
01-10 23:14:28.859 D/TvManager_JNI( 1611): getGpioDeviceStatus
01-10 23:14:28.869 D/TvManager_JNI( 1611): getGpioDeviceStatus
01-10 23:14:28.869 D/TvManager_JNI( 1611): getGpioDeviceStatus
01-10 23:14:28.869 D/TvManager_JNI( 1611): ReadCmdFromTVOS
01-10 23:14:28.869 D/TvManager_JNI( 1611): ReadCmdFromTVOS
01-10 23:14:30.069 I/tvos    ( 1093): ruandelu_003;ret=1
01-10 23:14:30.069 I/tvos    ( 1093): AA;55;22;00;00;01;11;02;31;2E;36;2E;35;5F;62;64;34;34;33;31;30;00;31;31;32;32;33;33;ruandelu_003;ret=1
01-10 23:14:30.079 I/tvos    ( 1093): 34;34;35;35;36;36;00;00;B9;05;55;AA;ruandelu;./src/MSrv_UartDebug.cpp;set_mcu_ver_by_mcu;1011;1.6.5_bd44310;;;;
01-10 23:14:30.079 I/tvos    ( 1093):  ./src/MSrv_UartDebug.cpp:set_mcu_ver_by_mcu:1013;1.6.5_bd44310
01-10 23:14:30.079 I/tvos    ( 1093): ruandelu;./src/MSrv_UartDebug.cpp;set_mcu_ver_by_mcu;1022;1.6.5_bd44310;;;;
01-10 23:14:31.869 D/TvManager_JNI( 1611): ReadCmdFromTVOS
01-10 23:14:31.869 D/TvManager_JNI( 1611): getGpioDeviceStatus
01-10 23:14:31.869 D/TvManager_JNI( 1611): getGpioDeviceStatus
01-10 23:14:31.869 D/TvManager_JNI( 1611): getGpioDeviceStatus
01-10 23:14:31.869 D/TvManager_JNI( 1611): ReadCmdFromTVOS
01-10 23:14:31.879 D/TvManager_JNI( 1611): ReadCmdFromTVOS
01-10 23:14:32.089 I/tvos    ( 1093): ruandelu_003;ret=1
01-10 23:14:32.089 I/tvos    ( 1093): AA;55;22;00;00;01;10;02;00;00;81;FF;00;00;54;20;00;00;00;00;00;C2;0C;41;00;00;00;00;ruandelu_003;ret=1
01-10 23:14:32.099 I/tvos    ( 1093): 00;00;00;00;00;00;00;00;38;03;55;AA;;./src/MSrv_UartDebug.cpp;setEnvFrMcu;1083;0;0
01-10 23:14:32.099 I/tvos    ( 1093): ;./src/MSrv_UartDebug.cpp;setEnvFrMcu;1085;bootloader=0
01-10 23:14:34.129 I/tvos    ( 1093): ruandelu_003;ret=1
01-10 23:14:34.129 I/tvos    ( 1093): AA;55;22;00;00;01;10;02;00;00;81;FF;00;00;54;20;00;00;00;00;00;C2;0C;41;00;00;00;00;ruandelu_003;ret=1
01-10 23:14:34.139 I/tvos    ( 1093): 00;00;00;00;00;00;00;00;38;03;55;AA;;./src/MSrv_UartDebug.cpp;setEnvFrMcu;1083;0;0
01-10 23:14:34.139 I/tvos    ( 1093): ;./src/MSrv_UartDebug.cpp;setEnvFrMcu;1085;bootloader=0
01-10 23:14:34.879 D/TvManager_JNI( 1611): ReadCmdFromTVOS
01-10 23:14:34.879 D/TvManager_JNI( 1611): getGpioDeviceStatus
01-10 23:14:34.879 D/TvManager_JNI( 1611): getGpioDeviceStatus
01-10 23:14:34.879 D/TvManager_JNI( 1611): getGpioDeviceStatus
01-10 23:14:34.879 D/TvManager_JNI( 1611): ReadCmdFromTVOS
01-10 23:14:34.879 D/TvManager_JNI( 1611): ReadCmdFromTVOS
01-10 23:14:36.149 I/tvos    ( 1093): ruandelu_003;ret=1
01-10 23:14:36.149 I/tvos    ( 1093): AA;55;22;00;00;01;10;02;00;00;81;FF;00;00;54;20;00;00;00;00;00;C2;0C;41;00;00;00;00;ruandelu_003;ret=1
01-10 23:14:36.159 I/tvos    ( 1093): 00;00;00;00;00;00;00;00;38;03;55;AA;;./src/MSrv_UartDebug.cpp;setEnvFrMcu;1083;0;0
01-10 23:14:36.159 I/tvos    ( 1093): ;./src/MSrv_UartDebug.cpp;setEnvFrMcu;1085;bootloader=0
01-10 23:14:37.889 D/TvManager_JNI( 1611): ReadCmdFromTVOS
01-10 23:14:37.889 D/TvManager_JNI( 1611): getGpioDeviceStatus
01-10 23:14:37.889 D/TvManager_JNI( 1611): getGpioDeviceStatus
01-10 23:14:37.889 D/TvManager_JNI( 1611): getGpioDeviceStatus
01-10 23:14:37.889 D/TvManager_JNI( 1611): ReadCmdFromTVOS
01-10 23:14:37.889 D/TvManager_JNI( 1611): ReadCmdFromTVOS
01-10 23:14:38.169 I/tvos    ( 1093): ruandelu_003;ret=1
01-10 23:14:38.169 I/tvos    ( 1093): AA;55;22;00;00;01;10;02;00;00;81;FF;00;00;54;20;00;00;00;00;00;C2;0C;41;00;00;00;00;ruandelu_003;ret=1
01-10 23:14:38.179 I/tvos    ( 1093): 00;00;00;00;00;00;00;00;38;03;55;AA;;./src/MSrv_UartDebug.cpp;setEnvFrMcu;1083;0;0
01-10 23:14:38.179 I/tvos    ( 1093): ;./src/MSrv_UartDebug.cpp;setEnvFrMcu;1085;bootloader=0
01-10 23:14:40.189 I/tvos    ( 1093): ruandelu_003;ret=1
01-10 23:14:40.189 I/tvos    ( 1093): AA;55;22;00;00;01;10;02;00;00;81;FF;00;00;54;20;00;00;00;00;00;C2;0C;41;00;00;00;00;ruandelu_003;ret=1
01-10 23:14:40.189 I/tvos    ( 1093): 00;00;00;00;00;00;00;00;38;03;55;AA;;./src/MSrv_UartDebug.cpp;setEnvFrMcu;1083;0;0
01-10 23:14:40.189 I/tvos    ( 1093): ;./src/MSrv_UartDebug.cpp;setEnvFrMcu;1085;bootloader=0
01-10 23:14:40.899 D/TvManager_JNI( 1611): ReadCmdFromTVOS
01-10 23:14:40.899 D/TvManager_JNI( 1611): getGpioDeviceStatus
01-10 23:14:40.899 D/TvManager_JNI( 1611): getGpioDeviceStatus
01-10 23:14:40.899 D/TvManager_JNI( 1611): getGpioDeviceStatus
01-10 23:14:40.899 D/TvManager_JNI( 1611): ReadCmdFromTVOS
01-10 23:14:40.899 D/TvManager_JNI( 1611): ReadCmdFromTVOS
01-10 23:14:42.229 I/tvos    ( 1093): ruandelu_003;ret=1
01-10 23:14:42.229 I/tvos    ( 1093): AA;55;22;00;00;01;10;02;00;00;81;FF;00;00;54;20;00;00;00;00;00;C2;0C;41;00;00;00;00;ruandelu_003;ret=1
01-10 23:14:42.239 I/tvos    ( 1093): 00;00;00;00;00;00;00;00;38;03;55;AA;;./src/MSrv_UartDebug.cpp;setEnvFrMcu;1083;0;0
01-10 23:14:42.239 I/tvos    ( 1093): ;./src/MSrv_UartDebug.cpp;setEnvFrMcu;1085;bootloader=0
01-10 23:14:43.909 D/TvManager_JNI( 1611): ReadCmdFromTVOS
01-10 23:14:43.909 D/TvManager_JNI( 1611): getGpioDeviceStatus
01-10 23:14:43.909 D/TvManager_JNI( 1611): getGpioDeviceStatus
01-10 23:14:43.909 D/TvManager_JNI( 1611): getGpioDeviceStatus
01-10 23:14:43.909 D/TvManager_JNI( 1611): ReadCmdFromTVOS
01-10 23:14:43.909 D/TvManager_JNI( 1611): ReadCmdFromTVOS
01-10 23:14:44.249 I/tvos    ( 1093): ruandelu_003;ret=1
01-10 23:14:44.249 I/tvos    ( 1093): AA;55;22;00;00;01;10;02;00;00;81;FF;00;00;54;20;00;00;00;00;00;C2;0C;41;00;00;00;00;ruandelu_003;ret=1
01-10 23:14:44.259 I/tvos    ( 1093): 00;00;00;00;00;00;00;00;38;03;55;AA;;./src/MSrv_UartDebug.cpp;setEnvFrMcu;1083;0;0
01-10 23:14:44.259 I/tvos    ( 1093): ;./src/MSrv_UartDebug.cpp;setEnvFrMcu;1085;bootloader=0
01-10 23:14:46.249 I/tvos    ( 1093): ruandelu_003;ret=1
01-10 23:14:46.249 I/tvos    ( 1093): AA;55;22;00;00;01;11;02;31;2E;36;2E;35;5F;62;64;34;34;33;31;30;00;31;31;32;32;33;33;ruandelu_003;ret=1
01-10 23:14:46.249 I/tvos    ( 1093): 34;34;35;35;36;36;00;00;B9;05;55;AA;ruandelu;./src/MSrv_UartDebug.cpp;set_mcu_ver_by_mcu;1011;1.6.5_bd44310;;;;
01-10 23:14:46.249 I/tvos    ( 1093):  ./src/MSrv_UartDebug.cpp:set_mcu_ver_by_mcu:1013;1.6.5_bd44310
01-10 23:14:46.249 I/tvos    ( 1093): ruandelu;./src/MSrv_UartDebug.cpp;set_mcu_ver_by_mcu;1022;1.6.5_bd44310;;;;
01-10 23:14:46.919 D/TvManager_JNI( 1611): ReadCmdFromTVOS
01-10 23:14:46.919 D/TvManager_JNI( 1611): getGpioDeviceStatus
01-10 23:14:46.919 D/TvManager_JNI( 1611): getGpioDeviceStatus
01-10 23:14:46.919 D/TvManager_JNI( 1611): getGpioDeviceStatus
01-10 23:14:46.919 D/TvManager_JNI( 1611): ReadCmdFromTVOS
01-10 23:14:46.919 D/TvManager_JNI( 1611): ReadCmdFromTVOS
01-10 23:14:48.289 I/tvos    ( 1093): ruandelu_003;ret=1
01-10 23:14:48.289 I/tvos    ( 1093): AA;55;22;00;00;01;10;02;00;00;81;FF;00;00;54;20;00;00;00;00;00;C2;0C;41;00;00;00;00;ruandelu_003;ret=1
01-10 23:14:48.289 I/tvos    ( 1093): 00;00;00;00;00;00;00;00;38;03;55;AA;;./src/MSrv_UartDebug.cpp;setEnvFrMcu;1083;0;0
01-10 23:14:48.289 I/tvos    ( 1093): ;./src/MSrv_UartDebug.cpp;setEnvFrMcu;1085;bootloader=0
01-10 23:14:49.929 D/TvManager_JNI( 1611): ReadCmdFromTVOS
01-10 23:14:49.929 D/TvManager_JNI( 1611): getGpioDeviceStatus
01-10 23:14:49.929 D/TvManager_JNI( 1611): getGpioDeviceStatus
01-10 23:14:49.929 D/TvManager_JNI( 1611): getGpioDeviceStatus
01-10 23:14:49.929 D/TvManager_JNI( 1611): ReadCmdFromTVOS
01-10 23:14:49.929 D/TvManager_JNI( 1611): ReadCmdFromTVOS
01-10 23:14:50.309 I/tvos    ( 1093): ruandelu_003;ret=1
01-10 23:14:50.309 I/tvos    ( 1093): AA;55;22;00;00;01;10;02;00;00;81;FF;00;00;54;20;00;00;00;00;00;C2;0C;41;00;00;00;00;ruandelu_003;ret=1
01-10 23:14:50.319 I/tvos    ( 1093): 00;00;00;00;00;00;00;00;38;03;55;AA;;./src/MSrv_UartDebug.cpp;setEnvFrMcu;1083;0;0
01-10 23:14:50.319 I/tvos    ( 1093): ;./src/MSrv_UartDebug.cpp;setEnvFrMcu;1085;bootloader=0
01-10 23:14:52.329 I/tvos    ( 1093): ruandelu_003;ret=1
01-10 23:14:52.329 I/tvos    ( 1093): AA;55;22;00;00;01;10;02;00;00;81;FF;00;00;54;20;00;00;00;00;00;C2;0C;41;00;00;00;00;ruandelu_003;ret=1
01-10 23:14:52.329 I/tvos    ( 1093): 00;00;00;00;00;00;00;00;38;03;55;AA;;./src/MSrv_UartDebug.cpp;setEnvFrMcu;1083;0;0
01-10 23:14:52.329 I/tvos    ( 1093): ;./src/MSrv_UartDebug.cpp;setEnvFrMcu;1085;bootloader=0
01-10 23:14:52.929 D/TvManager_JNI( 1611): ReadCmdFromTVOS
01-10 23:14:52.939 D/TvManager_JNI( 1611): getGpioDeviceStatus
01-10 23:14:52.939 D/TvManager_JNI( 1611): getGpioDeviceStatus
01-10 23:14:52.939 D/TvManager_JNI( 1611): getGpioDeviceStatus
01-10 23:14:52.939 D/TvManager_JNI( 1611): ReadCmdFromTVOS
01-10 23:14:52.939 D/TvManager_JNI( 1611): ReadCmdFromTVOS
01-10 23:14:54.349 I/tvos    ( 1093): ruandelu_003;ret=1
01-10 23:14:54.349 I/tvos    ( 1093): AA;55;22;00;00;01;10;02;00;00;81;FF;00;00;54;20;00;00;00;00;00;C2;0C;41;00;00;00;00;ruandelu_003;ret=1
01-10 23:14:54.349 I/tvos    ( 1093): 00;00;00;00;00;00;00;00;38;03;55;AA;;./src/MSrv_UartDebug.cpp;setEnvFrMcu;1083;0;0
01-10 23:14:54.349 I/tvos    ( 1093): ;./src/MSrv_UartDebug.cpp;setEnvFrMcu;1085;bootloader=0
01-10 23:14:55.939 D/TvManager_JNI( 1611): ReadCmdFromTVOS
01-10 23:14:55.939 D/TvManager_JNI( 1611): getGpioDeviceStatus
01-10 23:14:55.939 D/TvManager_JNI( 1611): getGpioDeviceStatus
01-10 23:14:55.939 D/TvManager_JNI( 1611): getGpioDeviceStatus
01-10 23:14:55.949 D/TvManager_JNI( 1611): ReadCmdFromTVOS
01-10 23:14:55.949 D/TvManager_JNI( 1611): ReadCmdFromTVOS
01-10 23:14:56.389 I/tvos    ( 1093): ruandelu_003;ret=1
01-10 23:14:56.389 I/tvos    ( 1093): AA;55;22;00;00;01;10;02;00;00;81;FF;00;00;54;20;00;00;00;00;00;C2;0C;41;00;00;00;00;ruandelu_003;ret=1
01-10 23:14:56.389 I/tvos    ( 1093): 00;00;00;00;00;00;00;00;38;03;55;AA;;./src/MSrv_UartDebug.cpp;setEnvFrMcu;1083;0;0
01-10 23:14:56.389 I/tvos    ( 1093): ;./src/MSrv_UartDebug.cpp;setEnvFrMcu;1085;bootloader=0
01-10 23:14:58.409 I/tvos    ( 1093): ruandelu_003;ret=1
01-10 23:14:58.409 I/tvos    ( 1093): AA;55;22;00;00;01;10;02;00;00;81;FF;00;00;54;20;00;00;00;00;00;C2;0C;41;00;00;00;00;ruandelu_003;ret=1
01-10 23:14:58.409 I/tvos    ( 1093): 00;00;00;00;00;00;00;00;38;03;55;AA;;./src/MSrv_UartDebug.cpp;setEnvFrMcu;1083;0;0
01-10 23:14:58.409 I/tvos    ( 1093): ;./src/MSrv_UartDebug.cpp;setEnvFrMcu;1085;bootloader=0
01-10 23:14:58.949 D/TvManager_JNI( 1611): ReadCmdFromTVOS
01-10 23:14:58.949 D/TvManager_JNI( 1611): getGpioDeviceStatus
01-10 23:14:58.949 D/TvManager_JNI( 1611): getGpioDeviceStatus
01-10 23:14:58.949 D/TvManager_JNI( 1611): getGpioDeviceStatus
01-10 23:14:58.949 D/TvManager_JNI( 1611): ReadCmdFromTVOS
01-10 23:14:58.959 D/TvManager_JNI( 1611): ReadCmdFromTVOS
01-10 23:15:00.019 E/receiver( 1779): intentandroid.intent.action.TIME_TICK
01-10 23:15:00.429 I/tvos    ( 1093): ruandelu_003;ret=1
01-10 23:15:00.429 I/tvos    ( 1093): AA;55;22;00;00;01;10;02;00;00;81;FF;00;00;54;20;00;00;00;00;00;C2;0C;41;00;00;00;00;ruandelu_003;ret=1
01-10 23:15:00.429 I/tvos    ( 1093): 00;00;00;00;00;00;00;00;38;03;55;AA;;./src/MSrv_UartDebug.cpp;setEnvFrMcu;1083;0;0
01-10 23:15:00.429 I/tvos    ( 1093): ;./src/MSrv_UartDebug.cpp;setEnvFrMcu;1085;bootloader=0
01-10 23:15:01.219 W/SocketClient( 1083): write error (Broken pipe)
01-10 23:15:01.319 I/tvos    ( 1093): [37m[INFO] Change to Voltage: 1270 mV (0x2B)[m
01-10 23:15:01.319 I/tvos    ( 1093): [37m[INFO] Change to Voltage: 1270 mV (0x2E)[m
01-10 23:15:01.319 I/tvos    ( 1093): [37m[INFO] Change to Voltage: 1270 mV (0x31)[m
01-10 23:15:01.319 I/tvos    ( 1093): [37m[INFO] Change to Voltage: 1270 mV (0x34)[m
01-10 23:15:01.319 I/tvos    ( 1093): [37m[INFO] Change to Voltage: 1270 mV (0x37)[m
01-10 23:15:01.329 I/tvos    ( 1093): [37m[INFO] Change to Voltage: 1270 mV (0x3A)[m
01-10 23:15:01.329 I/tvos    ( 1093): [37m[INFO] Change to Voltage: 1270 mV (0x3C)[m
01-10 23:15:01.369 I/tvos    ( 1093): [37m[ERROR] Software I2C Write Failed[m
01-10 23:15:01.959 D/TvManager_JNI( 1611): ReadCmdFromTVOS
01-10 23:15:01.959 D/TvManager_JNI( 1611): getGpioDeviceStatus
01-10 23:15:01.959 D/TvManager_JNI( 1611): getGpioDeviceStatus
01-10 23:15:01.959 D/TvManager_JNI( 1611): getGpioDeviceStatus
01-10 23:15:01.959 D/TvManager_JNI( 1611): ReadCmdFromTVOS
01-10 23:15:01.959 D/TvManager_JNI( 1611): ReadCmdFromTVOS
01-10 23:15:02.449 I/tvos    ( 1093): ruandelu_003;ret=1
01-10 23:15:02.449 I/tvos    ( 1093): AA;55;22;00;00;01;11;02;31;2E;36;2E;35;5F;62;64;34;34;33;31;30;00;31;31;32;32;33;33;ruandelu_003;ret=1
01-10 23:15:02.449 I/tvos    ( 1093): 34;34;35;35;36;36;00;00;B9;05;55;AA;ruandelu;./src/MSrv_UartDebug.cpp;set_mcu_ver_by_mcu;1011;1.6.5_bd44310;;;;
01-10 23:15:02.449 I/tvos    ( 1093):  ./src/MSrv_UartDebug.cpp:set_mcu_ver_by_mcu:1013;1.6.5_bd44310
01-10 23:15:02.449 I/tvos    ( 1093): ruandelu;./src/MSrv_UartDebug.cpp;set_mcu_ver_by_mcu;1022;1.6.5_bd44310;;;;
01-10 23:15:02.549 D/AndroidRuntime( 2988): 
01-10 23:15:02.549 D/AndroidRuntime( 2988): >>>>>> AndroidRuntime START com.android.internal.os.RuntimeInit <<<<<<
01-10 23:15:02.559 D/AndroidRuntime( 2988): CheckJNI is OFF
01-10 23:15:02.589 D/dalvikvm( 2988): Trying to load lib libjavacore.so 0x0
01-10 23:15:02.589 D/dalvikvm( 2988): Added shared lib libjavacore.so 0x0
01-10 23:15:02.599 D/dalvikvm( 2988): Trying to load lib libnativehelper.so 0x0
01-10 23:15:02.599 D/dalvikvm( 2988): Added shared lib libnativehelper.so 0x0
01-10 23:15:02.599 D/dalvikvm( 2988): No JNI_OnLoad found in libnativehelper.so 0x0, skipping init
01-10 23:15:02.659 D/dalvikvm( 2988): Note: class Landroid/app/ActivityManagerNative; has 179 unimplemented (abstract) methods
01-10 23:15:02.899 E/memtrack( 2988): Couldn't load memtrack module (No such file or directory)
01-10 23:15:02.899 E/android.os.Debug( 2988): failed to load memtrack module: -2
01-10 23:15:03.029 D/AndroidRuntime( 2988): Calling main entry com.android.commands.pm.Pm
01-10 23:15:03.059 W/ActivityManager( 1519): No content provider found for permission revoke: file:///data/local/tmp/HSource2017.apk
01-10 23:15:03.119 W/ActivityManager( 1519): No content provider found for permission revoke: file:///data/local/tmp/HSource2017.apk
01-10 23:15:03.119 I/PackageManager( 1519): Copying native libraries to /data/app-lib/vmdl2015713276
01-10 23:15:03.449 D/dalvikvm( 1519): GC_FOR_ALLOC freed 906K, 25% free 8526K/11332K, paused 46ms, total 47ms
01-10 23:15:03.859 W/PackageManager( 1519): New package has a different signature: com.hht.source
01-10 23:15:03.939 D/dalvikvm( 1519): GC_EXPLICIT freed 404K, 26% free 8446K/11332K, paused 4ms+7ms, total 65ms
01-10 23:15:03.949 D/AndroidRuntime( 2988): Shutting down VM
01-10 23:15:03.959 D/dalvikvm( 2988): GC_CONCURRENT freed 127K, 19% free 593K/724K, paused 0ms+1ms, total 5ms
01-10 23:15:04.469 I/tvos    ( 1093): ruandelu_003;ret=1
01-10 23:15:04.469 I/tvos    ( 1093): AA;55;22;00;00;01;10;02;00;00;81;FF;00;00;54;20;00;00;00;00;00;C2;0C;41;00;00;00;00;ruandelu_003;ret=1
01-10 23:15:04.469 I/tvos    ( 1093): 00;00;00;00;00;00;00;00;38;03;55;AA;;./src/MSrv_UartDebug.cpp;setEnvFrMcu;1083;0;0
01-10 23:15:04.469 I/tvos    ( 1093): ;./src/MSrv_UartDebug.cpp;setEnvFrMcu;1085;bootloader=0
01-10 23:15:04.969 D/TvManager_JNI( 1611): ReadCmdFromTVOS
01-10 23:15:04.969 D/TvManager_JNI( 1611): getGpioDeviceStatus
01-10 23:15:04.969 D/TvManager_JNI( 1611): getGpioDeviceStatus
01-10 23:15:04.969 D/TvManager_JNI( 1611): getGpioDeviceStatus
01-10 23:15:04.969 D/TvManager_JNI( 1611): ReadCmdFromTVOS
01-10 23:15:04.969 D/TvManager_JNI( 1611): ReadCmdFromTVOS
01-10 23:15:05.319 I/tvos    ( 1093): [37m[INFO] No Need to Change CPU Power[m
01-10 23:15:05.329 I/tvos    ( 1093): [37m[ERROR] Software I2C Write Failed[m
01-10 23:15:05.919 I/tvos    ( 1093): [37m[INFO] No Need to Change CPU Power[m
01-10 23:15:05.929 I/tvos    ( 1093): [37m[ERROR] Software I2C Write Failed[m
01-10 23:15:06.119 D/AndroidRuntime( 2998): 
01-10 23:15:06.119 D/AndroidRuntime( 2998): >>>>>> AndroidRuntime START com.android.internal.os.RuntimeInit <<<<<<
01-10 23:15:06.129 D/AndroidRuntime( 2998): CheckJNI is OFF
01-10 23:15:06.159 D/dalvikvm( 2998): Trying to load lib libjavacore.so 0x0
01-10 23:15:06.159 D/dalvikvm( 2998): Added shared lib libjavacore.so 0x0
01-10 23:15:06.169 D/dalvikvm( 2998): Trying to load lib libnativehelper.so 0x0
01-10 23:15:06.169 D/dalvikvm( 2998): Added shared lib libnativehelper.so 0x0
01-10 23:15:06.169 D/dalvikvm( 2998): No JNI_OnLoad found in libnativehelper.so 0x0, skipping init
01-10 23:15:06.229 D/dalvikvm( 2998): Note: class Landroid/app/ActivityManagerNative; has 179 unimplemented (abstract) methods
01-10 23:15:06.459 E/memtrack( 2998): Couldn't load memtrack module (No such file or directory)
01-10 23:15:06.459 E/android.os.Debug( 2998): failed to load memtrack module: -2
01-10 23:15:06.489 I/tvos    ( 1093): ruandelu_003;ret=1
01-10 23:15:06.489 I/tvos    ( 1093): AA;55;22;00;00;01;10;02;00;00;81;FF;00;00;54;20;00;00;00;00;00;C2;0C;41;00;00;00;00;00;ruandelu_003;ret=1
01-10 23:15:06.489 I/tvos    ( 1093): 00;00;00;00;00;00;00;38;03;55;AA;;./src/MSrv_UartDebug.cpp;setEnvFrMcu;1083;0;0
01-10 23:15:06.489 I/tvos    ( 1093): ;./src/MSrv_UartDebug.cpp;setEnvFrMcu;1085;bootloader=0
01-10 23:15:06.589 D/AndroidRuntime( 2998): Calling main entry com.android.commands.pm.Pm
01-10 23:15:06.609 W/PackageManager( 1519): Attempt to delete unknown system package com.hht.source
01-10 23:15:06.669 D/dalvikvm( 1519): GC_EXPLICIT freed 100K, 27% free 8381K/11332K, paused 4ms+7ms, total 63ms
01-10 23:15:06.669 D/AndroidRuntime( 2998): Shutting down VM
01-10 23:15:06.679 D/dalvikvm( 2998): GC_CONCURRENT freed 96K, 15% free 582K/684K, paused 0ms+1ms, total 5ms
01-10 23:15:06.919 I/tvos    ( 1093): [37m[INFO] Change to Voltage: 1100 mV (0x3C)[m
01-10 23:15:06.919 I/tvos    ( 1093): [37m[INFO] Change to Voltage: 1100 mV (0x39)[m
01-10 23:15:06.919 I/tvos    ( 1093): [37m[INFO] Change to Voltage: 1100 mV (0x36)[m
01-10 23:15:06.919 I/tvos    ( 1093): [37m[INFO] Change to Voltage: 1100 mV (0x33)[m
01-10 23:15:06.929 I/tvos    ( 1093): [37m[INFO] Change to Voltage: 1100 mV (0x30)[m
01-10 23:15:06.929 I/tvos    ( 1093): [37m[INFO] Change to Voltage: 1100 mV (0x2D)[m
01-10 23:15:06.929 I/tvos    ( 1093): [37m[INFO] Change to Voltage: 1100 mV (0x2B)[m
01-10 23:15:06.949 I/tvos    ( 1093): [37m[ERROR] Software I2C Write Failed[m
01-10 23:15:07.119 I/tvos    ( 1093): [37m[INFO] Change to Voltage: 1270 mV (0x2B)[m
01-10 23:15:07.119 I/tvos    ( 1093): [37m[INFO] Change to Voltage: 1270 mV (0x2E)[m
01-10 23:15:07.119 I/tvos    ( 1093): [37m[INFO] Change to Voltage: 1270 mV (0x31)[m
01-10 23:15:07.119 I/tvos    ( 1093): [37m[INFO] Change to Voltage: 1270 mV (0x34)[m
01-10 23:15:07.129 I/tvos    ( 1093): [37m[INFO] Change to Voltage: 1270 mV (0x37)[m
01-10 23:15:07.129 I/tvos    ( 1093): [37m[INFO] Change to Voltage: 1270 mV (0x3A)[m
01-10 23:15:07.129 I/tvos    ( 1093): [37m[INFO] Change to Voltage: 1270 mV (0x3C)[m
01-10 23:15:07.159 I/tvos    ( 1093): [37m[ERROR] Software I2C Write Failed[m
01-10 23:15:07.369 D/AndroidRuntime( 3010): 
01-10 23:15:07.369 D/AndroidRuntime( 3010): >>>>>> AndroidRuntime START com.android.internal.os.RuntimeInit <<<<<<
01-10 23:15:07.379 D/AndroidRuntime( 3010): CheckJNI is OFF
01-10 23:15:07.409 D/dalvikvm( 3010): Trying to load lib libjavacore.so 0x0
01-10 23:15:07.409 D/dalvikvm( 3010): Added shared lib libjavacore.so 0x0
01-10 23:15:07.419 D/dalvikvm( 3010): Trying to load lib libnativehelper.so 0x0
01-10 23:15:07.419 D/dalvikvm( 3010): Added shared lib libnativehelper.so 0x0
01-10 23:15:07.419 D/dalvikvm( 3010): No JNI_OnLoad found in libnativehelper.so 0x0, skipping init
01-10 23:15:07.479 D/dalvikvm( 3010): Note: class Landroid/app/ActivityManagerNative; has 179 unimplemented (abstract) methods
01-10 23:15:07.689 E/memtrack( 3010): Couldn't load memtrack module (No such file or directory)
01-10 23:15:07.689 E/android.os.Debug( 3010): failed to load memtrack module: -2
01-10 23:15:07.809 D/AndroidRuntime( 3010): Calling main entry com.android.commands.pm.Pm
01-10 23:15:07.829 W/ActivityManager( 1519): No content provider found for permission revoke: file:///data/local/tmp/HSource2017.apk
01-10 23:15:07.879 W/ActivityManager( 1519): No content provider found for permission revoke: file:///data/local/tmp/HSource2017.apk
01-10 23:15:07.879 I/PackageManager( 1519): Copying native libraries to /data/app-lib/vmdl-477807642
01-10 23:15:07.969 D/TvManager_JNI( 1611): ReadCmdFromTVOS
01-10 23:15:07.969 D/TvManager_JNI( 1611): getGpioDeviceStatus
01-10 23:15:07.969 D/TvManager_JNI( 1611): getGpioDeviceStatus
01-10 23:15:07.969 D/TvManager_JNI( 1611): getGpioDeviceStatus
01-10 23:15:07.969 D/TvManager_JNI( 1611): ReadCmdFromTVOS
01-10 23:15:07.979 D/TvManager_JNI( 1611): ReadCmdFromTVOS
01-10 23:15:08.479 W/PackageManager( 1519): Attempt to re-install com.hht.source without first uninstalling.
01-10 23:15:08.509 I/tvos    ( 1093): ruandelu_003;ret=1
01-10 23:15:08.509 I/tvos    ( 1093): AA;55;22;00;00;01;10;02;00;00;81;FF;00;00;54;20;00;00;00;00;00;C2;0C;41;00;00;00;00;ruandelu_003;ret=1
01-10 23:15:08.519 I/tvos    ( 1093): 00;00;00;00;00;00;00;00;38;03;55;AA;;./src/MSrv_UartDebug.cpp;setEnvFrMcu;1083;0;0
01-10 23:15:08.519 I/tvos    ( 1093): ;./src/MSrv_UartDebug.cpp;setEnvFrMcu;1085;bootloader=0
01-10 23:15:08.559 D/dalvikvm( 1519): GC_EXPLICIT freed 555K, 26% free 8450K/11332K, paused 3ms+6ms, total 65ms
01-10 23:15:08.569 D/AndroidRuntime( 3010): Shutting down VM
01-10 23:15:08.579 D/dalvikvm( 3010): GC_CONCURRENT freed 127K, 19% free 593K/724K, paused 1ms+0ms, total 5ms
01-10 23:15:08.579 D/dalvikvm( 3010): Compiler shutdown in progress - discarding request
01-10 23:15:08.579 D/dalvikvm( 3010): Compiler shutdown in progress - discarding request
01-10 23:15:08.579 D/dalvikvm( 3010): Compiler shutdown in progress - discarding request
01-10 23:15:08.579 D/dalvikvm( 3010): Compiler shutdown in progress - discarding request
01-10 23:15:08.579 D/dalvikvm( 3010): Compiler shutdown in progress - discarding request
01-10 23:15:08.719 I/tvos    ( 1093): [37m[INFO] Change to Voltage: 1100 mV (0x3C)[m
01-10 23:15:08.719 I/tvos    ( 1093): [37m[INFO] Change to Voltage: 1100 mV (0x39)[m
01-10 23:15:08.719 I/tvos    ( 1093): [37m[INFO] Change to Voltage: 1100 mV (0x36)[m
01-10 23:15:08.719 I/tvos    ( 1093): [37m[INFO] Change to Voltage: 1100 mV (0x33)[m
01-10 23:15:08.719 I/tvos    ( 1093): [37m[INFO] Change to Voltage: 1100 mV (0x30)[m
01-10 23:15:08.719 I/tvos    ( 1093): [37m[INFO] Change to Voltage: 1100 mV (0x2D)[m
01-10 23:15:08.719 I/tvos    ( 1093): [37m[INFO] Change to Voltage: 1100 mV (0x2B)[m
01-10 23:15:08.739 I/tvos    ( 1093): [37m[ERROR] Software I2C Write Failed[m
01-10 23:15:10.549 I/tvos    ( 1093): ruandelu_003;ret=1
01-10 23:15:10.549 I/tvos    ( 1093): AA;55;22;00;00;01;10;02;00;00;81;FF;00;00;54;20;00;00;00;00;00;C2;0C;41;00;00;00;00;ruandelu_003;ret=1
01-10 23:15:10.549 I/tvos    ( 1093): 00;00;00;00;00;00;00;00;38;03;55;AA;;./src/MSrv_UartDebug.cpp;setEnvFrMcu;1083;0;0
01-10 23:15:10.549 I/tvos    ( 1093): ;./src/MSrv_UartDebug.cpp;setEnvFrMcu;1085;bootloader=0
01-10 23:15:10.979 D/TvManager_JNI( 1611): ReadCmdFromTVOS
01-10 23:15:10.979 D/TvManager_JNI( 1611): getGpioDeviceStatus
01-10 23:15:10.979 D/TvManager_JNI( 1611): getGpioDeviceStatus
01-10 23:15:10.979 D/TvManager_JNI( 1611): getGpioDeviceStatus
01-10 23:15:10.979 D/TvManager_JNI( 1611): ReadCmdFromTVOS
01-10 23:15:10.979 D/TvManager_JNI( 1611): ReadCmdFromTVOS
01-10 23:15:12.569 I/tvos    ( 1093): ruandelu_003;ret=1
01-10 23:15:12.569 I/tvos    ( 1093): AA;55;22;00;00;01;10;02;00;00;81;FF;00;00;54;20;00;00;00;00;00;C2;0C;41;00;00;00;00;ruandelu_003;ret=1
01-10 23:15:12.569 I/tvos    ( 1093): 00;00;00;00;00;00;00;00;38;03;55;AA;;./src/MSrv_UartDebug.cpp;setEnvFrMcu;1083;0;0
01-10 23:15:12.569 I/tvos    ( 1093): ;./src/MSrv_UartDebug.cpp;setEnvFrMcu;1085;bootloader=0
01-10 23:15:13.989 D/TvManager_JNI( 1611): ReadCmdFromTVOS
01-10 23:15:13.989 D/TvManager_JNI( 1611): getGpioDeviceStatus
01-10 23:15:13.989 D/TvManager_JNI( 1611): getGpioDeviceStatus
01-10 23:15:13.989 D/TvManager_JNI( 1611): getGpioDeviceStatus
01-10 23:15:13.989 D/TvManager_JNI( 1611): ReadCmdFromTVOS
01-10 23:15:13.989 D/TvManager_JNI( 1611): ReadCmdFromTVOS
01-10 23:15:14.589 I/tvos    ( 1093): ruandelu_003;ret=1
01-10 23:15:14.589 I/tvos    ( 1093): AA;55;22;00;00;01;10;02;00;00;81;FF;00;00;54;20;00;00;00;00;00;C2;0C;41;00;00;00;00;ruandelu_003;ret=1
01-10 23:15:14.589 I/tvos    ( 1093): 00;00;00;00;00;00;00;00;38;03;55;AA;;./src/MSrv_UartDebug.cpp;setEnvFrMcu;1083;0;0
01-10 23:15:14.589 I/tvos    ( 1093): ;./src/MSrv_UartDebug.cpp;setEnvFrMcu;1085;bootloader=0
01-10 23:15:16.609 I/tvos    ( 1093): ruandelu_003;ret=1
01-10 23:15:16.609 I/tvos    ( 1093): AA;55;22;00;00;01;10;02;00;00;81;FF;00;00;54;20;00;00;00;00;00;C2;0C;41;00;00;00;00;ruandelu_003;ret=1
01-10 23:15:16.609 I/tvos    ( 1093): 00;00;00;00;00;00;00;00;38;03;55;AA;;./src/MSrv_UartDebug.cpp;setEnvFrMcu;1083;0;0
01-10 23:15:16.609 I/tvos    ( 1093): ;./src/MSrv_UartDebug.cpp;setEnvFrMcu;1085;bootloader=0
01-10 23:15:16.989 D/TvManager_JNI( 1611): ReadCmdFromTVOS
01-10 23:15:16.989 D/TvManager_JNI( 1611): getGpioDeviceStatus
01-10 23:15:16.999 D/TvManager_JNI( 1611): getGpioDeviceStatus
01-10 23:15:16.999 D/TvManager_JNI( 1611): getGpioDeviceStatus
01-10 23:15:16.999 D/TvManager_JNI( 1611): ReadCmdFromTVOS
01-10 23:15:16.999 D/TvManager_JNI( 1611): ReadCmdFromTVOS
01-10 23:15:18.629 I/tvos    ( 1093): ruandelu_003;ret=1
01-10 23:15:18.629 I/tvos    ( 1093): AA;55;22;00;00;01;11;02;31;2E;36;2E;35;5F;62;64;34;34;33;31;30;00;31;31;32;32;33;33;ruandelu_003;ret=1
01-10 23:15:18.639 I/tvos    ( 1093): 34;34;35;35;36;36;00;00;B9;05;55;AA;ruandelu;./src/MSrv_UartDebug.cpp;set_mcu_ver_by_mcu;1011;1.6.5_bd44310;;;;
01-10 23:15:18.639 I/tvos    ( 1093):  ./src/MSrv_UartDebug.cpp:set_mcu_ver_by_mcu:1013;1.6.5_bd44310
01-10 23:15:18.639 I/tvos    ( 1093): ruandelu;./src/MSrv_UartDebug.cpp;set_mcu_ver_by_mcu;1022;1.6.5_bd44310;;;;
01-10 23:15:19.999 D/TvManager_JNI( 1611): ReadCmdFromTVOS
01-10 23:15:19.999 D/TvManager_JNI( 1611): getGpioDeviceStatus
01-10 23:15:20.009 D/TvManager_JNI( 1611): getGpioDeviceStatus
01-10 23:15:20.009 D/TvManager_JNI( 1611): getGpioDeviceStatus
01-10 23:15:20.009 D/TvManager_JNI( 1611): ReadCmdFromTVOS
01-10 23:15:20.009 D/TvManager_JNI( 1611): ReadCmdFromTVOS
01-10 23:15:20.649 I/tvos    ( 1093): ruandelu_003;ret=1
01-10 23:15:20.649 I/tvos    ( 1093): AA;55;22;00;00;01;10;02;00;00;81;FF;00;00;54;20;00;00;00;00;00;C2;0C;41;00;00;00;00;ruandelu_003;ret=1
01-10 23:15:20.659 I/tvos    ( 1093): 00;00;00;00;00;00;00;00;38;03;55;AA;;./src/MSrv_UartDebug.cpp;setEnvFrMcu;1083;0;0
01-10 23:15:20.659 I/tvos    ( 1093): ;./src/MSrv_UartDebug.cpp;setEnvFrMcu;1085;bootloader=0
01-10 23:15:22.669 I/tvos    ( 1093): ruandelu_003;ret=1
01-10 23:15:22.669 I/tvos    ( 1093): AA;55;22;00;00;01;10;02;00;00;81;FF;00;00;54;20;00;00;00;00;00;C2;0C;41;00;00;00;00;ruandelu_003;ret=1
01-10 23:15:22.679 I/tvos    ( 1093): 00;00;00;00;00;00;00;00;38;03;55;AA;;./src/MSrv_UartDebug.cpp;setEnvFrMcu;1083;0;0
01-10 23:15:22.679 I/tvos    ( 1093): ;./src/MSrv_UartDebug.cpp;setEnvFrMcu;1085;bootloader=0
01-10 23:15:23.009 D/TvManager_JNI( 1611): ReadCmdFromTVOS
01-10 23:15:23.009 D/TvManager_JNI( 1611): getGpioDeviceStatus
01-10 23:15:23.009 D/TvManager_JNI( 1611): getGpioDeviceStatus
01-10 23:15:23.019 D/TvManager_JNI( 1611): getGpioDeviceStatus
01-10 23:15:23.019 D/TvManager_JNI( 1611): ReadCmdFromTVOS
01-10 23:15:23.019 D/TvManager_JNI( 1611): ReadCmdFromTVOS
01-10 23:15:24.709 I/tvos    ( 1093): ruandelu_003;ret=1
01-10 23:15:24.709 I/tvos    ( 1093): AA;55;22;00;00;01;10;02;00;00;81;FF;00;00;54;20;00;00;00;00;00;C2;0C;41;00;00;00;00;ruandelu_003;ret=1
01-10 23:15:24.719 I/tvos    ( 1093): 00;00;00;00;00;00;00;00;38;03;55;AA;;./src/MSrv_UartDebug.cpp;setEnvFrMcu;1083;0;0
01-10 23:15:24.719 I/tvos    ( 1093): ;./src/MSrv_UartDebug.cpp;setEnvFrMcu;1085;bootloader=0
01-10 23:15:26.019 D/TvManager_JNI( 1611): ReadCmdFromTVOS
01-10 23:15:26.019 D/TvManager_JNI( 1611): getGpioDeviceStatus
01-10 23:15:26.029 D/TvManager_JNI( 1611): getGpioDeviceStatus
01-10 23:15:26.029 D/TvManager_JNI( 1611): getGpioDeviceStatus
01-10 23:15:26.029 D/TvManager_JNI( 1611): ReadCmdFromTVOS
01-10 23:15:26.029 D/TvManager_JNI( 1611): ReadCmdFromTVOS
01-10 23:15:26.729 I/tvos    ( 1093): ruandelu_003;ret=1
01-10 23:15:26.729 I/tvos    ( 1093): AA;55;22;00;00;01;10;02;00;00;81;FF;00;00;54;20;00;00;00;00;00;C2;0C;41;00;00;00;00;ruandelu_003;ret=1
01-10 23:15:26.729 I/tvos    ( 1093): 00;00;00;00;00;00;00;00;38;03;55;AA;;./src/MSrv_UartDebug.cpp;setEnvFrMcu;1083;0;0
01-10 23:15:26.729 I/tvos    ( 1093): ;./src/MSrv_UartDebug.cpp;setEnvFrMcu;1085;bootloader=0
01-10 23:15:28.749 I/tvos    ( 1093): ruandelu_003;ret=1
01-10 23:15:28.749 I/tvos    ( 1093): AA;55;22;00;00;01;10;02;00;00;81;FF;00;00;54;20;00;00;00;00;00;C2;0C;41;00;00;00;00;00;00;00;00;00;00;00;00;38;03;55;AA;;./src/MSrv_UartDebug.cpp;setEnvFrMcu;1083;0;0
01-10 23:15:28.759 I/tvos    ( 1093): ;./src/MSrv_UartDebug.cpp;setEnvFrMcu;1085;bootloader=0
01-10 23:15:28.849 I/ActivityManager( 1519): Force stopping com.hht.source appid=10027 user=0: pkg removed
01-10 23:15:28.859 I/ActivityManager( 1519): Killing 2952:com.hht.source/u0a27 (adj 0): stop com.hht.source
01-10 23:15:28.889 W/ActivityManager( 1519): Force removing ActivityRecord{42591d58 u0 com.hht.source/.MainActivity t13}: app died, no saved state
01-10 23:15:28.919 I/tvos    ( 1093): [37m[INFO] Change to Voltage: 1270 mV (0x2B)[m
01-10 23:15:28.919 I/tvos    ( 1093): [37m[INFO] Change to Voltage: 1270 mV (0x2E)[m
01-10 23:15:28.919 I/tvos    ( 1093): [37m[INFO] Change to Voltage: 1270 mV (0x31)[m
01-10 23:15:28.919 I/tvos    ( 1093): [37m[INFO] Change to Voltage: 1270 mV (0x34)[m
01-10 23:15:28.919 I/tvos    ( 1093): [37m[INFO] Change to Voltage: 1270 mV (0x37)[m
01-10 23:15:28.919 I/tvos    ( 1093): [37m[INFO] Change to Voltage: 1270 mV (0x3A)[m
01-10 23:15:28.919 I/tvos    ( 1093): [37m[INFO] Change to Voltage: 1270 mV (0x3C)[m
01-10 23:15:28.969 I/tvos    ( 1093): [37m[ERROR] Software I2C Write Failed[m
01-10 23:15:28.979 E/JavaBinder( 1519): !!! FAILED BINDER TRANSACTION !!!
01-10 23:15:29.029 D/TvManager_JNI( 1611): ReadCmdFromTVOS
01-10 23:15:29.029 I/WindowState( 1519): WIN DEATH: Window{425a4568 u0 com.hht.source/com.hht.source.MainActivity}
01-10 23:15:29.039 D/TvManager_JNI( 1611): getGpioDeviceStatus
01-10 23:15:29.039 D/TvManager_JNI( 1611): getGpioDeviceStatus
01-10 23:15:29.049 D/TvManager_JNI( 1611): getGpioDeviceStatus
01-10 23:15:29.049 D/TvManager_JNI( 1611): ReadCmdFromTVOS
01-10 23:15:29.049 D/TvManager_JNI( 1611): ReadCmdFromTVOS
01-10 23:15:29.069 I/ActivityManager( 1519): TR4) TaskRecord{421fc9b8 #9 A=com.hht.whiteboard U=0 sz=1}
01-10 23:15:29.069 I/ActivityManager( 1519): TR3) TaskRecord{425ee598 #13 A=com.hht.source U=0 sz=0}
01-10 23:15:29.119 E/JavaBinder( 1519): !!! FAILED BINDER TRANSACTION !!!
01-10 23:15:29.129 W/InputMethodManagerService( 1519): Got RemoteException sending setActive(false) notification to pid 2952 uid 10027
