01-10 23:16:53.319 D/TvManager_JNI( 1611): ReadCmdFromTVOS
01-10 23:16:53.729 I/tvos    ( 1093): ruandelu_003;ret=1
01-10 23:16:53.729 I/tvos    ( 1093): AA;55;22;00;00;01;10;02;00;00;81;FF;00;00;54;20;00;00;00;00;00;C2;0C;41;00;00;00;00;ruandelu_003;ret=1
01-10 23:16:53.729 I/tvos    ( 1093): 00;00;00;00;00;00;00;00;38;03;55;AA;;./src/MSrv_UartDebug.cpp;setEnvFrMcu;1083;0;0
01-10 23:16:53.739 I/tvos    ( 1093): ;./src/MSrv_UartDebug.cpp;setEnvFrMcu;1085;bootloader=0
01-10 23:16:55.729 I/tvos    ( 1093): ruandelu_003;ret=1
01-10 23:16:55.729 I/tvos    ( 1093): AA;55;22;00;00;01;11;02;31;2E;36;2E;35;5F;62;64;34;34;33;31;30;00;31;31;32;32;33;33;ruandelu_003;ret=1
01-10 23:16:55.729 I/tvos    ( 1093): 34;34;35;35;36;36;00;00;B9;05;55;AA;ruandelu;./src/MSrv_UartDebug.cpp;set_mcu_ver_by_mcu;1011;1.6.5_bd44310;;;;
01-10 23:16:55.729 I/tvos    ( 1093):  ./src/MSrv_UartDebug.cpp:set_mcu_ver_by_mcu:1013;1.6.5_bd44310
01-10 23:16:55.729 I/tvos    ( 1093): ruandelu;./src/MSrv_UartDebug.cpp;set_mcu_ver_by_mcu;1022;1.6.5_bd44310;;;;
01-10 23:16:56.319 D/TvManager_JNI( 1611): ReadCmdFromTVOS
01-10 23:16:56.319 D/TvManager_JNI( 1611): getGpioDeviceStatus
01-10 23:16:56.319 D/TvManager_JNI( 1611): getGpioDeviceStatus
01-10 23:16:56.319 D/TvManager_JNI( 1611): getGpioDeviceStatus
01-10 23:16:56.319 D/TvManager_JNI( 1611): ReadCmdFromTVOS
01-10 23:16:56.329 D/TvManager_JNI( 1611): ReadCmdFromTVOS
01-10 23:16:57.769 I/tvos    ( 1093): ruandelu_003;ret=1
01-10 23:16:57.769 I/tvos    ( 1093): AA;55;22;00;00;01;10;02;00;00;81;FF;00;00;54;20;00;00;00;00;00;C2;0C;41;00;00;00;00;ruandelu_003;ret=1
01-10 23:16:57.769 I/tvos    ( 1093): 00;00;00;00;00;00;00;00;38;03;55;AA;;./src/MSrv_UartDebug.cpp;setEnvFrMcu;1083;0;0
01-10 23:16:57.779 I/tvos    ( 1093): ;./src/MSrv_UartDebug.cpp;setEnvFrMcu;1085;bootloader=0
01-10 23:16:59.329 D/TvManager_JNI( 1611): ReadCmdFromTVOS
01-10 23:16:59.329 D/TvManager_JNI( 1611): getGpioDeviceStatus
01-10 23:16:59.329 D/TvManager_JNI( 1611): getGpioDeviceStatus
01-10 23:16:59.329 D/TvManager_JNI( 1611): getGpioDeviceStatus
01-10 23:16:59.329 D/TvManager_JNI( 1611): ReadCmdFromTVOS
01-10 23:16:59.339 D/TvManager_JNI( 1611): ReadCmdFromTVOS
01-10 23:16:59.789 I/tvos    ( 1093): ruandelu_003;ret=1
01-10 23:16:59.789 I/tvos    ( 1093): AA;55;22;00;00;01;10;02;00;00;81;FF;00;00;54;20;00;00;00;00;00;C2;0C;41;00;00;00;00;ruandelu_003;ret=1
01-10 23:16:59.789 I/tvos    ( 1093): 00;00;00;00;00;00;00;00;38;03;55;AA;;./src/MSrv_UartDebug.cpp;setEnvFrMcu;1083;0;0
01-10 23:16:59.799 I/tvos    ( 1093): ;./src/MSrv_UartDebug.cpp;setEnvFrMcu;1085;bootloader=0
01-10 23:17:00.019 E/receiver( 1779): intentandroid.intent.action.TIME_TICK
01-10 23:17:01.809 I/tvos    ( 1093): ruandelu_003;ret=1
01-10 23:17:01.809 I/tvos    ( 1093): AA;55;22;00;00;01;10;02;00;00;81;FF;00;00;54;20;00;00;00;00;00;C2;0C;41;00;00;00;00;ruandelu_003;ret=1
01-10 23:17:01.809 I/tvos    ( 1093): 00;00;00;00;00;00;00;00;38;03;55;AA;;./src/MSrv_UartDebug.cpp;setEnvFrMcu;1083;0;0
01-10 23:17:01.819 I/tvos    ( 1093): ;./src/MSrv_UartDebug.cpp;setEnvFrMcu;1085;bootloader=0
01-10 23:17:02.339 D/TvManager_JNI( 1611): ReadCmdFromTVOS
01-10 23:17:02.339 D/TvManager_JNI( 1611): getGpioDeviceStatus
01-10 23:17:02.339 D/TvManager_JNI( 1611): getGpioDeviceStatus
01-10 23:17:02.339 D/TvManager_JNI( 1611): getGpioDeviceStatus
01-10 23:17:02.339 D/TvManager_JNI( 1611): ReadCmdFromTVOS
01-10 23:17:02.339 D/TvManager_JNI( 1611): ReadCmdFromTVOS
01-10 23:17:03.829 I/tvos    ( 1093): ruandelu_003;ret=1
01-10 23:17:03.829 I/tvos    ( 1093): AA;55;22;00;00;01;10;02;00;00;81;FF;00;00;54;20;00;00;00;00;00;C2;0C;41;00;00;00;00;ruandelu_003;ret=1
01-10 23:17:03.829 I/tvos    ( 1093): 00;00;00;00;00;00;00;00;38;03;55;AA;;./src/MSrv_UartDebug.cpp;setEnvFrMcu;1083;0;0
01-10 23:17:03.839 I/tvos    ( 1093): ;./src/MSrv_UartDebug.cpp;setEnvFrMcu;1085;bootloader=0
01-10 23:17:05.349 D/TvManager_JNI( 1611): ReadCmdFromTVOS
01-10 23:17:05.349 D/TvManager_JNI( 1611): getGpioDeviceStatus
01-10 23:17:05.349 D/TvManager_JNI( 1611): getGpioDeviceStatus
01-10 23:17:05.349 D/TvManager_JNI( 1611): getGpioDeviceStatus
01-10 23:17:05.349 D/TvManager_JNI( 1611): ReadCmdFromTVOS
01-10 23:17:05.349 D/TvManager_JNI( 1611): ReadCmdFromTVOS
01-10 23:17:05.869 I/tvos    ( 1093): ruandelu_003;ret=1
01-10 23:17:05.869 I/tvos    ( 1093): AA;55;22;00;00;01;10;02;00;00;81;FF;00;00;54;20;00;00;00;00;00;C2;0C;41;00;00;00;00;ruandelu_003;ret=1
01-10 23:17:05.869 I/tvos    ( 1093): 00;00;00;00;00;00;00;00;38;03;55;AA;;./src/MSrv_UartDebug.cpp;setEnvFrMcu;1083;0;0
01-10 23:17:05.879 I/tvos    ( 1093): ;./src/MSrv_UartDebug.cpp;setEnvFrMcu;1085;bootloader=0
01-10 23:17:07.889 I/tvos    ( 1093): ruandelu_003;ret=1
01-10 23:17:07.889 I/tvos    ( 1093): AA;55;22;00;00;01;10;02;00;00;81;FF;00;00;54;20;00;00;00;00;00;C2;0C;41;00;00;00;00;ruandelu_003;ret=1
01-10 23:17:07.889 I/tvos    ( 1093): 00;00;00;00;00;00;00;00;38;03;55;AA;;./src/MSrv_UartDebug.cpp;setEnvFrMcu;1083;0;0
01-10 23:17:07.899 I/tvos    ( 1093): ;./src/MSrv_UartDebug.cpp;setEnvFrMcu;1085;bootloader=0
01-10 23:17:08.359 D/TvManager_JNI( 1611): ReadCmdFromTVOS
01-10 23:17:08.359 D/TvManager_JNI( 1611): getGpioDeviceStatus
01-10 23:17:08.359 D/TvManager_JNI( 1611): getGpioDeviceStatus
01-10 23:17:08.359 D/TvManager_JNI( 1611): getGpioDeviceStatus
01-10 23:17:08.359 D/TvManager_JNI( 1611): ReadCmdFromTVOS
01-10 23:17:08.359 D/TvManager_JNI( 1611): ReadCmdFromTVOS
01-10 23:17:09.909 I/tvos    ( 1093): ruandelu_003;ret=1
01-10 23:17:09.909 I/tvos    ( 1093): AA;55;22;00;00;01;10;02;00;00;81;FF;00;00;54;20;00;00;00;00;00;C2;0C;41;00;00;00;00;ruandelu_003;ret=1
01-10 23:17:09.909 I/tvos    ( 1093): 00;00;00;00;00;00;00;00;38;03;55;AA;;./src/MSrv_UartDebug.cpp;setEnvFrMcu;1083;0;0
01-10 23:17:09.919 I/tvos    ( 1093): ;./src/MSrv_UartDebug.cpp;setEnvFrMcu;1085;bootloader=0
01-10 23:17:11.369 D/TvManager_JNI( 1611): ReadCmdFromTVOS
01-10 23:17:11.369 D/TvManager_JNI( 1611): getGpioDeviceStatus
01-10 23:17:11.369 D/TvManager_JNI( 1611): getGpioDeviceStatus
01-10 23:17:11.369 D/TvManager_JNI( 1611): getGpioDeviceStatus
01-10 23:17:11.369 D/TvManager_JNI( 1611): ReadCmdFromTVOS
01-10 23:17:11.369 D/TvManager_JNI( 1611): ReadCmdFromTVOS
01-10 23:17:11.929 I/tvos    ( 1093): ruandelu_003;ret=1
01-10 23:17:11.929 I/tvos    ( 1093): AA;55;22;00;00;01;11;02;31;2E;36;2E;35;5F;62;64;34;34;33;31;30;00;31;31;32;32;33;33;ruandelu_003;ret=1
01-10 23:17:11.929 I/tvos    ( 1093): 34;34;35;35;36;36;00;00;B9;05;55;AA;ruandelu;./src/MSrv_UartDebug.cpp;set_mcu_ver_by_mcu;1011;1.6.5_bd44310;;;;
01-10 23:17:11.939 I/tvos    ( 1093):  ./src/MSrv_UartDebug.cpp:set_mcu_ver_by_mcu:1013;1.6.5_bd44310
01-10 23:17:11.939 I/tvos    ( 1093): ruandelu;./src/MSrv_UartDebug.cpp;set_mcu_ver_by_mcu;1022;1.6.5_bd44310;;;;
01-10 23:17:13.949 I/tvos    ( 1093): ruandelu_003;ret=1
01-10 23:17:13.949 I/tvos    ( 1093): AA;55;22;00;00;01;10;02;00;00;81;FF;00;00;54;20;00;00;00;00;00;C2;0C;41;00;00;00;00;ruandelu_003;ret=1
01-10 23:17:13.949 I/tvos    ( 1093): 00;00;00;00;00;00;00;00;38;03;55;AA;;./src/MSrv_UartDebug.cpp;setEnvFrMcu;1083;0;0
01-10 23:17:13.949 I/tvos    ( 1093): ;./src/MSrv_UartDebug.cpp;setEnvFrMcu;1085;bootloader=0
01-10 23:17:14.379 D/TvManager_JNI( 1611): ReadCmdFromTVOS
01-10 23:17:14.379 D/TvManager_JNI( 1611): getGpioDeviceStatus
01-10 23:17:14.379 D/TvManager_JNI( 1611): getGpioDeviceStatus
01-10 23:17:14.379 D/TvManager_JNI( 1611): getGpioDeviceStatus
01-10 23:17:14.379 D/TvManager_JNI( 1611): ReadCmdFromTVOS
01-10 23:17:14.379 D/TvManager_JNI( 1611): ReadCmdFromTVOS
01-10 23:17:15.969 I/tvos    ( 1093): ruandelu_003;ret=1
01-10 23:17:15.969 I/tvos    ( 1093): AA;55;22;00;00;01;10;02;00;00;81;FF;00;00;54;20;00;00;00;00;00;C2;0C;41;00;00;00;00;ruandelu_003;ret=1
01-10 23:17:15.969 I/tvos    ( 1093): 00;00;00;00;00;00;00;00;38;03;55;AA;;./src/MSrv_UartDebug.cpp;setEnvFrMcu;1083;0;0
01-10 23:17:15.969 I/tvos    ( 1093): ;./src/MSrv_UartDebug.cpp;setEnvFrMcu;1085;bootloader=0
01-10 23:17:17.379 D/TvManager_JNI( 1611): ReadCmdFromTVOS
01-10 23:17:17.379 D/TvManager_JNI( 1611): getGpioDeviceStatus
01-10 23:17:17.389 D/TvManager_JNI( 1611): getGpioDeviceStatus
01-10 23:17:17.389 D/TvManager_JNI( 1611): getGpioDeviceStatus
01-10 23:17:17.389 D/TvManager_JNI( 1611): ReadCmdFromTVOS
01-10 23:17:17.389 D/TvManager_JNI( 1611): ReadCmdFromTVOS
01-10 23:17:17.989 I/tvos    ( 1093): ruandelu_003;ret=1
01-10 23:17:17.989 I/tvos    ( 1093): AA;55;22;00;00;01;10;02;00;00;81;FF;00;00;54;20;00;00;00;00;00;C2;0C;41;00;00;00;00;ruandelu_003;ret=1
01-10 23:17:17.989 I/tvos    ( 1093): 00;00;00;00;00;00;00;00;38;03;55;AA;;./src/MSrv_UartDebug.cpp;setEnvFrMcu;1083;0;0
01-10 23:17:17.989 I/tvos    ( 1093): ;./src/MSrv_UartDebug.cpp;setEnvFrMcu;1085;bootloader=0
01-10 23:17:20.029 I/tvos    ( 1093): ruandelu_003;ret=1
01-10 23:17:20.029 I/tvos    ( 1093): AA;55;22;00;00;01;10;02;00;00;81;FF;00;00;54;20;00;00;00;00;00;C2;0C;41;00;00;00;00;ruandelu_003;ret=1
01-10 23:17:20.029 I/tvos    ( 1093): 00;00;00;00;00;00;00;00;38;03;55;AA;;./src/MSrv_UartDebug.cpp;setEnvFrMcu;1083;0;0
01-10 23:17:20.029 I/tvos    ( 1093): ;./src/MSrv_UartDebug.cpp;setEnvFrMcu;1085;bootloader=0
01-10 23:17:20.389 D/TvManager_JNI( 1611): ReadCmdFromTVOS
01-10 23:17:20.389 D/TvManager_JNI( 1611): getGpioDeviceStatus
01-10 23:17:20.399 D/TvManager_JNI( 1611): getGpioDeviceStatus
01-10 23:17:20.399 D/TvManager_JNI( 1611): getGpioDeviceStatus
01-10 23:17:20.399 D/TvManager_JNI( 1611): ReadCmdFromTVOS
01-10 23:17:20.399 D/TvManager_JNI( 1611): ReadCmdFromTVOS
01-10 23:17:22.049 I/tvos    ( 1093): ruandelu_003;ret=1
01-10 23:17:22.049 I/tvos    ( 1093): AA;55;22;00;00;01;10;02;00;00;81;FF;00;00;54;20;00;00;00;00;00;C2;0C;41;00;00;00;00;ruandelu_003;ret=1
01-10 23:17:22.049 I/tvos    ( 1093): 00;00;00;00;00;00;00;00;38;03;55;AA;;./src/MSrv_UartDebug.cpp;setEnvFrMcu;1083;0;0
01-10 23:17:22.049 I/tvos    ( 1093): ;./src/MSrv_UartDebug.cpp;setEnvFrMcu;1085;bootloader=0
01-10 23:17:23.399 D/TvManager_JNI( 1611): ReadCmdFromTVOS
01-10 23:17:23.399 D/TvManager_JNI( 1611): getGpioDeviceStatus
01-10 23:17:23.399 D/TvManager_JNI( 1611): getGpioDeviceStatus
01-10 23:17:23.399 D/TvManager_JNI( 1611): getGpioDeviceStatus
01-10 23:17:23.399 D/TvManager_JNI( 1611): ReadCmdFromTVOS
01-10 23:17:23.399 D/TvManager_JNI( 1611): ReadCmdFromTVOS
01-10 23:17:24.069 I/tvos    ( 1093): ruandelu_003;ret=1
01-10 23:17:24.069 I/tvos    ( 1093): AA;55;22;00;00;01;10;02;00;00;81;FF;00;00;54;20;00;00;00;00;00;C2;0C;41;00;00;00;00;ruandelu_003;ret=1
01-10 23:17:24.069 I/tvos    ( 1093): 00;00;00;00;00;00;00;00;38;03;55;AA;;./src/MSrv_UartDebug.cpp;setEnvFrMcu;1083;0;0
01-10 23:17:24.069 I/tvos    ( 1093): ;./src/MSrv_UartDebug.cpp;setEnvFrMcu;1085;bootloader=0
01-10 23:17:26.089 I/tvos    ( 1093): ruandelu_003;ret=1
01-10 23:17:26.089 I/tvos    ( 1093): AA;55;22;00;00;01;10;02;00;00;81;FF;00;00;54;20;00;00;00;00;00;C2;0C;41;00;00;00;00;ruandelu_003;ret=1
01-10 23:17:26.089 I/tvos    ( 1093): 00;00;00;00;00;00;00;00;38;03;55;AA;;./src/MSrv_UartDebug.cpp;setEnvFrMcu;1083;0;0
01-10 23:17:26.089 I/tvos    ( 1093): ;./src/MSrv_UartDebug.cpp;setEnvFrMcu;1085;bootloader=0
01-10 23:17:26.409 D/TvManager_JNI( 1611): ReadCmdFromTVOS
01-10 23:17:26.409 D/TvManager_JNI( 1611): getGpioDeviceStatus
01-10 23:17:26.409 D/TvManager_JNI( 1611): getGpioDeviceStatus
01-10 23:17:26.409 D/TvManager_JNI( 1611): getGpioDeviceStatus
01-10 23:17:26.409 D/TvManager_JNI( 1611): ReadCmdFromTVOS
01-10 23:17:26.409 D/TvManager_JNI( 1611): ReadCmdFromTVOS
01-10 23:17:28.109 I/tvos    ( 1093): ruandelu_003;ret=1
01-10 23:17:28.109 I/tvos    ( 1093): AA;55;22;00;00;01;11;02;31;2E;36;2E;35;5F;62;64;34;34;33;31;30;00;31;31;32;32;33;33;ruandelu_003;ret=1
01-10 23:17:28.109 I/tvos    ( 1093): 34;34;35;35;36;36;00;00;B9;05;55;AA;ruandelu;./src/MSrv_UartDebug.cpp;set_mcu_ver_by_mcu;1011;1.6.5_bd44310;;;;
01-10 23:17:28.109 I/tvos    ( 1093):  ./src/MSrv_UartDebug.cpp:set_mcu_ver_by_mcu:1013;1.6.5_bd44310
01-10 23:17:28.109 I/tvos    ( 1093): ruandelu;./src/MSrv_UartDebug.cpp;set_mcu_ver_by_mcu;1022;1.6.5_bd44310;;;;
01-10 23:17:29.409 D/TvManager_JNI( 1611): ReadCmdFromTVOS
01-10 23:17:29.409 D/TvManager_JNI( 1611): getGpioDeviceStatus
01-10 23:17:29.409 D/TvManager_JNI( 1611): getGpioDeviceStatus
01-10 23:17:29.409 D/TvManager_JNI( 1611): getGpioDeviceStatus
01-10 23:17:29.409 D/TvManager_JNI( 1611): ReadCmdFromTVOS
01-10 23:17:29.409 D/TvManager_JNI( 1611): ReadCmdFromTVOS
01-10 23:17:30.129 I/tvos    ( 1093): ruandelu_003;ret=1
01-10 23:17:30.129 I/tvos    ( 1093): AA;55;22;00;00;01;10;02;00;00;81;FF;00;00;54;20;00;00;00;00;00;C2;0C;41;00;00;00;00;ruandelu_003;ret=1
01-10 23:17:30.129 I/tvos    ( 1093): 00;00;00;00;00;00;00;00;38;03;55;AA;;./src/MSrv_UartDebug.cpp;setEnvFrMcu;1083;0;0
01-10 23:17:30.129 I/tvos    ( 1093): ;./src/MSrv_UartDebug.cpp;setEnvFrMcu;1085;bootloader=0
01-10 23:17:32.149 I/tvos    ( 1093): ruandelu_003;ret=1
01-10 23:17:32.149 I/tvos    ( 1093): AA;55;22;00;00;01;10;02;00;00;81;FF;00;00;54;20;00;00;00;00;00;C2;0C;41;00;00;00;00;ruandelu_003;ret=1
01-10 23:17:32.149 I/tvos    ( 1093): 00;00;00;00;00;00;00;00;38;03;55;AA;;./src/MSrv_UartDebug.cpp;setEnvFrMcu;1083;0;0
01-10 23:17:32.149 I/tvos    ( 1093): ;./src/MSrv_UartDebug.cpp;setEnvFrMcu;1085;bootloader=0
01-10 23:17:32.419 D/TvManager_JNI( 1611): ReadCmdFromTVOS
01-10 23:17:32.419 D/TvManager_JNI( 1611): getGpioDeviceStatus
01-10 23:17:32.419 D/TvManager_JNI( 1611): getGpioDeviceStatus
01-10 23:17:32.419 D/TvManager_JNI( 1611): getGpioDeviceStatus
01-10 23:17:32.419 D/TvManager_JNI( 1611): ReadCmdFromTVOS
01-10 23:17:32.419 D/TvManager_JNI( 1611): ReadCmdFromTVOS
01-10 23:17:34.189 I/tvos    ( 1093): ruandelu_003;ret=1
01-10 23:17:34.189 I/tvos    ( 1093): AA;55;22;00;00;01;10;02;00;00;81;FF;00;00;54;20;00;00;00;00;00;C2;0C;41;00;00;00;00;ruandelu_003;ret=1
01-10 23:17:34.189 I/tvos    ( 1093): 00;00;00;00;00;00;00;00;38;03;55;AA;;./src/MSrv_UartDebug.cpp;setEnvFrMcu;1083;0;0
01-10 23:17:34.189 I/tvos    ( 1093): ;./src/MSrv_UartDebug.cpp;setEnvFrMcu;1085;bootloader=0
01-10 23:17:35.419 D/TvManager_JNI( 1611): ReadCmdFromTVOS
01-10 23:17:35.419 D/TvManager_JNI( 1611): getGpioDeviceStatus
01-10 23:17:35.419 D/TvManager_JNI( 1611): getGpioDeviceStatus
01-10 23:17:35.419 D/TvManager_JNI( 1611): getGpioDeviceStatus
01-10 23:17:35.419 D/TvManager_JNI( 1611): ReadCmdFromTVOS
01-10 23:17:35.419 D/TvManager_JNI( 1611): ReadCmdFromTVOS
01-10 23:17:36.209 I/tvos    ( 1093): ruandelu_003;ret=1
01-10 23:17:36.209 I/tvos    ( 1093): AA;55;22;00;00;01;10;02;00;00;81;FF;00;00;54;20;00;00;00;00;00;C2;0C;41;00;00;00;00;ruandelu_003;ret=1
01-10 23:17:36.209 I/tvos    ( 1093): 00;00;00;00;00;00;00;00;38;03;55;AA;;./src/MSrv_UartDebug.cpp;setEnvFrMcu;1083;0;0
01-10 23:17:36.209 I/tvos    ( 1093): ;./src/MSrv_UartDebug.cpp;setEnvFrMcu;1085;bootloader=0
01-10 23:17:38.229 I/tvos    ( 1093): ruandelu_003;ret=1
01-10 23:17:38.229 I/tvos    ( 1093): AA;55;22;00;00;01;10;02;00;00;81;FF;00;00;54;20;00;00;00;00;00;C2;0C;41;00;00;00;00;ruandelu_003;ret=1
01-10 23:17:38.229 I/tvos    ( 1093): 00;00;00;00;00;00;00;00;38;03;55;AA;;./src/MSrv_UartDebug.cpp;setEnvFrMcu;1083;0;0
01-10 23:17:38.229 I/tvos    ( 1093): ;./src/MSrv_UartDebug.cpp;setEnvFrMcu;1085;bootloader=0
01-10 23:17:38.429 D/TvManager_JNI( 1611): ReadCmdFromTVOS
01-10 23:17:38.429 D/TvManager_JNI( 1611): getGpioDeviceStatus
01-10 23:17:38.429 D/TvManager_JNI( 1611): getGpioDeviceStatus
01-10 23:17:38.429 D/TvManager_JNI( 1611): getGpioDeviceStatus
01-10 23:17:38.429 D/TvManager_JNI( 1611): ReadCmdFromTVOS
01-10 23:17:38.429 D/TvManager_JNI( 1611): ReadCmdFromTVOS
01-10 23:17:40.249 I/tvos    ( 1093): ruandelu_003;ret=1
01-10 23:17:40.249 I/tvos    ( 1093): AA;55;22;00;00;01;10;02;00;00;81;FF;00;00;54;20;00;00;00;00;00;C2;0C;41;00;00;00;00;ruandelu_003;ret=1
01-10 23:17:40.249 I/tvos    ( 1093): 00;00;00;00;00;00;00;00;38;03;55;AA;;./src/MSrv_UartDebug.cpp;setEnvFrMcu;1083;0;0
01-10 23:17:40.249 I/tvos    ( 1093): ;./src/MSrv_UartDebug.cpp;setEnvFrMcu;1085;bootloader=0
01-10 23:17:41.439 D/TvManager_JNI( 1611): ReadCmdFromTVOS
01-10 23:17:41.439 D/TvManager_JNI( 1611): getGpioDeviceStatus
01-10 23:17:41.439 D/TvManager_JNI( 1611): getGpioDeviceStatus
01-10 23:17:41.439 D/TvManager_JNI( 1611): getGpioDeviceStatus
01-10 23:17:41.439 D/TvManager_JNI( 1611): ReadCmdFromTVOS
01-10 23:17:41.439 D/TvManager_JNI( 1611): ReadCmdFromTVOS
01-10 23:17:42.289 I/tvos    ( 1093): ruandelu_003;ret=1
01-10 23:17:42.289 I/tvos    ( 1093): AA;55;22;00;00;01;10;02;00;00;81;FF;00;00;54;20;00;00;00;00;00;C2;0C;41;00;00;00;00;ruandelu_003;ret=1
01-10 23:17:42.289 I/tvos    ( 1093): 00;00;00;00;00;00;00;00;38;03;55;AA;;./src/MSrv_UartDebug.cpp;setEnvFrMcu;1083;0;0
01-10 23:17:42.289 I/tvos    ( 1093): ;./src/MSrv_UartDebug.cpp;setEnvFrMcu;1085;bootloader=0
01-10 23:17:44.289 I/tvos    ( 1093): ruandelu_003;ret=1
01-10 23:17:44.289 I/tvos    ( 1093): AA;55;22;00;00;01;11;02;31;2E;36;2E;35;5F;62;64;34;34;33;31;30;00;31;31;32;32;33;33;ruandelu_003;ret=1
01-10 23:17:44.289 I/tvos    ( 1093): 34;34;35;35;36;36;00;00;B9;05;55;AA;ruandelu;./src/MSrv_UartDebug.cpp;set_mcu_ver_by_mcu;1011;1.6.5_bd44310;;;;
01-10 23:17:44.289 I/tvos    ( 1093):  ./src/MSrv_UartDebug.cpp:set_mcu_ver_by_mcu:1013;1.6.5_bd44310
01-10 23:17:44.289 I/tvos    ( 1093): ruandelu;./src/MSrv_UartDebug.cpp;set_mcu_ver_by_mcu;1022;1.6.5_bd44310;;;;
01-10 23:17:44.439 D/TvManager_JNI( 1611): ReadCmdFromTVOS
01-10 23:17:44.449 D/TvManager_JNI( 1611): getGpioDeviceStatus
01-10 23:17:44.449 D/TvManager_JNI( 1611): getGpioDeviceStatus
01-10 23:17:44.449 D/TvManager_JNI( 1611): getGpioDeviceStatus
01-10 23:17:44.449 D/TvManager_JNI( 1611): ReadCmdFromTVOS
01-10 23:17:44.449 D/TvManager_JNI( 1611): ReadCmdFromTVOS
01-10 23:17:46.309 I/tvos    ( 1093): ruandelu_003;ret=1
01-10 23:17:46.309 I/tvos    ( 1093): AA;55;22;00;00;01;10;02;00;00;81;FF;00;00;54;20;00;00;00;00;00;C2;0C;41;00;00;00;00;ruandelu_003;ret=1
01-10 23:17:46.309 I/tvos    ( 1093): 00;00;00;00;00;00;00;00;38;03;55;AA;;./src/MSrv_UartDebug.cpp;setEnvFrMcu;1083;0;0
01-10 23:17:46.309 I/tvos    ( 1093): ;./src/MSrv_UartDebug.cpp;setEnvFrMcu;1085;bootloader=0
01-10 23:17:47.459 D/TvManager_JNI( 1611): ReadCmdFromTVOS
01-10 23:17:47.459 D/TvManager_JNI( 1611): getGpioDeviceStatus
01-10 23:17:47.459 D/TvManager_JNI( 1611): getGpioDeviceStatus
01-10 23:17:47.459 D/TvManager_JNI( 1611): getGpioDeviceStatus
01-10 23:17:47.459 D/TvManager_JNI( 1611): ReadCmdFromTVOS
01-10 23:17:47.459 D/TvManager_JNI( 1611): ReadCmdFromTVOS
01-10 23:17:48.349 I/tvos    ( 1093): ruandelu_003;ret=1
01-10 23:17:48.349 I/tvos    ( 1093): AA;55;22;00;00;01;10;02;00;00;81;FF;00;00;54;20;00;00;00;00;00;C2;0C;41;00;00;00;00;ruandelu_003;ret=1
01-10 23:17:48.359 I/tvos    ( 1093): 00;00;00;00;00;00;00;00;38;03;55;AA;;./src/MSrv_UartDebug.cpp;setEnvFrMcu;1083;0;0
01-10 23:17:48.359 I/tvos    ( 1093): ;./src/MSrv_UartDebug.cpp;setEnvFrMcu;1085;bootloader=0
01-10 23:17:50.369 I/tvos    ( 1093): ruandelu_003;ret=1
01-10 23:17:50.369 I/tvos    ( 1093): AA;55;22;00;00;01;10;02;00;00;81;FF;00;00;54;20;00;00;00;00;00;C2;0C;41;00;00;00;00;ruandelu_003;ret=1
01-10 23:17:50.369 I/tvos    ( 1093): 00;00;00;00;00;00;00;00;38;03;55;AA;;./src/MSrv_UartDebug.cpp;setEnvFrMcu;1083;0;0
01-10 23:17:50.369 I/tvos    ( 1093): ;./src/MSrv_UartDebug.cpp;setEnvFrMcu;1085;bootloader=0
01-10 23:17:50.459 D/TvManager_JNI( 1611): ReadCmdFromTVOS
01-10 23:17:50.459 D/TvManager_JNI( 1611): getGpioDeviceStatus
01-10 23:17:50.469 D/TvManager_JNI( 1611): getGpioDeviceStatus
01-10 23:17:50.469 D/TvManager_JNI( 1611): getGpioDeviceStatus
01-10 23:17:50.469 D/TvManager_JNI( 1611): ReadCmdFromTVOS
01-10 23:17:50.469 D/TvManager_JNI( 1611): ReadCmdFromTVOS
01-10 23:17:52.389 I/tvos    ( 1093): ruandelu_003;ret=1
01-10 23:17:52.389 I/tvos    ( 1093): AA;55;22;00;00;01;10;02;00;00;81;FF;00;00;54;20;00;00;00;00;00;C2;0C;41;00;00;00;00;ruandelu_003;ret=1
01-10 23:17:52.389 I/tvos    ( 1093): 00;00;00;00;00;00;00;00;38;03;55;AA;;./src/MSrv_UartDebug.cpp;setEnvFrMcu;1083;0;0
01-10 23:17:52.389 I/tvos    ( 1093): ;./src/MSrv_UartDebug.cpp;setEnvFrMcu;1085;bootloader=0
01-10 23:17:53.469 D/TvManager_JNI( 1611): ReadCmdFromTVOS
01-10 23:17:53.469 D/TvManager_JNI( 1611): getGpioDeviceStatus
01-10 23:17:53.479 D/TvManager_JNI( 1611): getGpioDeviceStatus
01-10 23:17:53.479 D/TvManager_JNI( 1611): getGpioDeviceStatus
01-10 23:17:53.479 D/TvManager_JNI( 1611): ReadCmdFromTVOS
01-10 23:17:53.479 D/TvManager_JNI( 1611): ReadCmdFromTVOS
01-10 23:17:54.409 I/tvos    ( 1093): ruandelu_003;ret=1
01-10 23:17:54.409 I/tvos    ( 1093): AA;55;22;00;00;01;10;02;00;00;81;FF;00;00;54;20;00;00;00;00;00;C2;0C;41;00;00;00;00;ruandelu_003;ret=1
01-10 23:17:54.409 I/tvos    ( 1093): 00;00;00;00;00;00;00;00;38;03;55;AA;;./src/MSrv_UartDebug.cpp;setEnvFrMcu;1083;0;0
01-10 23:17:54.409 I/tvos    ( 1093): ;./src/MSrv_UartDebug.cpp;setEnvFrMcu;1085;bootloader=0
01-10 23:17:56.449 I/tvos    ( 1093): ruandelu_003;ret=1
01-10 23:17:56.449 I/tvos    ( 1093): AA;55;22;00;00;01;10;02;00;00;81;FF;00;00;54;20;00;00;00;00;00;C2;0C;41;00;00;00;00;ruandelu_003;ret=1
01-10 23:17:56.449 I/tvos    ( 1093): 00;00;00;00;00;00;00;00;38;03;55;AA;;./src/MSrv_UartDebug.cpp;setEnvFrMcu;1083;0;0
01-10 23:17:56.449 I/tvos    ( 1093): ;./src/MSrv_UartDebug.cpp;setEnvFrMcu;1085;bootloader=0
01-10 23:17:56.479 D/TvManager_JNI( 1611): ReadCmdFromTVOS
01-10 23:17:56.479 D/TvManager_JNI( 1611): getGpioDeviceStatus
01-10 23:17:56.479 D/TvManager_JNI( 1611): getGpioDeviceStatus
01-10 23:17:56.489 D/TvManager_JNI( 1611): getGpioDeviceStatus
01-10 23:17:56.489 D/TvManager_JNI( 1611): ReadCmdFromTVOS
01-10 23:17:56.489 D/TvManager_JNI( 1611): ReadCmdFromTVOS
01-10 23:17:58.469 I/tvos    ( 1093): ruandelu_003;ret=1
01-10 23:17:58.469 I/tvos    ( 1093): AA;55;22;00;00;01;10;02;00;00;81;FF;00;00;54;20;00;00;00;00;00;C2;0C;41;00;00;00;00;ruandelu_003;ret=1
01-10 23:17:58.469 I/tvos    ( 1093): 00;00;00;00;00;00;00;00;38;03;55;AA;;./src/MSrv_UartDebug.cpp;setEnvFrMcu;1083;0;0
01-10 23:17:58.469 I/tvos    ( 1093): ;./src/MSrv_UartDebug.cpp;setEnvFrMcu;1085;bootloader=0
01-10 23:17:59.489 D/TvManager_JNI( 1611): ReadCmdFromTVOS
01-10 23:17:59.489 D/TvManager_JNI( 1611): getGpioDeviceStatus
01-10 23:17:59.489 D/TvManager_JNI( 1611): getGpioDeviceStatus
01-10 23:17:59.489 D/TvManager_JNI( 1611): getGpioDeviceStatus
01-10 23:17:59.489 D/TvManager_JNI( 1611): ReadCmdFromTVOS
01-10 23:17:59.499 D/TvManager_JNI( 1611): ReadCmdFromTVOS
01-10 23:18:00.019 E/receiver( 1779): intentandroid.intent.action.TIME_TICK
01-10 23:18:00.469 I/tvos    ( 1093): ruandelu_003;ret=1
01-10 23:18:00.469 I/tvos    ( 1093): AA;55;22;00;00;01;11;02;31;2E;36;2E;35;5F;62;64;34;34;33;31;30;00;31;31;32;32;33;33;ruandelu_003;ret=1
01-10 23:18:00.469 I/tvos    ( 1093): 34;34;35;35;36;36;00;00;B9;05;55;AA;ruandelu;./src/MSrv_UartDebug.cpp;set_mcu_ver_by_mcu;1011;1.6.5_bd44310;;;;
01-10 23:18:00.479 I/tvos    ( 1093):  ./src/MSrv_UartDebug.cpp:set_mcu_ver_by_mcu:1013;1.6.5_bd44310
01-10 23:18:00.479 I/tvos    ( 1093): ruandelu;./src/MSrv_UartDebug.cpp;set_mcu_ver_by_mcu;1022;1.6.5_bd44310;;;;
01-10 23:18:02.499 D/TvManager_JNI( 1611): ReadCmdFromTVOS
01-10 23:18:02.499 D/TvManager_JNI( 1611): getGpioDeviceStatus
01-10 23:18:02.499 D/TvManager_JNI( 1611): getGpioDeviceStatus
01-10 23:18:02.499 D/TvManager_JNI( 1611): getGpioDeviceStatus
01-10 23:18:02.499 D/TvManager_JNI( 1611): ReadCmdFromTVOS
01-10 23:18:02.499 D/TvManager_JNI( 1611): ReadCmdFromTVOS
01-10 23:18:02.509 I/tvos    ( 1093): ruandelu_003;ret=1
01-10 23:18:02.509 I/tvos    ( 1093): AA;55;22;00;00;01;10;02;00;00;81;FF;00;00;54;20;00;00;00;00;00;C2;0C;41;00;00;00;00;ruandelu_003;ret=1
01-10 23:18:02.509 I/tvos    ( 1093): 00;00;00;00;00;00;00;00;38;03;55;AA;;./src/MSrv_UartDebug.cpp;setEnvFrMcu;1083;0;0
01-10 23:18:02.519 I/tvos    ( 1093): ;./src/MSrv_UartDebug.cpp;setEnvFrMcu;1085;bootloader=0
01-10 23:18:04.529 I/tvos    ( 1093): ruandelu_003;ret=1
01-10 23:18:04.529 I/tvos    ( 1093): AA;55;22;00;00;01;10;02;00;00;81;FF;00;00;54;20;00;00;00;00;00;C2;0C;41;00;00;00;00;ruandelu_003;ret=1
01-10 23:18:04.529 I/tvos    ( 1093): 00;00;00;00;00;00;00;00;38;03;55;AA;;./src/MSrv_UartDebug.cpp;setEnvFrMcu;1083;0;0
01-10 23:18:04.529 I/tvos    ( 1093): ;./src/MSrv_UartDebug.cpp;setEnvFrMcu;1085;bootloader=0
01-10 23:18:05.509 D/TvManager_JNI( 1611): ReadCmdFromTVOS
01-10 23:18:05.509 D/TvManager_JNI( 1611): getGpioDeviceStatus
01-10 23:18:05.509 D/TvManager_JNI( 1611): getGpioDeviceStatus
01-10 23:18:05.509 D/TvManager_JNI( 1611): getGpioDeviceStatus
01-10 23:18:05.509 D/TvManager_JNI( 1611): ReadCmdFromTVOS
01-10 23:18:05.509 D/TvManager_JNI( 1611): ReadCmdFromTVOS
01-10 23:18:06.549 I/tvos    ( 1093): ruandelu_003;ret=1
01-10 23:18:06.549 I/tvos    ( 1093): AA;55;22;00;00;01;10;02;00;00;81;FF;00;00;54;20;00;00;00;00;00;C2;0C;41;00;00;00;00;ruandelu_003;ret=1
01-10 23:18:06.549 I/tvos    ( 1093): 00;00;00;00;00;00;00;00;38;03;55;AA;;./src/MSrv_UartDebug.cpp;setEnvFrMcu;1083;0;0
01-10 23:18:06.549 I/tvos    ( 1093): ;./src/MSrv_UartDebug.cpp;setEnvFrMcu;1085;bootloader=0
01-10 23:18:08.519 D/TvManager_JNI( 1611): ReadCmdFromTVOS
01-10 23:18:08.519 D/TvManager_JNI( 1611): getGpioDeviceStatus
01-10 23:18:08.519 D/TvManager_JNI( 1611): getGpioDeviceStatus
01-10 23:18:08.519 D/TvManager_JNI( 1611): getGpioDeviceStatus
01-10 23:18:08.519 D/TvManager_JNI( 1611): ReadCmdFromTVOS
01-10 23:18:08.519 D/TvManager_JNI( 1611): ReadCmdFromTVOS
01-10 23:18:08.569 I/tvos    ( 1093): ruandelu_003;ret=1
01-10 23:18:08.569 I/tvos    ( 1093): AA;55;22;00;00;01;10;02;00;00;81;FF;00;00;54;20;00;00;00;00;00;C2;0C;41;00;00;00;00;ruandelu_003;ret=1
01-10 23:18:08.569 I/tvos    ( 1093): 00;00;00;00;00;00;00;00;38;03;55;AA;;./src/MSrv_UartDebug.cpp;setEnvFrMcu;1083;0;0
01-10 23:18:08.569 I/tvos    ( 1093): ;./src/MSrv_UartDebug.cpp;setEnvFrMcu;1085;bootloader=0
01-10 23:18:10.609 I/tvos    ( 1093): ruandelu_003;ret=1
01-10 23:18:10.609 I/tvos    ( 1093): AA;55;22;00;00;01;10;02;00;00;81;FF;00;00;54;20;00;00;00;00;00;C2;0C;41;00;00;00;00;ruandelu_003;ret=1
01-10 23:18:10.609 I/tvos    ( 1093): 00;00;00;00;00;00;00;00;38;03;55;AA;;./src/MSrv_UartDebug.cpp;setEnvFrMcu;1083;0;0
01-10 23:18:10.609 I/tvos    ( 1093): ;./src/MSrv_UartDebug.cpp;setEnvFrMcu;1085;bootloader=0
01-10 23:18:11.529 D/TvManager_JNI( 1611): ReadCmdFromTVOS
01-10 23:18:11.529 D/TvManager_JNI( 1611): getGpioDeviceStatus
01-10 23:18:11.529 D/TvManager_JNI( 1611): getGpioDeviceStatus
01-10 23:18:11.529 D/TvManager_JNI( 1611): getGpioDeviceStatus
01-10 23:18:11.529 D/TvManager_JNI( 1611): ReadCmdFromTVOS
01-10 23:18:11.529 D/TvManager_JNI( 1611): ReadCmdFromTVOS
01-10 23:18:12.629 I/tvos    ( 1093): ruandelu_003;ret=1
01-10 23:18:12.629 I/tvos    ( 1093): AA;55;22;00;00;01;10;02;00;00;81;FF;00;00;54;20;00;00;00;00;00;C2;0C;41;00;00;00;00;ruandelu_003;ret=1
01-10 23:18:12.629 I/tvos    ( 1093): 00;00;00;00;00;00;00;00;38;03;55;AA;;./src/MSrv_UartDebug.cpp;setEnvFrMcu;1083;0;0
01-10 23:18:12.629 I/tvos    ( 1093): ;./src/MSrv_UartDebug.cpp;setEnvFrMcu;1085;bootloader=0
01-10 23:18:14.539 D/TvManager_JNI( 1611): ReadCmdFromTVOS
01-10 23:18:14.539 D/TvManager_JNI( 1611): getGpioDeviceStatus
01-10 23:18:14.539 D/TvManager_JNI( 1611): getGpioDeviceStatus
01-10 23:18:14.539 D/TvManager_JNI( 1611): getGpioDeviceStatus
01-10 23:18:14.539 D/TvManager_JNI( 1611): ReadCmdFromTVOS
01-10 23:18:14.539 D/TvManager_JNI( 1611): ReadCmdFromTVOS
01-10 23:18:14.649 I/tvos    ( 1093): ruandelu_003;ret=1
01-10 23:18:14.649 I/tvos    ( 1093): AA;55;22;00;00;01;10;02;00;00;81;FF;00;00;54;20;00;00;00;00;00;C2;0C;41;00;00;00;00;ruandelu_003;ret=1
01-10 23:18:14.649 I/tvos    ( 1093): 00;00;00;00;00;00;00;00;38;03;55;AA;;./src/MSrv_UartDebug.cpp;setEnvFrMcu;1083;0;0
01-10 23:18:14.659 I/tvos    ( 1093): ;./src/MSrv_UartDebug.cpp;setEnvFrMcu;1085;bootloader=0
01-10 23:18:16.669 I/tvos    ( 1093): ruandelu_003;ret=1
01-10 23:18:16.669 I/tvos    ( 1093): AA;55;22;00;00;01;11;02;31;2E;36;2E;35;5F;62;64;34;34;33;31;30;00;31;31;32;32;33;33;ruandelu_003;ret=1
01-10 23:18:16.669 I/tvos    ( 1093): 34;34;35;35;36;36;00;00;B9;05;55;AA;ruandelu;./src/MSrv_UartDebug.cpp;set_mcu_ver_by_mcu;1011;1.6.5_bd44310;;;;
01-10 23:18:16.679 I/tvos    ( 1093):  ./src/MSrv_UartDebug.cpp:set_mcu_ver_by_mcu:1013;1.6.5_bd44310
01-10 23:18:16.679 I/tvos    ( 1093): ruandelu;./src/MSrv_UartDebug.cpp;set_mcu_ver_by_mcu;1022;1.6.5_bd44310;;;;
01-10 23:18:17.549 D/TvManager_JNI( 1611): ReadCmdFromTVOS
01-10 23:18:17.549 D/TvManager_JNI( 1611): getGpioDeviceStatus
01-10 23:18:17.549 D/TvManager_JNI( 1611): getGpioDeviceStatus
01-10 23:18:17.549 D/TvManager_JNI( 1611): getGpioDeviceStatus
01-10 23:18:17.549 D/TvManager_JNI( 1611): ReadCmdFromTVOS
01-10 23:18:17.549 D/TvManager_JNI( 1611): ReadCmdFromTVOS
01-10 23:18:18.689 I/tvos    ( 1093): ruandelu_003;ret=1
01-10 23:18:18.689 I/tvos    ( 1093): AA;55;22;00;00;01;10;02;00;00;81;FF;00;00;54;20;00;00;00;00;00;C2;0C;41;00;00;00;00;ruandelu_003;ret=1
01-10 23:18:18.689 I/tvos    ( 1093): 00;00;00;00;00;00;00;00;38;03;55;AA;;./src/MSrv_UartDebug.cpp;setEnvFrMcu;1083;0;0
01-10 23:18:18.689 I/tvos    ( 1093): ;./src/MSrv_UartDebug.cpp;setEnvFrMcu;1085;bootloader=0
01-10 23:18:20.549 D/TvManager_JNI( 1611): ReadCmdFromTVOS
01-10 23:18:20.559 D/TvManager_JNI( 1611): getGpioDeviceStatus
01-10 23:18:20.559 D/TvManager_JNI( 1611): getGpioDeviceStatus
01-10 23:18:20.559 D/TvManager_JNI( 1611): getGpioDeviceStatus
01-10 23:18:20.559 D/TvManager_JNI( 1611): ReadCmdFromTVOS
01-10 23:18:20.559 D/TvManager_JNI( 1611): ReadCmdFromTVOS
01-10 23:18:20.709 I/tvos    ( 1093): ruandelu_003;ret=1
01-10 23:18:20.709 I/tvos    ( 1093): AA;55;22;00;00;01;10;02;00;00;81;FF;00;00;54;20;00;00;00;00;00;C2;0C;41;00;00;00;00;ruandelu_003;ret=1
01-10 23:18:20.709 I/tvos    ( 1093): 00;00;00;00;00;00;00;00;38;03;55;AA;;./src/MSrv_UartDebug.cpp;setEnvFrMcu;1083;0;0
01-10 23:18:20.709 I/tvos    ( 1093): ;./src/MSrv_UartDebug.cpp;setEnvFrMcu;1085;bootloader=0
01-10 23:18:20.919 D/ConnectivityService( 1519): Sampling interval elapsed, updating statistics ..
01-10 23:18:20.929 D/ConnectivityService( 1519): Done.
01-10 23:18:20.929 D/ConnectivityService( 1519): Setting timer for 720seconds
01-10 23:18:22.729 I/tvos    ( 1093): ruandelu_003;ret=1
01-10 23:18:22.729 I/tvos    ( 1093): AA;55;22;00;00;01;10;02;00;00;81;FF;00;00;54;20;00;00;00;00;00;C2;0C;41;00;00;00;00;ruandelu_003;ret=1
01-10 23:18:22.729 I/tvos    ( 1093): 00;00;00;00;00;00;00;00;38;03;55;AA;;./src/MSrv_UartDebug.cpp;setEnvFrMcu;1083;0;0
01-10 23:18:22.729 I/tvos    ( 1093): ;./src/MSrv_UartDebug.cpp;setEnvFrMcu;1085;bootloader=0
01-10 23:18:23.559 D/TvManager_JNI( 1611): ReadCmdFromTVOS
01-10 23:18:23.559 D/TvManager_JNI( 1611): getGpioDeviceStatus
01-10 23:18:23.569 D/TvManager_JNI( 1611): getGpioDeviceStatus
01-10 23:18:23.569 D/TvManager_JNI( 1611): getGpioDeviceStatus
01-10 23:18:23.569 D/TvManager_JNI( 1611): ReadCmdFromTVOS
01-10 23:18:23.569 D/TvManager_JNI( 1611): ReadCmdFromTVOS
01-10 23:18:24.769 I/tvos    ( 1093): ruandelu_003;ret=1
01-10 23:18:24.769 I/tvos    ( 1093): AA;55;22;00;00;01;10;02;00;00;81;FF;00;00;54;20;00;00;00;00;00;C2;0C;41;00;00;00;00;ruandelu_003;ret=1
01-10 23:18:24.769 I/tvos    ( 1093): 00;00;00;00;00;00;00;00;38;03;55;AA;;./src/MSrv_UartDebug.cpp;setEnvFrMcu;1083;0;0
01-10 23:18:24.769 I/tvos    ( 1093): ;./src/MSrv_UartDebug.cpp;setEnvFrMcu;1085;bootloader=0
01-10 23:18:26.569 D/TvManager_JNI( 1611): ReadCmdFromTVOS
01-10 23:18:26.579 D/TvManager_JNI( 1611): getGpioDeviceStatus
01-10 23:18:26.579 D/TvManager_JNI( 1611): getGpioDeviceStatus
01-10 23:18:26.579 D/TvManager_JNI( 1611): getGpioDeviceStatus
01-10 23:18:26.579 D/TvManager_JNI( 1611): ReadCmdFromTVOS
01-10 23:18:26.579 D/TvManager_JNI( 1611): ReadCmdFromTVOS
01-10 23:18:26.789 I/tvos    ( 1093): ruandelu_003;ret=1
01-10 23:18:26.789 I/tvos    ( 1093): AA;55;22;00;00;01;10;02;00;00;81;FF;00;00;54;20;00;00;00;00;00;C2;0C;41;00;00;00;00;ruandelu_003;ret=1
01-10 23:18:26.789 I/tvos    ( 1093): 00;00;00;00;00;00;00;00;38;03;55;AA;;./src/MSrv_UartDebug.cpp;setEnvFrMcu;1083;0;0
01-10 23:18:26.799 I/tvos    ( 1093): ;./src/MSrv_UartDebug.cpp;setEnvFrMcu;1085;bootloader=0
01-10 23:18:28.809 I/tvos    ( 1093): ruandelu_003;ret=1
01-10 23:18:28.809 I/tvos    ( 1093): AA;55;22;00;00;01;10;02;00;00;81;FF;00;00;54;20;00;00;00;00;00;C2;0C;41;00;00;00;00;ruandelu_003;ret=1
01-10 23:18:28.809 I/tvos    ( 1093): 00;00;00;00;00;00;00;00;38;03;55;AA;;./src/MSrv_UartDebug.cpp;setEnvFrMcu;1083;0;0
01-10 23:18:28.809 I/tvos    ( 1093): ;./src/MSrv_UartDebug.cpp;setEnvFrMcu;1085;bootloader=0
01-10 23:18:29.579 D/TvManager_JNI( 1611): ReadCmdFromTVOS
01-10 23:18:29.589 D/TvManager_JNI( 1611): getGpioDeviceStatus
01-10 23:18:29.589 D/TvManager_JNI( 1611): getGpioDeviceStatus
01-10 23:18:29.589 D/TvManager_JNI( 1611): getGpioDeviceStatus
01-10 23:18:29.589 D/TvManager_JNI( 1611): ReadCmdFromTVOS
01-10 23:18:29.589 D/TvManager_JNI( 1611): ReadCmdFromTVOS
01-10 23:18:30.829 I/tvos    ( 1093): ruandelu_003;ret=1
01-10 23:18:30.829 I/tvos    ( 1093): AA;55;22;00;00;01;10;02;00;00;81;FF;00;00;54;20;00;00;00;00;00;C2;0C;41;00;00;00;00;ruandelu_003;ret=1
01-10 23:18:30.829 I/tvos    ( 1093): 00;00;00;00;00;00;00;00;38;03;55;AA;;./src/MSrv_UartDebug.cpp;setEnvFrMcu;1083;0;0
01-10 23:18:30.839 I/tvos    ( 1093): ;./src/MSrv_UartDebug.cpp;setEnvFrMcu;1085;bootloader=0
01-10 23:18:32.589 D/TvManager_JNI( 1611): ReadCmdFromTVOS
01-10 23:18:32.589 D/TvManager_JNI( 1611): getGpioDeviceStatus
01-10 23:18:32.599 D/TvManager_JNI( 1611): getGpioDeviceStatus
01-10 23:18:32.599 D/TvManager_JNI( 1611): getGpioDeviceStatus
01-10 23:18:32.599 D/TvManager_JNI( 1611): ReadCmdFromTVOS
01-10 23:18:32.599 D/TvManager_JNI( 1611): ReadCmdFromTVOS
01-10 23:18:32.849 I/tvos    ( 1093): ruandelu_003;ret=1
01-10 23:18:32.849 I/tvos    ( 1093): AA;55;22;00;00;01;11;02;31;2E;36;2E;35;5F;62;64;34;34;33;31;30;00;31;31;32;32;33;33;ruandelu_003;ret=1
01-10 23:18:32.849 I/tvos    ( 1093): 34;34;35;35;36;36;00;00;B9;05;55;AA;ruandelu;./src/MSrv_UartDebug.cpp;set_mcu_ver_by_mcu;1011;1.6.5_bd44310;;;;
01-10 23:18:32.859 I/tvos    ( 1093):  ./src/MSrv_UartDebug.cpp:set_mcu_ver_by_mcu:1013;1.6.5_bd44310
01-10 23:18:32.859 I/tvos    ( 1093): ruandelu;./src/MSrv_UartDebug.cpp;set_mcu_ver_by_mcu;1022;1.6.5_bd44310;;;;
01-10 23:18:33.519 I/tvos    ( 1093): [37m[INFO] Change to Voltage: 1270 mV (0x2B)[m
01-10 23:18:33.519 I/tvos    ( 1093): [37m[INFO] Change to Voltage: 1270 mV (0x2E)[m
01-10 23:18:33.519 I/tvos    ( 1093): [37m[INFO] Change to Voltage: 1270 mV (0x31)[m
01-10 23:18:33.519 I/tvos    ( 1093): [37m[INFO] Change to Voltage: 1270 mV (0x34)[m
01-10 23:18:33.529 I/tvos    ( 1093): [37m[INFO] Change to Voltage: 1270 mV (0x37)[m
01-10 23:18:33.529 I/tvos    ( 1093): [37m[INFO] Change to Voltage: 1270 mV (0x3A)[m
01-10 23:18:33.539 I/tvos    ( 1093): [37m[INFO] Change to Voltage: 1270 mV (0x3C)[m
01-10 23:18:33.579 W/SocketClient( 1083): write error (Broken pipe)
01-10 23:18:33.599 I/tvos    ( 1093): [37m[ERROR] Software I2C Write Failed[m
01-10 23:18:34.869 I/tvos    ( 1093): ruandelu_003;ret=1
01-10 23:18:34.869 I/tvos    ( 1093): AA;55;22;00;00;01;10;02;00;00;81;FF;00;00;54;20;00;00;00;00;00;C2;0C;41;00;00;00;00;ruandelu_003;ret=1
01-10 23:18:34.869 I/tvos    ( 1093): 00;00;00;00;00;00;00;00;38;03;55;AA;;./src/MSrv_UartDebug.cpp;setEnvFrMcu;1083;0;0
01-10 23:18:34.869 I/tvos    ( 1093): ;./src/MSrv_UartDebug.cpp;setEnvFrMcu;1085;bootloader=0
01-10 23:18:35.249 D/AndroidRuntime( 3098): 
01-10 23:18:35.249 D/AndroidRuntime( 3098): >>>>>> AndroidRuntime START com.android.internal.os.RuntimeInit <<<<<<
01-10 23:18:35.249 D/AndroidRuntime( 3098): CheckJNI is OFF
01-10 23:18:35.279 D/dalvikvm( 3098): Trying to load lib libjavacore.so 0x0
01-10 23:18:35.289 D/dalvikvm( 3098): Added shared lib libjavacore.so 0x0
01-10 23:18:35.299 D/dalvikvm( 3098): Trying to load lib libnativehelper.so 0x0
01-10 23:18:35.299 D/dalvikvm( 3098): Added shared lib libnativehelper.so 0x0
01-10 23:18:35.299 D/dalvikvm( 3098): No JNI_OnLoad found in libnativehelper.so 0x0, skipping init
01-10 23:18:35.359 D/dalvikvm( 3098): Note: class Landroid/app/ActivityManagerNative; has 179 unimplemented (abstract) methods
01-10 23:18:35.599 D/TvManager_JNI( 1611): ReadCmdFromTVOS
01-10 23:18:35.609 D/TvManager_JNI( 1611): getGpioDeviceStatus
01-10 23:18:35.609 D/TvManager_JNI( 1611): getGpioDeviceStatus
01-10 23:18:35.609 D/TvManager_JNI( 1611): getGpioDeviceStatus
01-10 23:18:35.609 D/TvManager_JNI( 1611): ReadCmdFromTVOS
01-10 23:18:35.609 D/TvManager_JNI( 1611): ReadCmdFromTVOS
01-10 23:18:35.609 E/memtrack( 3098): Couldn't load memtrack module (No such file or directory)
01-10 23:18:35.619 E/android.os.Debug( 3098): failed to load memtrack module: -2
01-10 23:18:35.749 D/AndroidRuntime( 3098): Calling main entry com.android.commands.pm.Pm
01-10 23:18:35.789 W/ActivityManager( 1519): No content provider found for permission revoke: file:///data/local/tmp/HSource2017.apk
01-10 23:18:35.849 W/ActivityManager( 1519): No content provider found for permission revoke: file:///data/local/tmp/HSource2017.apk
01-10 23:18:35.849 I/PackageManager( 1519): Copying native libraries to /data/app-lib/vmdl1308984336
01-10 23:18:36.539 W/PackageManager( 1519): New package has a different signature: com.hht.source
01-10 23:18:36.629 D/dalvikvm( 1519): GC_EXPLICIT freed 1347K, 27% free 8748K/11956K, paused 4ms+9ms, total 72ms
01-10 23:18:36.659 D/AndroidRuntime( 3098): Shutting down VM
01-10 23:18:36.659 D/dalvikvm( 3098): GC_CONCURRENT freed 127K, 19% free 593K/724K, paused 1ms+1ms, total 4ms
01-10 23:18:36.669 D/dalvikvm( 3098): Compiler shutdown in progress - discarding request
01-10 23:18:36.669 D/dalvikvm( 3098): Compiler shutdown in progress - discarding request
01-10 23:18:36.669 D/dalvikvm( 3098): Compiler shutdown in progress - discarding request
01-10 23:18:36.669 D/dalvikvm( 3098): Compiler shutdown in progress - discarding request
01-10 23:18:36.889 I/tvos    ( 1093): ruandelu_003;ret=1
01-10 23:18:36.889 I/tvos    ( 1093): AA;55;22;00;00;01;10;02;00;00;81;FF;00;00;54;20;00;00;00;00;00;C2;0C;41;00;00;00;00;ruandelu_003;ret=1
01-10 23:18:36.889 I/tvos    ( 1093): 00;00;00;00;00;00;00;00;38;03;55;AA;;./src/MSrv_UartDebug.cpp;setEnvFrMcu;1083;0;0
01-10 23:18:36.889 I/tvos    ( 1093): ;./src/MSrv_UartDebug.cpp;setEnvFrMcu;1085;bootloader=0
01-10 23:18:38.519 I/tvos    ( 1093): [37m[INFO] No Need to Change CPU Power[m
01-10 23:18:38.529 I/tvos    ( 1093): [37m[ERROR] Software I2C Write Failed[m
01-10 23:18:38.609 D/TvManager_JNI( 1611): ReadCmdFromTVOS
01-10 23:18:38.609 D/TvManager_JNI( 1611): getGpioDeviceStatus
01-10 23:18:38.619 D/TvManager_JNI( 1611): getGpioDeviceStatus
01-10 23:18:38.619 D/TvManager_JNI( 1611): getGpioDeviceStatus
01-10 23:18:38.619 D/TvManager_JNI( 1611): ReadCmdFromTVOS
01-10 23:18:38.619 D/TvManager_JNI( 1611): ReadCmdFromTVOS
01-10 23:18:38.719 D/AndroidRuntime( 3108): 
01-10 23:18:38.719 D/AndroidRuntime( 3108): >>>>>> AndroidRuntime START com.android.internal.os.RuntimeInit <<<<<<
01-10 23:18:38.719 D/AndroidRuntime( 3108): CheckJNI is OFF
01-10 23:18:38.749 D/dalvikvm( 3108): Trying to load lib libjavacore.so 0x0
01-10 23:18:38.759 D/dalvikvm( 3108): Added shared lib libjavacore.so 0x0
01-10 23:18:38.769 D/dalvikvm( 3108): Trying to load lib libnativehelper.so 0x0
01-10 23:18:38.769 D/dalvikvm( 3108): Added shared lib libnativehelper.so 0x0
01-10 23:18:38.769 D/dalvikvm( 3108): No JNI_OnLoad found in libnativehelper.so 0x0, skipping init
01-10 23:18:38.819 D/dalvikvm( 3108): Note: class Landroid/app/ActivityManagerNative; has 179 unimplemented (abstract) methods
01-10 23:18:38.929 I/tvos    ( 1093): ruandelu_003;ret=1
01-10 23:18:38.929 I/tvos    ( 1093): AA;55;22;00;00;01;10;02;00;00;81;FF;00;00;54;20;00;00;00;00;00;C2;0C;41;00;00;00;00;ruandelu_003;ret=1
01-10 23:18:38.929 I/tvos    ( 1093): 00;00;00;00;00;00;00;00;38;03;55;AA;;./src/MSrv_UartDebug.cpp;setEnvFrMcu;1083;0;0
01-10 23:18:38.929 I/tvos    ( 1093): ;./src/MSrv_UartDebug.cpp;setEnvFrMcu;1085;bootloader=0
01-10 23:18:39.039 E/memtrack( 3108): Couldn't load memtrack module (No such file or directory)
01-10 23:18:39.039 E/android.os.Debug( 3108): failed to load memtrack module: -2
01-10 23:18:39.159 D/AndroidRuntime( 3108): Calling main entry com.android.commands.pm.Pm
01-10 23:18:39.169 W/PackageManager( 1519): Attempt to delete unknown system package com.hht.source
01-10 23:18:39.239 D/dalvikvm( 1519): GC_EXPLICIT freed 155K, 28% free 8635K/11956K, paused 4ms+7ms, total 65ms
01-10 23:18:39.239 D/AndroidRuntime( 3108): Shutting down VM
01-10 23:18:39.239 D/dalvikvm( 3108): GC_CONCURRENT freed 96K, 15% free 582K/684K, paused 0ms+1ms, total 5ms
01-10 23:18:39.519 I/tvos    ( 1093): [37m[INFO] Change to Voltage: 1100 mV (0x3C)[m
01-10 23:18:39.519 I/tvos    ( 1093): [37m[INFO] Change to Voltage: 1100 mV (0x39)[m
01-10 23:18:39.519 I/tvos    ( 1093): [37m[INFO] Change to Voltage: 1100 mV (0x36)[m
01-10 23:18:39.519 I/tvos    ( 1093): [37m[INFO] Change to Voltage: 1100 mV (0x33)[m
01-10 23:18:39.519 I/tvos    ( 1093): [37m[INFO] Change to Voltage: 1100 mV (0x30)[m
01-10 23:18:39.529 I/tvos    ( 1093): [37m[INFO] Change to Voltage: 1100 mV (0x2D)[m
01-10 23:18:39.529 I/tvos    ( 1093): [37m[INFO] Change to Voltage: 1100 mV (0x2B)[m
01-10 23:18:39.559 I/tvos    ( 1093): [37m[ERROR] Software I2C Write Failed[m
01-10 23:18:39.719 I/tvos    ( 1093): [37m[INFO] Change to Voltage: 1270 mV (0x2B)[m
01-10 23:18:39.719 I/tvos    ( 1093): [37m[INFO] Change to Voltage: 1270 mV (0x2E)[m
01-10 23:18:39.719 I/tvos    ( 1093): [37m[INFO] Change to Voltage: 1270 mV (0x31)[m
01-10 23:18:39.719 I/tvos    ( 1093): [37m[INFO] Change to Voltage: 1270 mV (0x34)[m
01-10 23:18:39.719 I/tvos    ( 1093): [37m[INFO] Change to Voltage: 1270 mV (0x37)[m
01-10 23:18:39.729 I/tvos    ( 1093): [37m[INFO] Change to Voltage: 1270 mV (0x3A)[m
01-10 23:18:39.729 I/tvos    ( 1093): [37m[INFO] Change to Voltage: 1270 mV (0x3C)[m
01-10 23:18:39.759 I/tvos    ( 1093): [37m[ERROR] Software I2C Write Failed[m
01-10 23:18:39.969 D/AndroidRuntime( 3120): 
01-10 23:18:39.969 D/AndroidRuntime( 3120): >>>>>> AndroidRuntime START com.android.internal.os.RuntimeInit <<<<<<
01-10 23:18:39.979 D/AndroidRuntime( 3120): CheckJNI is OFF
01-10 23:18:40.009 D/dalvikvm( 3120): Trying to load lib libjavacore.so 0x0
01-10 23:18:40.009 D/dalvikvm( 3120): Added shared lib libjavacore.so 0x0
01-10 23:18:40.019 D/dalvikvm( 3120): Trying to load lib libnativehelper.so 0x0
01-10 23:18:40.019 D/dalvikvm( 3120): Added shared lib libnativehelper.so 0x0
01-10 23:18:40.019 D/dalvikvm( 3120): No JNI_OnLoad found in libnativehelper.so 0x0, skipping init
01-10 23:18:40.079 D/dalvikvm( 3120): Note: class Landroid/app/ActivityManagerNative; has 179 unimplemented (abstract) methods
01-10 23:18:40.319 E/memtrack( 3120): Couldn't load memtrack module (No such file or directory)
01-10 23:18:40.319 E/android.os.Debug( 3120): failed to load memtrack module: -2
01-10 23:18:40.449 D/AndroidRuntime( 3120): Calling main entry com.android.commands.pm.Pm
01-10 23:18:40.469 W/ActivityManager( 1519): No content provider found for permission revoke: file:///data/local/tmp/HSource2017.apk
01-10 23:18:40.489 D/dalvikvm( 2328): GC_FOR_ALLOC freed 437K, 31% free 2966K/4248K, paused 14ms, total 14ms
01-10 23:18:40.559 W/ActivityManager( 1519): No content provider found for permission revoke: file:///data/local/tmp/HSource2017.apk
01-10 23:18:40.559 I/PackageManager( 1519): Copying native libraries to /data/app-lib/vmdl34758083
01-10 23:18:40.949 I/tvos    ( 1093): ruandelu_003;ret=1
01-10 23:18:40.949 I/tvos    ( 1093): AA;55;22;00;00;01;10;02;00;00;81;FF;00;00;54;20;00;00;00;00;00;C2;0C;41;00;00;00;00;ruandelu_003;ret=1
01-10 23:18:40.949 I/tvos    ( 1093): 00;00;00;00;00;00;00;00;38;03;55;AA;;./src/MSrv_UartDebug.cpp;setEnvFrMcu;1083;0;0
01-10 23:18:40.949 I/tvos    ( 1093): ;./src/MSrv_UartDebug.cpp;setEnvFrMcu;1085;bootloader=0
01-10 23:18:41.239 W/PackageManager( 1519): Attempt to re-install com.hht.source without first uninstalling.
01-10 23:18:41.329 D/dalvikvm( 1519): GC_EXPLICIT freed 555K, 28% free 8704K/11956K, paused 5ms+8ms, total 68ms
01-10 23:18:41.339 D/AndroidRuntime( 3120): Shutting down VM
01-10 23:18:41.349 D/dalvikvm( 3120): GC_CONCURRENT freed 127K, 19% free 592K/724K, paused 0ms+1ms, total 4ms
01-10 23:18:41.519 I/tvos    ( 1093): [37m[INFO] Change to Voltage: 1100 mV (0x3C)[m
01-10 23:18:41.519 I/tvos    ( 1093): [37m[INFO] Change to Voltage: 1100 mV (0x39)[m
01-10 23:18:41.519 I/tvos    ( 1093): [37m[INFO] Change to Voltage: 1100 mV (0x36)[m
01-10 23:18:41.519 I/tvos    ( 1093): [37m[INFO] Change to Voltage: 1100 mV (0x33)[m
01-10 23:18:41.519 I/tvos    ( 1093): [37m[INFO] Change to Voltage: 1100 mV (0x30)[m
01-10 23:18:41.529 I/tvos    ( 1093): [37m[INFO] Change to Voltage: 1100 mV (0x2D)[m
01-10 23:18:41.529 I/tvos    ( 1093): [37m[INFO] Change to Voltage: 1100 mV (0x2B)[m
01-10 23:18:41.539 I/tvos    ( 1093): [37m[ERROR] Software I2C Write Failed[m
01-10 23:18:41.619 D/TvManager_JNI( 1611): ReadCmdFromTVOS
01-10 23:18:41.619 D/TvManager_JNI( 1611): getGpioDeviceStatus
01-10 23:18:41.619 D/TvManager_JNI( 1611): getGpioDeviceStatus
01-10 23:18:41.619 D/TvManager_JNI( 1611): getGpioDeviceStatus
01-10 23:18:41.629 D/TvManager_JNI( 1611): ReadCmdFromTVOS
01-10 23:18:41.629 D/TvManager_JNI( 1611): ReadCmdFromTVOS
01-10 23:18:42.969 I/tvos    ( 1093): ruandelu_003;ret=1
01-10 23:18:42.969 I/tvos    ( 1093): AA;55;22;00;00;01;10;02;00;00;81;FF;00;00;54;20;00;00;00;00;00;C2;0C;41;00;00;00;00;ruandelu_003;ret=1
01-10 23:18:42.969 I/tvos    ( 1093): 00;00;00;00;00;00;00;00;38;03;55;AA;;./src/MSrv_UartDebug.cpp;setEnvFrMcu;1083;0;0
01-10 23:18:42.969 I/tvos    ( 1093): ;./src/MSrv_UartDebug.cpp;setEnvFrMcu;1085;bootloader=0
01-10 23:18:44.629 D/TvManager_JNI( 1611): ReadCmdFromTVOS
01-10 23:18:44.629 D/TvManager_JNI( 1611): getGpioDeviceStatus
01-10 23:18:44.629 D/TvManager_JNI( 1611): getGpioDeviceStatus
01-10 23:18:44.629 D/TvManager_JNI( 1611): getGpioDeviceStatus
01-10 23:18:44.639 D/TvManager_JNI( 1611): ReadCmdFromTVOS
01-10 23:18:44.639 D/TvManager_JNI( 1611): ReadCmdFromTVOS
01-10 23:18:44.989 I/tvos    ( 1093): ruandelu_003;ret=1
01-10 23:18:44.989 I/tvos    ( 1093): AA;55;22;00;00;01;10;02;00;00;81;FF;00;00;54;20;00;00;00;00;00;C2;0C;41;00;00;00;00;ruandelu_003;ret=1
01-10 23:18:44.999 I/tvos    ( 1093): 00;00;00;00;00;00;00;00;38;03;55;AA;;./src/MSrv_UartDebug.cpp;setEnvFrMcu;1083;0;0
01-10 23:18:44.999 I/tvos    ( 1093): ;./src/MSrv_UartDebug.cpp;setEnvFrMcu;1085;bootloader=0
01-10 23:18:47.029 I/tvos    ( 1093): ruandelu_003;ret=1
01-10 23:18:47.029 I/tvos    ( 1093): AA;55;22;00;00;01;10;02;00;00;81;FF;00;00;54;20;00;00;00;00;00;C2;0C;41;00;00;00;00;ruandelu_003;ret=1
01-10 23:18:47.029 I/tvos    ( 1093): 00;00;00;00;00;00;00;00;38;03;55;AA;;./src/MSrv_UartDebug.cpp;setEnvFrMcu;1083;0;0
01-10 23:18:47.029 I/tvos    ( 1093): ;./src/MSrv_UartDebug.cpp;setEnvFrMcu;1085;bootloader=0
01-10 23:18:47.639 D/TvManager_JNI( 1611): ReadCmdFromTVOS
01-10 23:18:47.639 D/TvManager_JNI( 1611): getGpioDeviceStatus
01-10 23:18:47.639 D/TvManager_JNI( 1611): getGpioDeviceStatus
01-10 23:18:47.639 D/TvManager_JNI( 1611): getGpioDeviceStatus
01-10 23:18:47.639 D/TvManager_JNI( 1611): ReadCmdFromTVOS
01-10 23:18:47.639 D/TvManager_JNI( 1611): ReadCmdFromTVOS
01-10 23:18:49.029 I/tvos    ( 1093): ruandelu_003;ret=1
01-10 23:18:49.029 I/tvos    ( 1093): AA;55;22;00;00;01;11;02;31;2E;36;2E;35;5F;62;64;34;34;33;31;30;00;31;31;32;32;33;33;ruandelu_003;ret=1
01-10 23:18:49.029 I/tvos    ( 1093): 34;34;35;35;36;36;00;00;B9;05;55;AA;ruandelu;./src/MSrv_UartDebug.cpp;set_mcu_ver_by_mcu;1011;1.6.5_bd44310;;;;
01-10 23:18:49.029 I/tvos    ( 1093):  ./src/MSrv_UartDebug.cpp:set_mcu_ver_by_mcu:1013;1.6.5_bd44310
01-10 23:18:49.029 I/tvos    ( 1093): ruandelu;./src/MSrv_UartDebug.cpp;set_mcu_ver_by_mcu;1022;1.6.5_bd44310;;;;
01-10 23:18:50.649 D/TvManager_JNI( 1611): ReadCmdFromTVOS
01-10 23:18:50.649 D/TvManager_JNI( 1611): getGpioDeviceStatus
01-10 23:18:50.649 D/TvManager_JNI( 1611): getGpioDeviceStatus
01-10 23:18:50.649 D/TvManager_JNI( 1611): getGpioDeviceStatus
01-10 23:18:50.649 D/TvManager_JNI( 1611): ReadCmdFromTVOS
01-10 23:18:50.649 D/TvManager_JNI( 1611): ReadCmdFromTVOS
01-10 23:18:51.049 I/tvos    ( 1093): ruandelu_003;ret=1
01-10 23:18:51.049 I/tvos    ( 1093): AA;55;22;00;00;01;10;02;00;00;81;FF;00;00;54;20;00;00;00;00;00;C2;0C;41;00;00;00;00;ruandelu_003;ret=1
01-10 23:18:51.049 I/tvos    ( 1093): 00;00;00;00;00;00;00;00;38;03;55;AA;;./src/MSrv_UartDebug.cpp;setEnvFrMcu;1083;0;0
01-10 23:18:51.059 I/tvos    ( 1093): ;./src/MSrv_UartDebug.cpp;setEnvFrMcu;1085;bootloader=0
01-10 23:18:53.089 I/tvos    ( 1093): ruandelu_003;ret=1
01-10 23:18:53.089 I/tvos    ( 1093): AA;55;22;00;00;01;10;02;00;00;81;FF;00;00;54;20;00;00;00;00;00;C2;0C;41;00;00;00;00;ruandelu_003;ret=1
01-10 23:18:53.089 I/tvos    ( 1093): 00;00;00;00;00;00;00;00;38;03;55;AA;;./src/MSrv_UartDebug.cpp;setEnvFrMcu;1083;0;0
01-10 23:18:53.089 I/tvos    ( 1093): ;./src/MSrv_UartDebug.cpp;setEnvFrMcu;1085;bootloader=0
01-10 23:18:53.659 D/TvManager_JNI( 1611): ReadCmdFromTVOS
01-10 23:18:53.659 D/TvManager_JNI( 1611): getGpioDeviceStatus
01-10 23:18:53.659 D/TvManager_JNI( 1611): getGpioDeviceStatus
01-10 23:18:53.659 D/TvManager_JNI( 1611): getGpioDeviceStatus
01-10 23:18:53.659 D/TvManager_JNI( 1611): ReadCmdFromTVOS
